ARM GAS  C:\Users\11401393\AppData\Local\Temp\ccEh8q8b.s 			page 1


   1              		.cpu cortex-m0
   2              		.fpu softvfp
   3              		.eabi_attribute 20, 1
   4              		.eabi_attribute 21, 1
   5              		.eabi_attribute 23, 3
   6              		.eabi_attribute 24, 1
   7              		.eabi_attribute 25, 1
   8              		.eabi_attribute 26, 1
   9              		.eabi_attribute 30, 6
  10              		.eabi_attribute 34, 0
  11              		.eabi_attribute 18, 4
  12              		.code	16
  13              		.file	"cyfitter_cfg.c"
  14              		.text
  15              	.Ltext0:
  16              		.cfi_sections	.debug_frame
  17              		.section	.text.CYMEMZERO,"ax",%progbits
  18              		.align	2
  19              		.code	16
  20              		.thumb_func
  21              		.type	CYMEMZERO, %function
  22              	CYMEMZERO:
  23              	.LFB0:
  24              		.file 1 ".\\Generated_Source\\PSoC4\\cyfitter_cfg.c"
   1:.\Generated_Source\PSoC4/cyfitter_cfg.c **** /*******************************************************************************
   2:.\Generated_Source\PSoC4/cyfitter_cfg.c **** * FILENAME: cyfitter_cfg.c
   3:.\Generated_Source\PSoC4/cyfitter_cfg.c **** * 
   4:.\Generated_Source\PSoC4/cyfitter_cfg.c **** * PSoC Creator  3.2
   5:.\Generated_Source\PSoC4/cyfitter_cfg.c **** *
   6:.\Generated_Source\PSoC4/cyfitter_cfg.c **** * DESCRIPTION:
   7:.\Generated_Source\PSoC4/cyfitter_cfg.c **** * This file contains device initialization code.
   8:.\Generated_Source\PSoC4/cyfitter_cfg.c **** * Except for the user defined sections in CyClockStartupError(), this file should not be modified.
   9:.\Generated_Source\PSoC4/cyfitter_cfg.c **** * This file is automatically generated by PSoC Creator.
  10:.\Generated_Source\PSoC4/cyfitter_cfg.c **** *
  11:.\Generated_Source\PSoC4/cyfitter_cfg.c **** ********************************************************************************
  12:.\Generated_Source\PSoC4/cyfitter_cfg.c **** * Copyright (c) 2007-2015 Cypress Semiconductor.  All rights reserved.
  13:.\Generated_Source\PSoC4/cyfitter_cfg.c **** * You may use this file only in accordance with the license, terms, conditions, 
  14:.\Generated_Source\PSoC4/cyfitter_cfg.c **** * disclaimers, and limitations in the end user license agreement accompanying 
  15:.\Generated_Source\PSoC4/cyfitter_cfg.c **** * the software package with which this file was provided.
  16:.\Generated_Source\PSoC4/cyfitter_cfg.c **** ********************************************************************************/
  17:.\Generated_Source\PSoC4/cyfitter_cfg.c **** 
  18:.\Generated_Source\PSoC4/cyfitter_cfg.c **** #include <string.h>
  19:.\Generated_Source\PSoC4/cyfitter_cfg.c **** #include "cytypes.h"
  20:.\Generated_Source\PSoC4/cyfitter_cfg.c **** #include "cydevice_trm.h"
  21:.\Generated_Source\PSoC4/cyfitter_cfg.c **** #include "cyfitter.h"
  22:.\Generated_Source\PSoC4/cyfitter_cfg.c **** #include "CyLib.h"
  23:.\Generated_Source\PSoC4/cyfitter_cfg.c **** #include "cyfitter_cfg.h"
  24:.\Generated_Source\PSoC4/cyfitter_cfg.c **** 
  25:.\Generated_Source\PSoC4/cyfitter_cfg.c **** 
  26:.\Generated_Source\PSoC4/cyfitter_cfg.c **** #if defined(__GNUC__) || defined(__ARMCC_VERSION)
  27:.\Generated_Source\PSoC4/cyfitter_cfg.c ****     #define CYPACKED 
  28:.\Generated_Source\PSoC4/cyfitter_cfg.c ****     #define CYPACKED_ATTR __attribute__ ((packed))
  29:.\Generated_Source\PSoC4/cyfitter_cfg.c ****     #define CYALIGNED __attribute__ ((aligned))
  30:.\Generated_Source\PSoC4/cyfitter_cfg.c ****     #define CY_CFG_UNUSED __attribute__ ((unused))
  31:.\Generated_Source\PSoC4/cyfitter_cfg.c ****     #define CY_CFG_SECTION __attribute__ ((section(".psocinit")))
  32:.\Generated_Source\PSoC4/cyfitter_cfg.c ****     
  33:.\Generated_Source\PSoC4/cyfitter_cfg.c ****     #if defined(__ARMCC_VERSION)
ARM GAS  C:\Users\11401393\AppData\Local\Temp\ccEh8q8b.s 			page 2


  34:.\Generated_Source\PSoC4/cyfitter_cfg.c ****         #define CY_CFG_MEMORY_BARRIER() __memory_changed()
  35:.\Generated_Source\PSoC4/cyfitter_cfg.c ****     #else
  36:.\Generated_Source\PSoC4/cyfitter_cfg.c ****         #define CY_CFG_MEMORY_BARRIER() __sync_synchronize()
  37:.\Generated_Source\PSoC4/cyfitter_cfg.c ****     #endif
  38:.\Generated_Source\PSoC4/cyfitter_cfg.c ****     
  39:.\Generated_Source\PSoC4/cyfitter_cfg.c **** #elif defined(__ICCARM__)
  40:.\Generated_Source\PSoC4/cyfitter_cfg.c ****     #include <intrinsics.h>
  41:.\Generated_Source\PSoC4/cyfitter_cfg.c **** 
  42:.\Generated_Source\PSoC4/cyfitter_cfg.c ****     #define CYPACKED __packed
  43:.\Generated_Source\PSoC4/cyfitter_cfg.c ****     #define CYPACKED_ATTR 
  44:.\Generated_Source\PSoC4/cyfitter_cfg.c ****     #define CYALIGNED _Pragma("data_alignment=4")
  45:.\Generated_Source\PSoC4/cyfitter_cfg.c ****     #define CY_CFG_UNUSED _Pragma("diag_suppress=Pe177")
  46:.\Generated_Source\PSoC4/cyfitter_cfg.c ****     #define CY_CFG_SECTION _Pragma("location=\".psocinit\"")
  47:.\Generated_Source\PSoC4/cyfitter_cfg.c ****     
  48:.\Generated_Source\PSoC4/cyfitter_cfg.c ****     #define CY_CFG_MEMORY_BARRIER() __DMB()
  49:.\Generated_Source\PSoC4/cyfitter_cfg.c ****     
  50:.\Generated_Source\PSoC4/cyfitter_cfg.c **** #else
  51:.\Generated_Source\PSoC4/cyfitter_cfg.c ****     #error Unsupported toolchain
  52:.\Generated_Source\PSoC4/cyfitter_cfg.c **** #endif
  53:.\Generated_Source\PSoC4/cyfitter_cfg.c **** 
  54:.\Generated_Source\PSoC4/cyfitter_cfg.c **** 
  55:.\Generated_Source\PSoC4/cyfitter_cfg.c **** CY_CFG_UNUSED
  56:.\Generated_Source\PSoC4/cyfitter_cfg.c **** static void CYMEMZERO(void *s, size_t n);
  57:.\Generated_Source\PSoC4/cyfitter_cfg.c **** CY_CFG_UNUSED
  58:.\Generated_Source\PSoC4/cyfitter_cfg.c **** static void CYMEMZERO(void *s, size_t n)
  59:.\Generated_Source\PSoC4/cyfitter_cfg.c **** {
  25              		.loc 1 59 0
  26              		.cfi_startproc
  27 0000 80B5     		push	{r7, lr}
  28              		.cfi_def_cfa_offset 8
  29              		.cfi_offset 7, -8
  30              		.cfi_offset 14, -4
  31 0002 82B0     		sub	sp, sp, #8
  32              		.cfi_def_cfa_offset 16
  33 0004 00AF     		add	r7, sp, #0
  34              		.cfi_def_cfa_register 7
  35 0006 7860     		str	r0, [r7, #4]
  36 0008 3960     		str	r1, [r7]
  60:.\Generated_Source\PSoC4/cyfitter_cfg.c **** 	(void)memset(s, 0, n);
  37              		.loc 1 60 0
  38 000a 7A68     		ldr	r2, [r7, #4]
  39 000c 3B68     		ldr	r3, [r7]
  40 000e 101C     		mov	r0, r2
  41 0010 0021     		mov	r1, #0
  42 0012 1A1C     		mov	r2, r3
  43 0014 FFF7FEFF 		bl	memset
  61:.\Generated_Source\PSoC4/cyfitter_cfg.c **** }
  44              		.loc 1 61 0
  45 0018 BD46     		mov	sp, r7
  46 001a 02B0     		add	sp, sp, #8
  47              		@ sp needed
  48 001c 80BD     		pop	{r7, pc}
  49              		.cfi_endproc
  50              	.LFE0:
  51              		.size	CYMEMZERO, .-CYMEMZERO
  52 001e C046     		.section	.text.CYCONFIGCPY,"ax",%progbits
  53              		.align	2
ARM GAS  C:\Users\11401393\AppData\Local\Temp\ccEh8q8b.s 			page 3


  54              		.code	16
  55              		.thumb_func
  56              		.type	CYCONFIGCPY, %function
  57              	CYCONFIGCPY:
  58              	.LFB1:
  62:.\Generated_Source\PSoC4/cyfitter_cfg.c **** CY_CFG_UNUSED
  63:.\Generated_Source\PSoC4/cyfitter_cfg.c **** static void CYCONFIGCPY(void *dest, const void *src, size_t n);
  64:.\Generated_Source\PSoC4/cyfitter_cfg.c **** CY_CFG_UNUSED
  65:.\Generated_Source\PSoC4/cyfitter_cfg.c **** static void CYCONFIGCPY(void *dest, const void *src, size_t n)
  66:.\Generated_Source\PSoC4/cyfitter_cfg.c **** {
  59              		.loc 1 66 0
  60              		.cfi_startproc
  61 0000 80B5     		push	{r7, lr}
  62              		.cfi_def_cfa_offset 8
  63              		.cfi_offset 7, -8
  64              		.cfi_offset 14, -4
  65 0002 84B0     		sub	sp, sp, #16
  66              		.cfi_def_cfa_offset 24
  67 0004 00AF     		add	r7, sp, #0
  68              		.cfi_def_cfa_register 7
  69 0006 F860     		str	r0, [r7, #12]
  70 0008 B960     		str	r1, [r7, #8]
  71 000a 7A60     		str	r2, [r7, #4]
  67:.\Generated_Source\PSoC4/cyfitter_cfg.c **** 	(void)memcpy(dest, src, n);
  72              		.loc 1 67 0
  73 000c F968     		ldr	r1, [r7, #12]
  74 000e BA68     		ldr	r2, [r7, #8]
  75 0010 7B68     		ldr	r3, [r7, #4]
  76 0012 081C     		mov	r0, r1
  77 0014 111C     		mov	r1, r2
  78 0016 1A1C     		mov	r2, r3
  79 0018 FFF7FEFF 		bl	memcpy
  68:.\Generated_Source\PSoC4/cyfitter_cfg.c **** }
  80              		.loc 1 68 0
  81 001c BD46     		mov	sp, r7
  82 001e 04B0     		add	sp, sp, #16
  83              		@ sp needed
  84 0020 80BD     		pop	{r7, pc}
  85              		.cfi_endproc
  86              	.LFE1:
  87              		.size	CYCONFIGCPY, .-CYCONFIGCPY
  88 0022 C046     		.section	.text.CYCONFIGCPYCODE,"ax",%progbits
  89              		.align	2
  90              		.code	16
  91              		.thumb_func
  92              		.type	CYCONFIGCPYCODE, %function
  93              	CYCONFIGCPYCODE:
  94              	.LFB2:
  69:.\Generated_Source\PSoC4/cyfitter_cfg.c **** CY_CFG_UNUSED
  70:.\Generated_Source\PSoC4/cyfitter_cfg.c **** static void CYCONFIGCPYCODE(void *dest, const void *src, size_t n);
  71:.\Generated_Source\PSoC4/cyfitter_cfg.c **** CY_CFG_UNUSED
  72:.\Generated_Source\PSoC4/cyfitter_cfg.c **** static void CYCONFIGCPYCODE(void *dest, const void *src, size_t n)
  73:.\Generated_Source\PSoC4/cyfitter_cfg.c **** {
  95              		.loc 1 73 0
  96              		.cfi_startproc
  97 0000 80B5     		push	{r7, lr}
  98              		.cfi_def_cfa_offset 8
ARM GAS  C:\Users\11401393\AppData\Local\Temp\ccEh8q8b.s 			page 4


  99              		.cfi_offset 7, -8
 100              		.cfi_offset 14, -4
 101 0002 84B0     		sub	sp, sp, #16
 102              		.cfi_def_cfa_offset 24
 103 0004 00AF     		add	r7, sp, #0
 104              		.cfi_def_cfa_register 7
 105 0006 F860     		str	r0, [r7, #12]
 106 0008 B960     		str	r1, [r7, #8]
 107 000a 7A60     		str	r2, [r7, #4]
  74:.\Generated_Source\PSoC4/cyfitter_cfg.c **** 	(void)memcpy(dest, src, n);
 108              		.loc 1 74 0
 109 000c F968     		ldr	r1, [r7, #12]
 110 000e BA68     		ldr	r2, [r7, #8]
 111 0010 7B68     		ldr	r3, [r7, #4]
 112 0012 081C     		mov	r0, r1
 113 0014 111C     		mov	r1, r2
 114 0016 1A1C     		mov	r2, r3
 115 0018 FFF7FEFF 		bl	memcpy
  75:.\Generated_Source\PSoC4/cyfitter_cfg.c **** }
 116              		.loc 1 75 0
 117 001c BD46     		mov	sp, r7
 118 001e 04B0     		add	sp, sp, #16
 119              		@ sp needed
 120 0020 80BD     		pop	{r7, pc}
 121              		.cfi_endproc
 122              	.LFE2:
 123              		.size	CYCONFIGCPYCODE, .-CYCONFIGCPYCODE
 124 0022 C046     		.section	.psocinit,"ax",%progbits
 125              		.align	2
 126              		.code	16
 127              		.thumb_func
 128              		.type	ClockSetup, %function
 129              	ClockSetup:
 130              	.LFB3:
  76:.\Generated_Source\PSoC4/cyfitter_cfg.c **** 
  77:.\Generated_Source\PSoC4/cyfitter_cfg.c **** 
  78:.\Generated_Source\PSoC4/cyfitter_cfg.c **** 
  79:.\Generated_Source\PSoC4/cyfitter_cfg.c **** /* Clock startup error codes                                                   */
  80:.\Generated_Source\PSoC4/cyfitter_cfg.c **** #define CYCLOCKSTART_NO_ERROR    0u
  81:.\Generated_Source\PSoC4/cyfitter_cfg.c **** #define CYCLOCKSTART_XTAL_ERROR  1u
  82:.\Generated_Source\PSoC4/cyfitter_cfg.c **** #define CYCLOCKSTART_32KHZ_ERROR 2u
  83:.\Generated_Source\PSoC4/cyfitter_cfg.c **** #define CYCLOCKSTART_PLL_ERROR   3u
  84:.\Generated_Source\PSoC4/cyfitter_cfg.c **** 
  85:.\Generated_Source\PSoC4/cyfitter_cfg.c **** #ifdef CY_NEED_CYCLOCKSTARTUPERROR
  86:.\Generated_Source\PSoC4/cyfitter_cfg.c **** /*******************************************************************************
  87:.\Generated_Source\PSoC4/cyfitter_cfg.c **** * Function Name: CyClockStartupError
  88:.\Generated_Source\PSoC4/cyfitter_cfg.c **** ********************************************************************************
  89:.\Generated_Source\PSoC4/cyfitter_cfg.c **** * Summary:
  90:.\Generated_Source\PSoC4/cyfitter_cfg.c **** *  If an error is encountered during clock configuration (crystal startup error,
  91:.\Generated_Source\PSoC4/cyfitter_cfg.c **** *  PLL lock error, etc.), the system will end up here.  Unless reimplemented by
  92:.\Generated_Source\PSoC4/cyfitter_cfg.c **** *  the customer, this function will stop in an infinite loop.
  93:.\Generated_Source\PSoC4/cyfitter_cfg.c **** *
  94:.\Generated_Source\PSoC4/cyfitter_cfg.c **** * Parameters:
  95:.\Generated_Source\PSoC4/cyfitter_cfg.c **** *   void
  96:.\Generated_Source\PSoC4/cyfitter_cfg.c **** *
  97:.\Generated_Source\PSoC4/cyfitter_cfg.c **** * Return:
  98:.\Generated_Source\PSoC4/cyfitter_cfg.c **** *   void
ARM GAS  C:\Users\11401393\AppData\Local\Temp\ccEh8q8b.s 			page 5


  99:.\Generated_Source\PSoC4/cyfitter_cfg.c **** *
 100:.\Generated_Source\PSoC4/cyfitter_cfg.c **** *******************************************************************************/
 101:.\Generated_Source\PSoC4/cyfitter_cfg.c **** CY_CFG_UNUSED
 102:.\Generated_Source\PSoC4/cyfitter_cfg.c **** static void CyClockStartupError(uint8 errorCode);
 103:.\Generated_Source\PSoC4/cyfitter_cfg.c **** CY_CFG_UNUSED
 104:.\Generated_Source\PSoC4/cyfitter_cfg.c **** static void CyClockStartupError(uint8 errorCode)
 105:.\Generated_Source\PSoC4/cyfitter_cfg.c **** {
 106:.\Generated_Source\PSoC4/cyfitter_cfg.c ****     /* To remove the compiler warning if errorCode not used.                */
 107:.\Generated_Source\PSoC4/cyfitter_cfg.c ****     errorCode = errorCode;
 108:.\Generated_Source\PSoC4/cyfitter_cfg.c **** 
 109:.\Generated_Source\PSoC4/cyfitter_cfg.c ****     /* `#START CyClockStartupError` */
 110:.\Generated_Source\PSoC4/cyfitter_cfg.c **** 
 111:.\Generated_Source\PSoC4/cyfitter_cfg.c ****     /* If we have a clock startup error (bad MHz crystal, PLL lock, etc.),  */
 112:.\Generated_Source\PSoC4/cyfitter_cfg.c ****     /* we will end up here to allow the customer to implement something to  */
 113:.\Generated_Source\PSoC4/cyfitter_cfg.c ****     /* deal with the clock condition.                                       */
 114:.\Generated_Source\PSoC4/cyfitter_cfg.c **** 
 115:.\Generated_Source\PSoC4/cyfitter_cfg.c ****     /* `#END` */
 116:.\Generated_Source\PSoC4/cyfitter_cfg.c **** 
 117:.\Generated_Source\PSoC4/cyfitter_cfg.c ****     /* If nothing else, stop here since the clocks have not started         */
 118:.\Generated_Source\PSoC4/cyfitter_cfg.c ****     /* correctly.                                                           */
 119:.\Generated_Source\PSoC4/cyfitter_cfg.c ****     while(1) {}
 120:.\Generated_Source\PSoC4/cyfitter_cfg.c **** }
 121:.\Generated_Source\PSoC4/cyfitter_cfg.c **** #endif
 122:.\Generated_Source\PSoC4/cyfitter_cfg.c **** 
 123:.\Generated_Source\PSoC4/cyfitter_cfg.c **** 
 124:.\Generated_Source\PSoC4/cyfitter_cfg.c **** 
 125:.\Generated_Source\PSoC4/cyfitter_cfg.c **** /*******************************************************************************
 126:.\Generated_Source\PSoC4/cyfitter_cfg.c **** * Function Name: ClockSetup
 127:.\Generated_Source\PSoC4/cyfitter_cfg.c **** ********************************************************************************
 128:.\Generated_Source\PSoC4/cyfitter_cfg.c **** *
 129:.\Generated_Source\PSoC4/cyfitter_cfg.c **** * Summary:
 130:.\Generated_Source\PSoC4/cyfitter_cfg.c **** *   Performs the initialization of all of the clocks in the device based on the
 131:.\Generated_Source\PSoC4/cyfitter_cfg.c **** *   settings in the Clock tab of the DWR.  This includes enabling the requested
 132:.\Generated_Source\PSoC4/cyfitter_cfg.c **** *   clocks and setting the necessary dividers to produce the desired frequency. 
 133:.\Generated_Source\PSoC4/cyfitter_cfg.c **** *
 134:.\Generated_Source\PSoC4/cyfitter_cfg.c **** * Parameters:
 135:.\Generated_Source\PSoC4/cyfitter_cfg.c **** *   void
 136:.\Generated_Source\PSoC4/cyfitter_cfg.c **** *
 137:.\Generated_Source\PSoC4/cyfitter_cfg.c **** * Return:
 138:.\Generated_Source\PSoC4/cyfitter_cfg.c **** *   void
 139:.\Generated_Source\PSoC4/cyfitter_cfg.c **** *
 140:.\Generated_Source\PSoC4/cyfitter_cfg.c **** *******************************************************************************/
 141:.\Generated_Source\PSoC4/cyfitter_cfg.c **** static void ClockSetup(void);
 142:.\Generated_Source\PSoC4/cyfitter_cfg.c **** CY_CFG_SECTION
 143:.\Generated_Source\PSoC4/cyfitter_cfg.c **** static void ClockSetup(void)
 144:.\Generated_Source\PSoC4/cyfitter_cfg.c **** {
 131              		.loc 1 144 0
 132              		.cfi_startproc
 133 0000 80B5     		push	{r7, lr}
 134              		.cfi_def_cfa_offset 8
 135              		.cfi_offset 7, -8
 136              		.cfi_offset 14, -4
 137 0002 00AF     		add	r7, sp, #0
 138              		.cfi_def_cfa_register 7
 145:.\Generated_Source\PSoC4/cyfitter_cfg.c **** 	/* Enable HALF_EN before trimming for the flash accelerator. */
 146:.\Generated_Source\PSoC4/cyfitter_cfg.c **** 	CY_SET_REG32((void CYXDATA *)(CYREG_CLK_SELECT), (CY_GET_REG32((void *)CYREG_CLK_SELECT) | 0x00040
 139              		.loc 1 146 0
ARM GAS  C:\Users\11401393\AppData\Local\Temp\ccEh8q8b.s 			page 6


 140 0004 104B     		ldr	r3, .L5
 141 0006 104A     		ldr	r2, .L5
 142 0008 1268     		ldr	r2, [r2]
 143 000a 8021     		mov	r1, #128
 144 000c C902     		lsl	r1, r1, #11
 145 000e 0A43     		orr	r2, r1
 146 0010 1A60     		str	r2, [r3]
 147:.\Generated_Source\PSoC4/cyfitter_cfg.c **** 
 148:.\Generated_Source\PSoC4/cyfitter_cfg.c **** 	/* Setup and trim IMO based on desired frequency. */
 149:.\Generated_Source\PSoC4/cyfitter_cfg.c **** 	CySysClkWriteImoFreq(24u);
 147              		.loc 1 149 0
 148 0012 1820     		mov	r0, #24
 149 0014 FFF7FEFF 		bl	CySysClkWriteImoFreq
 150:.\Generated_Source\PSoC4/cyfitter_cfg.c **** 
 151:.\Generated_Source\PSoC4/cyfitter_cfg.c **** 	/* Disable HALF_EN since it is not required at this IMO frequency. */
 152:.\Generated_Source\PSoC4/cyfitter_cfg.c **** 	CY_SET_REG32((void CYXDATA *)(CYREG_CLK_SELECT), (CY_GET_REG32((void *)CYREG_CLK_SELECT) & 0xFFFBF
 150              		.loc 1 152 0
 151 0018 0B4B     		ldr	r3, .L5
 152 001a 0B4A     		ldr	r2, .L5
 153 001c 1168     		ldr	r1, [r2]
 154 001e 0B4A     		ldr	r2, .L5+4
 155 0020 0A40     		and	r2, r1
 156 0022 1A60     		str	r2, [r3]
 153:.\Generated_Source\PSoC4/cyfitter_cfg.c **** 	/* CYDEV_CLK_ILO_CONFIG Starting address: CYDEV_CLK_ILO_CONFIG */
 154:.\Generated_Source\PSoC4/cyfitter_cfg.c **** 	CY_SET_XTND_REG32((void CYFAR *)(CYREG_CLK_ILO_CONFIG), 0x80000006u);
 157              		.loc 1 154 0
 158 0024 0A4B     		ldr	r3, .L5+8
 159 0026 0B4A     		ldr	r2, .L5+12
 160 0028 1A60     		str	r2, [r3]
 155:.\Generated_Source\PSoC4/cyfitter_cfg.c **** 
 156:.\Generated_Source\PSoC4/cyfitter_cfg.c **** 
 157:.\Generated_Source\PSoC4/cyfitter_cfg.c **** 	/* CYDEV_CLK_SELECT00 Starting address: CYDEV_CLK_SELECT00 */
 158:.\Generated_Source\PSoC4/cyfitter_cfg.c **** 	CY_SET_XTND_REG32((void CYFAR *)(CYREG_CLK_SELECT03), 0x00000010u);
 161              		.loc 1 158 0
 162 002a 0B4B     		ldr	r3, .L5+16
 163 002c 1022     		mov	r2, #16
 164 002e 1A60     		str	r2, [r3]
 159:.\Generated_Source\PSoC4/cyfitter_cfg.c **** 
 160:.\Generated_Source\PSoC4/cyfitter_cfg.c **** 	/* CYDEV_CLK_IMO_CONFIG Starting address: CYDEV_CLK_IMO_CONFIG */
 161:.\Generated_Source\PSoC4/cyfitter_cfg.c **** 	CY_SET_XTND_REG32((void CYFAR *)(CYREG_CLK_IMO_CONFIG), 0x80000000u);
 165              		.loc 1 161 0
 166 0030 0A4B     		ldr	r3, .L5+20
 167 0032 8022     		mov	r2, #128
 168 0034 1206     		lsl	r2, r2, #24
 169 0036 1A60     		str	r2, [r3]
 162:.\Generated_Source\PSoC4/cyfitter_cfg.c **** 
 163:.\Generated_Source\PSoC4/cyfitter_cfg.c **** 	/* CYDEV_CLK_DIVIDER_A00 Starting address: CYDEV_CLK_DIVIDER_A00 */
 164:.\Generated_Source\PSoC4/cyfitter_cfg.c **** 	CY_SET_XTND_REG32((void CYFAR *)(CYREG_CLK_DIVIDER_A00), 0x8000000Eu);
 170              		.loc 1 164 0
 171 0038 094B     		ldr	r3, .L5+24
 172 003a 0A4A     		ldr	r2, .L5+28
 173 003c 1A60     		str	r2, [r3]
 165:.\Generated_Source\PSoC4/cyfitter_cfg.c **** 
 166:.\Generated_Source\PSoC4/cyfitter_cfg.c **** 	CY_SET_XTND_REG32((void CYFAR *)(CYREG_WDT_CONFIG), 0x00000000u);
 174              		.loc 1 166 0
 175 003e 0A4B     		ldr	r3, .L5+32
 176 0040 0022     		mov	r2, #0
ARM GAS  C:\Users\11401393\AppData\Local\Temp\ccEh8q8b.s 			page 7


 177 0042 1A60     		str	r2, [r3]
 167:.\Generated_Source\PSoC4/cyfitter_cfg.c **** }
 178              		.loc 1 167 0
 179 0044 BD46     		mov	sp, r7
 180              		@ sp needed
 181 0046 80BD     		pop	{r7, pc}
 182              	.L6:
 183              		.align	2
 184              	.L5:
 185 0048 00010B40 		.word	1074462976
 186 004c FFFFFBFF 		.word	-262145
 187 0050 04010B40 		.word	1074462980
 188 0054 06000080 		.word	-2147483642
 189 0058 0C020240 		.word	1073873420
 190 005c 08010B40 		.word	1074462984
 191 0060 00000240 		.word	1073872896
 192 0064 0E000080 		.word	-2147483634
 193 0068 0C020B40 		.word	1074463244
 194              		.cfi_endproc
 195              	.LFE3:
 196              		.size	ClockSetup, .-ClockSetup
 197              		.section	.text.AnalogSetDefault,"ax",%progbits
 198              		.align	2
 199              		.code	16
 200              		.thumb_func
 201              		.type	AnalogSetDefault, %function
 202              	AnalogSetDefault:
 203              	.LFB4:
 168:.\Generated_Source\PSoC4/cyfitter_cfg.c **** 
 169:.\Generated_Source\PSoC4/cyfitter_cfg.c **** 
 170:.\Generated_Source\PSoC4/cyfitter_cfg.c **** /* Analog API Functions */
 171:.\Generated_Source\PSoC4/cyfitter_cfg.c **** 
 172:.\Generated_Source\PSoC4/cyfitter_cfg.c **** 
 173:.\Generated_Source\PSoC4/cyfitter_cfg.c **** /*******************************************************************************
 174:.\Generated_Source\PSoC4/cyfitter_cfg.c **** * Function Name: AnalogSetDefault
 175:.\Generated_Source\PSoC4/cyfitter_cfg.c **** ********************************************************************************
 176:.\Generated_Source\PSoC4/cyfitter_cfg.c **** *
 177:.\Generated_Source\PSoC4/cyfitter_cfg.c **** * Summary:
 178:.\Generated_Source\PSoC4/cyfitter_cfg.c **** *  Sets up the analog portions of the chip to default values based on chip
 179:.\Generated_Source\PSoC4/cyfitter_cfg.c **** *  configuration options from the project.
 180:.\Generated_Source\PSoC4/cyfitter_cfg.c **** *
 181:.\Generated_Source\PSoC4/cyfitter_cfg.c **** * Parameters:
 182:.\Generated_Source\PSoC4/cyfitter_cfg.c **** *  void
 183:.\Generated_Source\PSoC4/cyfitter_cfg.c **** *
 184:.\Generated_Source\PSoC4/cyfitter_cfg.c **** * Return:
 185:.\Generated_Source\PSoC4/cyfitter_cfg.c **** *  void
 186:.\Generated_Source\PSoC4/cyfitter_cfg.c **** *
 187:.\Generated_Source\PSoC4/cyfitter_cfg.c **** *******************************************************************************/
 188:.\Generated_Source\PSoC4/cyfitter_cfg.c **** static void AnalogSetDefault(void);
 189:.\Generated_Source\PSoC4/cyfitter_cfg.c **** static void AnalogSetDefault(void)
 190:.\Generated_Source\PSoC4/cyfitter_cfg.c **** {
 204              		.loc 1 190 0
 205              		.cfi_startproc
 206 0000 80B5     		push	{r7, lr}
 207              		.cfi_def_cfa_offset 8
 208              		.cfi_offset 7, -8
 209              		.cfi_offset 14, -4
ARM GAS  C:\Users\11401393\AppData\Local\Temp\ccEh8q8b.s 			page 8


 210 0002 00AF     		add	r7, sp, #0
 211              		.cfi_def_cfa_register 7
 191:.\Generated_Source\PSoC4/cyfitter_cfg.c **** }
 212              		.loc 1 191 0
 213 0004 BD46     		mov	sp, r7
 214              		@ sp needed
 215 0006 80BD     		pop	{r7, pc}
 216              		.cfi_endproc
 217              	.LFE4:
 218              		.size	AnalogSetDefault, .-AnalogSetDefault
 219              		.section	.psocinit
 220              		.align	2
 221              		.global	cyfitter_cfg
 222              		.code	16
 223              		.thumb_func
 224              		.type	cyfitter_cfg, %function
 225              	cyfitter_cfg:
 226              	.LFB5:
 192:.\Generated_Source\PSoC4/cyfitter_cfg.c **** 
 193:.\Generated_Source\PSoC4/cyfitter_cfg.c **** #define CY_AMUX_UNUSED CYREG_CM0_ROM_DWT
 194:.\Generated_Source\PSoC4/cyfitter_cfg.c **** 
 195:.\Generated_Source\PSoC4/cyfitter_cfg.c **** 
 196:.\Generated_Source\PSoC4/cyfitter_cfg.c **** /*******************************************************************************
 197:.\Generated_Source\PSoC4/cyfitter_cfg.c **** * Function Name: cyfitter_cfg
 198:.\Generated_Source\PSoC4/cyfitter_cfg.c **** ********************************************************************************
 199:.\Generated_Source\PSoC4/cyfitter_cfg.c **** * Summary:
 200:.\Generated_Source\PSoC4/cyfitter_cfg.c **** *  This function is called by the start-up code for the selected device. It
 201:.\Generated_Source\PSoC4/cyfitter_cfg.c **** *  performs all of the necessary device configuration based on the design
 202:.\Generated_Source\PSoC4/cyfitter_cfg.c **** *  settings.  This includes settings from the Design Wide Resources (DWR) such
 203:.\Generated_Source\PSoC4/cyfitter_cfg.c **** *  as Clocks and Pins as well as any component configuration that is necessary.
 204:.\Generated_Source\PSoC4/cyfitter_cfg.c **** *
 205:.\Generated_Source\PSoC4/cyfitter_cfg.c **** * Parameters:  
 206:.\Generated_Source\PSoC4/cyfitter_cfg.c **** *   void
 207:.\Generated_Source\PSoC4/cyfitter_cfg.c **** *
 208:.\Generated_Source\PSoC4/cyfitter_cfg.c **** * Return:
 209:.\Generated_Source\PSoC4/cyfitter_cfg.c **** *   void
 210:.\Generated_Source\PSoC4/cyfitter_cfg.c **** *
 211:.\Generated_Source\PSoC4/cyfitter_cfg.c **** *******************************************************************************/
 212:.\Generated_Source\PSoC4/cyfitter_cfg.c **** CY_CFG_SECTION
 213:.\Generated_Source\PSoC4/cyfitter_cfg.c **** void cyfitter_cfg(void)
 214:.\Generated_Source\PSoC4/cyfitter_cfg.c **** {
 227              		.loc 1 214 0
 228              		.cfi_startproc
 229 006c 80B5     		push	{r7, lr}
 230              		.cfi_def_cfa_offset 8
 231              		.cfi_offset 7, -8
 232              		.cfi_offset 14, -4
 233 006e 82B0     		sub	sp, sp, #8
 234              		.cfi_def_cfa_offset 16
 235 0070 00AF     		add	r7, sp, #0
 236              		.cfi_def_cfa_register 7
 215:.\Generated_Source\PSoC4/cyfitter_cfg.c **** 	/* Disable interrupts by default. Let user enable if/when they want. */
 216:.\Generated_Source\PSoC4/cyfitter_cfg.c **** 	CyGlobalIntDisable;
 237              		.loc 1 216 0
 238              	@ 216 ".\Generated_Source\PSoC4\cyfitter_cfg.c" 1
 239 0072 72B6     		CPSID   i
 240              	@ 0 "" 2
ARM GAS  C:\Users\11401393\AppData\Local\Temp\ccEh8q8b.s 			page 9


 241              		.code	16
 242              	.LBB2:
 217:.\Generated_Source\PSoC4/cyfitter_cfg.c **** 
 218:.\Generated_Source\PSoC4/cyfitter_cfg.c **** 	{
 219:.\Generated_Source\PSoC4/cyfitter_cfg.c **** 
 220:.\Generated_Source\PSoC4/cyfitter_cfg.c **** 		CYPACKED typedef struct {
 221:.\Generated_Source\PSoC4/cyfitter_cfg.c **** 			void CYFAR *address;
 222:.\Generated_Source\PSoC4/cyfitter_cfg.c **** 			uint16 size;
 223:.\Generated_Source\PSoC4/cyfitter_cfg.c **** 		} CYPACKED_ATTR cfg_memset_t;
 224:.\Generated_Source\PSoC4/cyfitter_cfg.c **** 
 225:.\Generated_Source\PSoC4/cyfitter_cfg.c **** 		static const cfg_memset_t CYCODE cfg_memset_list [] = {
 226:.\Generated_Source\PSoC4/cyfitter_cfg.c **** 			/* address, size */
 227:.\Generated_Source\PSoC4/cyfitter_cfg.c **** 			{(void CYFAR *)(CYDEV_UDB_P0_U0_BASE), 1024u},
 228:.\Generated_Source\PSoC4/cyfitter_cfg.c **** 			{(void CYFAR *)(CYDEV_UDB_DSI0_BASE), 1024u},
 229:.\Generated_Source\PSoC4/cyfitter_cfg.c **** 		};
 230:.\Generated_Source\PSoC4/cyfitter_cfg.c **** 
 231:.\Generated_Source\PSoC4/cyfitter_cfg.c **** 		uint8 CYDATA i;
 232:.\Generated_Source\PSoC4/cyfitter_cfg.c **** 
 233:.\Generated_Source\PSoC4/cyfitter_cfg.c **** 		/* Zero out critical memory blocks before beginning configuration */
 234:.\Generated_Source\PSoC4/cyfitter_cfg.c **** 		for (i = 0u; i < (sizeof(cfg_memset_list)/sizeof(cfg_memset_list[0])); i++)
 243              		.loc 1 234 0
 244 0074 FB1D     		add	r3, r7, #7
 245 0076 0022     		mov	r2, #0
 246 0078 1A70     		strb	r2, [r3]
 247 007a 23E0     		b	.L9
 248              	.L10:
 249              	.LBB3:
 235:.\Generated_Source\PSoC4/cyfitter_cfg.c **** 		{
 236:.\Generated_Source\PSoC4/cyfitter_cfg.c **** 			const cfg_memset_t CYCODE * CYDATA ms = &cfg_memset_list[i];
 250              		.loc 1 236 0 discriminator 2
 251 007c FB1D     		add	r3, r7, #7
 252 007e 1A78     		ldrb	r2, [r3]
 253 0080 131C     		mov	r3, r2
 254 0082 5B00     		lsl	r3, r3, #1
 255 0084 9B18     		add	r3, r3, r2
 256 0086 5B00     		lsl	r3, r3, #1
 257 0088 334A     		ldr	r2, .L11
 258 008a 9B18     		add	r3, r3, r2
 259 008c 3B60     		str	r3, [r7]
 237:.\Generated_Source\PSoC4/cyfitter_cfg.c **** 			CYMEMZERO(ms->address, (size_t)(uint32)(ms->size));
 260              		.loc 1 237 0 discriminator 2
 261 008e 3B68     		ldr	r3, [r7]
 262 0090 1A78     		ldrb	r2, [r3]
 263 0092 5978     		ldrb	r1, [r3, #1]
 264 0094 0902     		lsl	r1, r1, #8
 265 0096 0A43     		orr	r2, r1
 266 0098 9978     		ldrb	r1, [r3, #2]
 267 009a 0904     		lsl	r1, r1, #16
 268 009c 0A43     		orr	r2, r1
 269 009e DB78     		ldrb	r3, [r3, #3]
 270 00a0 1B06     		lsl	r3, r3, #24
 271 00a2 1343     		orr	r3, r2
 272 00a4 1A1C     		mov	r2, r3
 273 00a6 3B68     		ldr	r3, [r7]
 274 00a8 1979     		ldrb	r1, [r3, #4]
 275 00aa 5B79     		ldrb	r3, [r3, #5]
 276 00ac 1B02     		lsl	r3, r3, #8
ARM GAS  C:\Users\11401393\AppData\Local\Temp\ccEh8q8b.s 			page 10


 277 00ae 0B43     		orr	r3, r1
 278 00b0 9BB2     		uxth	r3, r3
 279 00b2 101C     		mov	r0, r2
 280 00b4 191C     		mov	r1, r3
 281 00b6 FFF7FEFF 		bl	CYMEMZERO
 282              	.LBE3:
 234:.\Generated_Source\PSoC4/cyfitter_cfg.c **** 		for (i = 0u; i < (sizeof(cfg_memset_list)/sizeof(cfg_memset_list[0])); i++)
 283              		.loc 1 234 0 discriminator 2
 284 00ba FB1D     		add	r3, r7, #7
 285 00bc 1A78     		ldrb	r2, [r3]
 286 00be FB1D     		add	r3, r7, #7
 287 00c0 0132     		add	r2, r2, #1
 288 00c2 1A70     		strb	r2, [r3]
 289              	.L9:
 234:.\Generated_Source\PSoC4/cyfitter_cfg.c **** 		for (i = 0u; i < (sizeof(cfg_memset_list)/sizeof(cfg_memset_list[0])); i++)
 290              		.loc 1 234 0 is_stmt 0 discriminator 1
 291 00c4 FB1D     		add	r3, r7, #7
 292 00c6 1B78     		ldrb	r3, [r3]
 293 00c8 012B     		cmp	r3, #1
 294 00ca D7D9     		bls	.L10
 238:.\Generated_Source\PSoC4/cyfitter_cfg.c **** 		}
 239:.\Generated_Source\PSoC4/cyfitter_cfg.c **** 
 240:.\Generated_Source\PSoC4/cyfitter_cfg.c **** 		/* HSIOM Starting address: CYDEV_HSIOM_BASE */
 241:.\Generated_Source\PSoC4/cyfitter_cfg.c **** 		CY_SET_XTND_REG32((void CYFAR *)(CYREG_HSIOM_PORT_SEL3), 0x0000EEEEu);
 295              		.loc 1 241 0 is_stmt 1
 296 00cc 234B     		ldr	r3, .L11+4
 297 00ce 244A     		ldr	r2, .L11+8
 298 00d0 1A60     		str	r2, [r3]
 242:.\Generated_Source\PSoC4/cyfitter_cfg.c **** 
 243:.\Generated_Source\PSoC4/cyfitter_cfg.c **** 		/* UDB_PA_0 Starting address: CYDEV_UDB_PA0_BASE */
 244:.\Generated_Source\PSoC4/cyfitter_cfg.c **** 		CY_SET_XTND_REG32((void CYFAR *)(CYDEV_UDB_PA0_BASE), 0x00990000u);
 299              		.loc 1 244 0
 300 00d2 244B     		ldr	r3, .L11+12
 301 00d4 9922     		mov	r2, #153
 302 00d6 1204     		lsl	r2, r2, #16
 303 00d8 1A60     		str	r2, [r3]
 245:.\Generated_Source\PSoC4/cyfitter_cfg.c **** 
 246:.\Generated_Source\PSoC4/cyfitter_cfg.c **** 		/* UDB_PA_1 Starting address: CYDEV_UDB_PA1_BASE */
 247:.\Generated_Source\PSoC4/cyfitter_cfg.c **** 		CY_SET_XTND_REG32((void CYFAR *)(CYDEV_UDB_PA1_BASE), 0x00990000u);
 304              		.loc 1 247 0
 305 00da 234B     		ldr	r3, .L11+16
 306 00dc 9922     		mov	r2, #153
 307 00de 1204     		lsl	r2, r2, #16
 308 00e0 1A60     		str	r2, [r3]
 248:.\Generated_Source\PSoC4/cyfitter_cfg.c **** 
 249:.\Generated_Source\PSoC4/cyfitter_cfg.c **** 		/* UDB_PA_3 Starting address: CYDEV_UDB_PA3_BASE */
 250:.\Generated_Source\PSoC4/cyfitter_cfg.c **** 		CY_SET_XTND_REG32((void CYFAR *)(CYDEV_UDB_PA3_BASE), 0x00990000u);
 309              		.loc 1 250 0
 310 00e2 224B     		ldr	r3, .L11+20
 311 00e4 9922     		mov	r2, #153
 312 00e6 1204     		lsl	r2, r2, #16
 313 00e8 1A60     		str	r2, [r3]
 251:.\Generated_Source\PSoC4/cyfitter_cfg.c **** 
 252:.\Generated_Source\PSoC4/cyfitter_cfg.c **** 		/* Enable digital routing */
 253:.\Generated_Source\PSoC4/cyfitter_cfg.c **** 		CY_SET_XTND_REG8((void *)CYREG_UDB_UDBIF_BANK_CTL, CY_GET_XTND_REG8((void *)CYREG_UDB_UDBIF_BANK_
 314              		.loc 1 253 0
 315 00ea 214B     		ldr	r3, .L11+24
ARM GAS  C:\Users\11401393\AppData\Local\Temp\ccEh8q8b.s 			page 11


 316 00ec 204A     		ldr	r2, .L11+24
 317 00ee 1278     		ldrb	r2, [r2]
 318 00f0 D2B2     		uxtb	r2, r2
 319 00f2 0221     		mov	r1, #2
 320 00f4 0A43     		orr	r2, r1
 321 00f6 D2B2     		uxtb	r2, r2
 322 00f8 1A70     		strb	r2, [r3]
 254:.\Generated_Source\PSoC4/cyfitter_cfg.c **** 
 255:.\Generated_Source\PSoC4/cyfitter_cfg.c **** 		/* Enable UDB array */
 256:.\Generated_Source\PSoC4/cyfitter_cfg.c **** 		CY_SET_XTND_REG8((void *)CYREG_UDB_UDBIF_WAIT_CFG, (uint8)((CY_GET_XTND_REG8((void *)CYREG_UDB_UD
 323              		.loc 1 256 0
 324 00fa 1E4B     		ldr	r3, .L11+28
 325 00fc 1D4A     		ldr	r2, .L11+28
 326 00fe 1278     		ldrb	r2, [r2]
 327 0100 D2B2     		uxtb	r2, r2
 328 0102 3C21     		mov	r1, #60
 329 0104 8A43     		bic	r2, r1
 330 0106 D2B2     		uxtb	r2, r2
 331 0108 1421     		mov	r1, #20
 332 010a 0A43     		orr	r2, r1
 333 010c D2B2     		uxtb	r2, r2
 334 010e 1A70     		strb	r2, [r3]
 257:.\Generated_Source\PSoC4/cyfitter_cfg.c **** 		CY_SET_XTND_REG8((void *)CYREG_UDB_UDBIF_BANK_CTL, (uint8)(CY_GET_XTND_REG8((void *)CYREG_UDB_UDB
 335              		.loc 1 257 0
 336 0110 174B     		ldr	r3, .L11+24
 337 0112 174A     		ldr	r2, .L11+24
 338 0114 1278     		ldrb	r2, [r2]
 339 0116 D2B2     		uxtb	r2, r2
 340 0118 1621     		mov	r1, #22
 341 011a 0A43     		orr	r2, r1
 342 011c D2B2     		uxtb	r2, r2
 343 011e 1A70     		strb	r2, [r3]
 344              	.LBE2:
 258:.\Generated_Source\PSoC4/cyfitter_cfg.c **** 	}
 259:.\Generated_Source\PSoC4/cyfitter_cfg.c **** 
 260:.\Generated_Source\PSoC4/cyfitter_cfg.c **** 	/* Perform second pass device configuration. These items must be configured in specific order afte
 261:.\Generated_Source\PSoC4/cyfitter_cfg.c **** 	/* IOPINS0_0 Starting address: CYDEV_PRT0_DR */
 262:.\Generated_Source\PSoC4/cyfitter_cfg.c **** 	CY_SET_XTND_REG32((void CYFAR *)(CYREG_PRT0_DR), 0x0000000Cu);
 345              		.loc 1 262 0
 346 0120 154B     		ldr	r3, .L11+32
 347 0122 0C22     		mov	r2, #12
 348 0124 1A60     		str	r2, [r3]
 263:.\Generated_Source\PSoC4/cyfitter_cfg.c **** 	CY_SET_XTND_REG32((void CYFAR *)(CYREG_PRT0_PC), 0x00000D80u);
 349              		.loc 1 263 0
 350 0126 154B     		ldr	r3, .L11+36
 351 0128 D822     		mov	r2, #216
 352 012a 1201     		lsl	r2, r2, #4
 353 012c 1A60     		str	r2, [r3]
 264:.\Generated_Source\PSoC4/cyfitter_cfg.c **** 
 265:.\Generated_Source\PSoC4/cyfitter_cfg.c **** 	/* IOPINS0_1 Starting address: CYDEV_PRT1_DR */
 266:.\Generated_Source\PSoC4/cyfitter_cfg.c **** 	CY_SET_XTND_REG32((void CYFAR *)(CYREG_PRT1_DR), 0x00000040u);
 354              		.loc 1 266 0
 355 012e 144B     		ldr	r3, .L11+40
 356 0130 4022     		mov	r2, #64
 357 0132 1A60     		str	r2, [r3]
 267:.\Generated_Source\PSoC4/cyfitter_cfg.c **** 	CY_SET_XTND_REG32((void CYFAR *)(CYREG_PRT1_PC), 0x00180000u);
 358              		.loc 1 267 0
ARM GAS  C:\Users\11401393\AppData\Local\Temp\ccEh8q8b.s 			page 12


 359 0134 134B     		ldr	r3, .L11+44
 360 0136 C022     		mov	r2, #192
 361 0138 5203     		lsl	r2, r2, #13
 362 013a 1A60     		str	r2, [r3]
 268:.\Generated_Source\PSoC4/cyfitter_cfg.c **** 
 269:.\Generated_Source\PSoC4/cyfitter_cfg.c **** 	/* IOPINS0_3 Starting address: CYDEV_PRT3_DR */
 270:.\Generated_Source\PSoC4/cyfitter_cfg.c **** 	CY_SET_XTND_REG32((void CYFAR *)(CYREG_PRT3_DR), 0x00000003u);
 363              		.loc 1 270 0
 364 013c 124B     		ldr	r3, .L11+48
 365 013e 0322     		mov	r2, #3
 366 0140 1A60     		str	r2, [r3]
 271:.\Generated_Source\PSoC4/cyfitter_cfg.c **** 	CY_SET_XTND_REG32((void CYFAR *)(CYREG_PRT3_PC), 0x00000DA4u);
 367              		.loc 1 271 0
 368 0142 124B     		ldr	r3, .L11+52
 369 0144 124A     		ldr	r2, .L11+56
 370 0146 1A60     		str	r2, [r3]
 272:.\Generated_Source\PSoC4/cyfitter_cfg.c **** 
 273:.\Generated_Source\PSoC4/cyfitter_cfg.c **** 	/* Setup clocks based on selections from Clock DWR */
 274:.\Generated_Source\PSoC4/cyfitter_cfg.c **** 	ClockSetup();
 371              		.loc 1 274 0
 372 0148 FFF75AFF 		bl	ClockSetup
 275:.\Generated_Source\PSoC4/cyfitter_cfg.c **** 
 276:.\Generated_Source\PSoC4/cyfitter_cfg.c **** 	/* Perform basic analog initialization to defaults */
 277:.\Generated_Source\PSoC4/cyfitter_cfg.c **** 	AnalogSetDefault();
 373              		.loc 1 277 0
 374 014c FFF7FEFF 		bl	AnalogSetDefault
 278:.\Generated_Source\PSoC4/cyfitter_cfg.c **** 
 279:.\Generated_Source\PSoC4/cyfitter_cfg.c **** }
 375              		.loc 1 279 0
 376 0150 BD46     		mov	sp, r7
 377 0152 02B0     		add	sp, sp, #8
 378              		@ sp needed
 379 0154 80BD     		pop	{r7, pc}
 380              	.L12:
 381 0156 C046     		.align	2
 382              	.L11:
 383 0158 00000000 		.word	cfg_memset_list.4717
 384 015c 0C000140 		.word	1073807372
 385 0160 EEEE0000 		.word	61166
 386 0164 00500F40 		.word	1074745344
 387 0168 10500F40 		.word	1074745360
 388 016c 30500F40 		.word	1074745392
 389 0170 00700F40 		.word	1074753536
 390 0174 01700F40 		.word	1074753537
 391 0178 00000440 		.word	1074003968
 392 017c 08000440 		.word	1074003976
 393 0180 00010440 		.word	1074004224
 394 0184 08010440 		.word	1074004232
 395 0188 00030440 		.word	1074004736
 396 018c 08030440 		.word	1074004744
 397 0190 A40D0000 		.word	3492
 398              		.cfi_endproc
 399              	.LFE5:
 400              		.size	cyfitter_cfg, .-cyfitter_cfg
 401              		.section	.rodata
 402              		.align	2
 403              		.type	cfg_memset_list.4717, %object
ARM GAS  C:\Users\11401393\AppData\Local\Temp\ccEh8q8b.s 			page 13


 404              		.size	cfg_memset_list.4717, 12
 405              	cfg_memset_list.4717:
 406 0000 00300F40 		.word	1074737152
 407 0004 0004     		.short	1024
 408 0006 00400F40 		.4byte	1074741248
 409 000a 0004     		.short	1024
 410              		.text
 411              	.Letext0:
 412              		.file 2 "c:\\program files (x86)\\cypress\\psoc creator\\3.2\\psoc creator\\import\\gnu\\arm\\4.8.
 413              		.file 3 ".\\Generated_Source\\PSoC4\\cytypes.h"
 414              		.section	.debug_info,"",%progbits
 415              	.Ldebug_info0:
 416 0000 43020000 		.4byte	0x243
 417 0004 0400     		.2byte	0x4
 418 0006 00000000 		.4byte	.Ldebug_abbrev0
 419 000a 04       		.byte	0x4
 420 000b 01       		.uleb128 0x1
 421 000c 52000000 		.4byte	.LASF29
 422 0010 01       		.byte	0x1
 423 0011 C7010000 		.4byte	.LASF30
 424 0015 FF000000 		.4byte	.LASF31
 425 0019 00000000 		.4byte	.Ldebug_ranges0+0
 426 001d 00000000 		.4byte	0
 427 0021 00000000 		.4byte	.Ldebug_line0
 428 0025 02       		.uleb128 0x2
 429 0026 04       		.byte	0x4
 430 0027 05       		.byte	0x5
 431 0028 696E7400 		.ascii	"int\000"
 432 002c 03       		.uleb128 0x3
 433 002d 06000000 		.4byte	.LASF11
 434 0031 02       		.byte	0x2
 435 0032 D4       		.byte	0xd4
 436 0033 37000000 		.4byte	0x37
 437 0037 04       		.uleb128 0x4
 438 0038 04       		.byte	0x4
 439 0039 07       		.byte	0x7
 440 003a 8E010000 		.4byte	.LASF0
 441 003e 04       		.uleb128 0x4
 442 003f 01       		.byte	0x1
 443 0040 06       		.byte	0x6
 444 0041 1E020000 		.4byte	.LASF1
 445 0045 04       		.uleb128 0x4
 446 0046 01       		.byte	0x1
 447 0047 08       		.byte	0x8
 448 0048 5E010000 		.4byte	.LASF2
 449 004c 04       		.uleb128 0x4
 450 004d 02       		.byte	0x2
 451 004e 05       		.byte	0x5
 452 004f 0B020000 		.4byte	.LASF3
 453 0053 04       		.uleb128 0x4
 454 0054 02       		.byte	0x2
 455 0055 07       		.byte	0x7
 456 0056 39000000 		.4byte	.LASF4
 457 005a 04       		.uleb128 0x4
 458 005b 04       		.byte	0x4
 459 005c 05       		.byte	0x5
 460 005d 15020000 		.4byte	.LASF5
ARM GAS  C:\Users\11401393\AppData\Local\Temp\ccEh8q8b.s 			page 14


 461 0061 04       		.uleb128 0x4
 462 0062 04       		.byte	0x4
 463 0063 07       		.byte	0x7
 464 0064 DD000000 		.4byte	.LASF6
 465 0068 04       		.uleb128 0x4
 466 0069 08       		.byte	0x8
 467 006a 05       		.byte	0x5
 468 006b F8010000 		.4byte	.LASF7
 469 006f 04       		.uleb128 0x4
 470 0070 08       		.byte	0x8
 471 0071 07       		.byte	0x7
 472 0072 A3010000 		.4byte	.LASF8
 473 0076 04       		.uleb128 0x4
 474 0077 04       		.byte	0x4
 475 0078 07       		.byte	0x7
 476 0079 EF010000 		.4byte	.LASF9
 477 007d 05       		.uleb128 0x5
 478 007e 04       		.byte	0x4
 479 007f 04       		.uleb128 0x4
 480 0080 01       		.byte	0x1
 481 0081 08       		.byte	0x8
 482 0082 06020000 		.4byte	.LASF10
 483 0086 03       		.uleb128 0x3
 484 0087 EF000000 		.4byte	.LASF12
 485 008b 03       		.byte	0x3
 486 008c B3       		.byte	0xb3
 487 008d 45000000 		.4byte	0x45
 488 0091 03       		.uleb128 0x3
 489 0092 80010000 		.4byte	.LASF13
 490 0096 03       		.byte	0x3
 491 0097 B4       		.byte	0xb4
 492 0098 53000000 		.4byte	0x53
 493 009c 03       		.uleb128 0x3
 494 009d 87010000 		.4byte	.LASF14
 495 00a1 03       		.byte	0x3
 496 00a2 B5       		.byte	0xb5
 497 00a3 61000000 		.4byte	0x61
 498 00a7 04       		.uleb128 0x4
 499 00a8 04       		.byte	0x4
 500 00a9 04       		.byte	0x4
 501 00aa 4C000000 		.4byte	.LASF15
 502 00ae 04       		.uleb128 0x4
 503 00af 08       		.byte	0x8
 504 00b0 04       		.byte	0x4
 505 00b1 6C010000 		.4byte	.LASF16
 506 00b5 06       		.uleb128 0x6
 507 00b6 D8000000 		.4byte	.LASF17
 508 00ba 03       		.byte	0x3
 509 00bb 5D01     		.2byte	0x15d
 510 00bd C1000000 		.4byte	0xc1
 511 00c1 07       		.uleb128 0x7
 512 00c2 86000000 		.4byte	0x86
 513 00c6 06       		.uleb128 0x6
 514 00c7 00000000 		.4byte	.LASF18
 515 00cb 03       		.byte	0x3
 516 00cc 5F01     		.2byte	0x15f
 517 00ce D2000000 		.4byte	0xd2
ARM GAS  C:\Users\11401393\AppData\Local\Temp\ccEh8q8b.s 			page 15


 518 00d2 07       		.uleb128 0x7
 519 00d3 9C000000 		.4byte	0x9c
 520 00d7 08       		.uleb128 0x8
 521 00d8 F5000000 		.4byte	.LASF19
 522 00dc 01       		.byte	0x1
 523 00dd 3A       		.byte	0x3a
 524 00de 00000000 		.4byte	.LFB0
 525 00e2 1E000000 		.4byte	.LFE0-.LFB0
 526 00e6 01       		.uleb128 0x1
 527 00e7 9C       		.byte	0x9c
 528 00e8 05010000 		.4byte	0x105
 529 00ec 09       		.uleb128 0x9
 530 00ed 7300     		.ascii	"s\000"
 531 00ef 01       		.byte	0x1
 532 00f0 3A       		.byte	0x3a
 533 00f1 7D000000 		.4byte	0x7d
 534 00f5 02       		.uleb128 0x2
 535 00f6 91       		.byte	0x91
 536 00f7 74       		.sleb128 -12
 537 00f8 09       		.uleb128 0x9
 538 00f9 6E00     		.ascii	"n\000"
 539 00fb 01       		.byte	0x1
 540 00fc 3A       		.byte	0x3a
 541 00fd 2C000000 		.4byte	0x2c
 542 0101 02       		.uleb128 0x2
 543 0102 91       		.byte	0x91
 544 0103 70       		.sleb128 -16
 545 0104 00       		.byte	0
 546 0105 08       		.uleb128 0x8
 547 0106 3A020000 		.4byte	.LASF20
 548 010a 01       		.byte	0x1
 549 010b 41       		.byte	0x41
 550 010c 00000000 		.4byte	.LFB1
 551 0110 22000000 		.4byte	.LFE1-.LFB1
 552 0114 01       		.uleb128 0x1
 553 0115 9C       		.byte	0x9c
 554 0116 43010000 		.4byte	0x143
 555 011a 0A       		.uleb128 0xa
 556 011b CE000000 		.4byte	.LASF21
 557 011f 01       		.byte	0x1
 558 0120 41       		.byte	0x41
 559 0121 7D000000 		.4byte	0x7d
 560 0125 02       		.uleb128 0x2
 561 0126 91       		.byte	0x91
 562 0127 74       		.sleb128 -12
 563 0128 09       		.uleb128 0x9
 564 0129 73726300 		.ascii	"src\000"
 565 012d 01       		.byte	0x1
 566 012e 41       		.byte	0x41
 567 012f 43010000 		.4byte	0x143
 568 0133 02       		.uleb128 0x2
 569 0134 91       		.byte	0x91
 570 0135 70       		.sleb128 -16
 571 0136 09       		.uleb128 0x9
 572 0137 6E00     		.ascii	"n\000"
 573 0139 01       		.byte	0x1
 574 013a 41       		.byte	0x41
ARM GAS  C:\Users\11401393\AppData\Local\Temp\ccEh8q8b.s 			page 16


 575 013b 2C000000 		.4byte	0x2c
 576 013f 02       		.uleb128 0x2
 577 0140 91       		.byte	0x91
 578 0141 6C       		.sleb128 -20
 579 0142 00       		.byte	0
 580 0143 0B       		.uleb128 0xb
 581 0144 04       		.byte	0x4
 582 0145 49010000 		.4byte	0x149
 583 0149 0C       		.uleb128 0xc
 584 014a 08       		.uleb128 0x8
 585 014b 2A020000 		.4byte	.LASF22
 586 014f 01       		.byte	0x1
 587 0150 48       		.byte	0x48
 588 0151 00000000 		.4byte	.LFB2
 589 0155 22000000 		.4byte	.LFE2-.LFB2
 590 0159 01       		.uleb128 0x1
 591 015a 9C       		.byte	0x9c
 592 015b 88010000 		.4byte	0x188
 593 015f 0A       		.uleb128 0xa
 594 0160 CE000000 		.4byte	.LASF21
 595 0164 01       		.byte	0x1
 596 0165 48       		.byte	0x48
 597 0166 7D000000 		.4byte	0x7d
 598 016a 02       		.uleb128 0x2
 599 016b 91       		.byte	0x91
 600 016c 74       		.sleb128 -12
 601 016d 09       		.uleb128 0x9
 602 016e 73726300 		.ascii	"src\000"
 603 0172 01       		.byte	0x1
 604 0173 48       		.byte	0x48
 605 0174 43010000 		.4byte	0x143
 606 0178 02       		.uleb128 0x2
 607 0179 91       		.byte	0x91
 608 017a 70       		.sleb128 -16
 609 017b 09       		.uleb128 0x9
 610 017c 6E00     		.ascii	"n\000"
 611 017e 01       		.byte	0x1
 612 017f 48       		.byte	0x48
 613 0180 2C000000 		.4byte	0x2c
 614 0184 02       		.uleb128 0x2
 615 0185 91       		.byte	0x91
 616 0186 6C       		.sleb128 -20
 617 0187 00       		.byte	0
 618 0188 0D       		.uleb128 0xd
 619 0189 2E000000 		.4byte	.LASF23
 620 018d 01       		.byte	0x1
 621 018e 8F       		.byte	0x8f
 622 018f 00000000 		.4byte	.LFB3
 623 0193 6C000000 		.4byte	.LFE3-.LFB3
 624 0197 01       		.uleb128 0x1
 625 0198 9C       		.byte	0x9c
 626 0199 0E       		.uleb128 0xe
 627 019a 0D000000 		.4byte	.LASF24
 628 019e 01       		.byte	0x1
 629 019f BD       		.byte	0xbd
 630 01a0 00000000 		.4byte	.LFB4
 631 01a4 08000000 		.4byte	.LFE4-.LFB4
ARM GAS  C:\Users\11401393\AppData\Local\Temp\ccEh8q8b.s 			page 17


 632 01a8 01       		.uleb128 0x1
 633 01a9 9C       		.byte	0x9c
 634 01aa 0F       		.uleb128 0xf
 635 01ab 73010000 		.4byte	.LASF32
 636 01af 01       		.byte	0x1
 637 01b0 D5       		.byte	0xd5
 638 01b1 6C000000 		.4byte	.LFB5
 639 01b5 28010000 		.4byte	.LFE5-.LFB5
 640 01b9 01       		.uleb128 0x1
 641 01ba 9C       		.byte	0x9c
 642 01bb 10       		.uleb128 0x10
 643 01bc 74000000 		.4byte	.LBB2
 644 01c0 AC000000 		.4byte	.LBE2-.LBB2
 645 01c4 11       		.uleb128 0x11
 646 01c5 06       		.byte	0x6
 647 01c6 01       		.byte	0x1
 648 01c7 DC       		.byte	0xdc
 649 01c8 E5010000 		.4byte	0x1e5
 650 01cc 12       		.uleb128 0x12
 651 01cd 9B010000 		.4byte	.LASF25
 652 01d1 01       		.byte	0x1
 653 01d2 DD       		.byte	0xdd
 654 01d3 7D000000 		.4byte	0x7d
 655 01d7 00       		.byte	0
 656 01d8 12       		.uleb128 0x12
 657 01d9 D3000000 		.4byte	.LASF26
 658 01dd 01       		.byte	0x1
 659 01de DE       		.byte	0xde
 660 01df 91000000 		.4byte	0x91
 661 01e3 04       		.byte	0x4
 662 01e4 00       		.byte	0
 663 01e5 03       		.uleb128 0x3
 664 01e6 BA010000 		.4byte	.LASF27
 665 01ea 01       		.byte	0x1
 666 01eb DF       		.byte	0xdf
 667 01ec C4010000 		.4byte	0x1c4
 668 01f0 13       		.uleb128 0x13
 669 01f1 E5010000 		.4byte	0x1e5
 670 01f5 00020000 		.4byte	0x200
 671 01f9 14       		.uleb128 0x14
 672 01fa 76000000 		.4byte	0x76
 673 01fe 01       		.byte	0x1
 674 01ff 00       		.byte	0
 675 0200 15       		.uleb128 0x15
 676 0201 1E000000 		.4byte	.LASF28
 677 0205 01       		.byte	0x1
 678 0206 E1       		.byte	0xe1
 679 0207 11020000 		.4byte	0x211
 680 020b 05       		.uleb128 0x5
 681 020c 03       		.byte	0x3
 682 020d 00000000 		.4byte	cfg_memset_list.4717
 683 0211 16       		.uleb128 0x16
 684 0212 F0010000 		.4byte	0x1f0
 685 0216 17       		.uleb128 0x17
 686 0217 6900     		.ascii	"i\000"
 687 0219 01       		.byte	0x1
 688 021a E7       		.byte	0xe7
ARM GAS  C:\Users\11401393\AppData\Local\Temp\ccEh8q8b.s 			page 18


 689 021b 86000000 		.4byte	0x86
 690 021f 02       		.uleb128 0x2
 691 0220 91       		.byte	0x91
 692 0221 77       		.sleb128 -9
 693 0222 10       		.uleb128 0x10
 694 0223 7C000000 		.4byte	.LBB3
 695 0227 3E000000 		.4byte	.LBE3-.LBB3
 696 022b 17       		.uleb128 0x17
 697 022c 6D7300   		.ascii	"ms\000"
 698 022f 01       		.byte	0x1
 699 0230 EC       		.byte	0xec
 700 0231 38020000 		.4byte	0x238
 701 0235 02       		.uleb128 0x2
 702 0236 91       		.byte	0x91
 703 0237 70       		.sleb128 -16
 704 0238 0B       		.uleb128 0xb
 705 0239 04       		.byte	0x4
 706 023a 3E020000 		.4byte	0x23e
 707 023e 16       		.uleb128 0x16
 708 023f E5010000 		.4byte	0x1e5
 709 0243 00       		.byte	0
 710 0244 00       		.byte	0
 711 0245 00       		.byte	0
 712 0246 00       		.byte	0
 713              		.section	.debug_abbrev,"",%progbits
 714              	.Ldebug_abbrev0:
 715 0000 01       		.uleb128 0x1
 716 0001 11       		.uleb128 0x11
 717 0002 01       		.byte	0x1
 718 0003 25       		.uleb128 0x25
 719 0004 0E       		.uleb128 0xe
 720 0005 13       		.uleb128 0x13
 721 0006 0B       		.uleb128 0xb
 722 0007 03       		.uleb128 0x3
 723 0008 0E       		.uleb128 0xe
 724 0009 1B       		.uleb128 0x1b
 725 000a 0E       		.uleb128 0xe
 726 000b 55       		.uleb128 0x55
 727 000c 17       		.uleb128 0x17
 728 000d 11       		.uleb128 0x11
 729 000e 01       		.uleb128 0x1
 730 000f 10       		.uleb128 0x10
 731 0010 17       		.uleb128 0x17
 732 0011 00       		.byte	0
 733 0012 00       		.byte	0
 734 0013 02       		.uleb128 0x2
 735 0014 24       		.uleb128 0x24
 736 0015 00       		.byte	0
 737 0016 0B       		.uleb128 0xb
 738 0017 0B       		.uleb128 0xb
 739 0018 3E       		.uleb128 0x3e
 740 0019 0B       		.uleb128 0xb
 741 001a 03       		.uleb128 0x3
 742 001b 08       		.uleb128 0x8
 743 001c 00       		.byte	0
 744 001d 00       		.byte	0
 745 001e 03       		.uleb128 0x3
ARM GAS  C:\Users\11401393\AppData\Local\Temp\ccEh8q8b.s 			page 19


 746 001f 16       		.uleb128 0x16
 747 0020 00       		.byte	0
 748 0021 03       		.uleb128 0x3
 749 0022 0E       		.uleb128 0xe
 750 0023 3A       		.uleb128 0x3a
 751 0024 0B       		.uleb128 0xb
 752 0025 3B       		.uleb128 0x3b
 753 0026 0B       		.uleb128 0xb
 754 0027 49       		.uleb128 0x49
 755 0028 13       		.uleb128 0x13
 756 0029 00       		.byte	0
 757 002a 00       		.byte	0
 758 002b 04       		.uleb128 0x4
 759 002c 24       		.uleb128 0x24
 760 002d 00       		.byte	0
 761 002e 0B       		.uleb128 0xb
 762 002f 0B       		.uleb128 0xb
 763 0030 3E       		.uleb128 0x3e
 764 0031 0B       		.uleb128 0xb
 765 0032 03       		.uleb128 0x3
 766 0033 0E       		.uleb128 0xe
 767 0034 00       		.byte	0
 768 0035 00       		.byte	0
 769 0036 05       		.uleb128 0x5
 770 0037 0F       		.uleb128 0xf
 771 0038 00       		.byte	0
 772 0039 0B       		.uleb128 0xb
 773 003a 0B       		.uleb128 0xb
 774 003b 00       		.byte	0
 775 003c 00       		.byte	0
 776 003d 06       		.uleb128 0x6
 777 003e 16       		.uleb128 0x16
 778 003f 00       		.byte	0
 779 0040 03       		.uleb128 0x3
 780 0041 0E       		.uleb128 0xe
 781 0042 3A       		.uleb128 0x3a
 782 0043 0B       		.uleb128 0xb
 783 0044 3B       		.uleb128 0x3b
 784 0045 05       		.uleb128 0x5
 785 0046 49       		.uleb128 0x49
 786 0047 13       		.uleb128 0x13
 787 0048 00       		.byte	0
 788 0049 00       		.byte	0
 789 004a 07       		.uleb128 0x7
 790 004b 35       		.uleb128 0x35
 791 004c 00       		.byte	0
 792 004d 49       		.uleb128 0x49
 793 004e 13       		.uleb128 0x13
 794 004f 00       		.byte	0
 795 0050 00       		.byte	0
 796 0051 08       		.uleb128 0x8
 797 0052 2E       		.uleb128 0x2e
 798 0053 01       		.byte	0x1
 799 0054 03       		.uleb128 0x3
 800 0055 0E       		.uleb128 0xe
 801 0056 3A       		.uleb128 0x3a
 802 0057 0B       		.uleb128 0xb
ARM GAS  C:\Users\11401393\AppData\Local\Temp\ccEh8q8b.s 			page 20


 803 0058 3B       		.uleb128 0x3b
 804 0059 0B       		.uleb128 0xb
 805 005a 27       		.uleb128 0x27
 806 005b 19       		.uleb128 0x19
 807 005c 11       		.uleb128 0x11
 808 005d 01       		.uleb128 0x1
 809 005e 12       		.uleb128 0x12
 810 005f 06       		.uleb128 0x6
 811 0060 40       		.uleb128 0x40
 812 0061 18       		.uleb128 0x18
 813 0062 9642     		.uleb128 0x2116
 814 0064 19       		.uleb128 0x19
 815 0065 01       		.uleb128 0x1
 816 0066 13       		.uleb128 0x13
 817 0067 00       		.byte	0
 818 0068 00       		.byte	0
 819 0069 09       		.uleb128 0x9
 820 006a 05       		.uleb128 0x5
 821 006b 00       		.byte	0
 822 006c 03       		.uleb128 0x3
 823 006d 08       		.uleb128 0x8
 824 006e 3A       		.uleb128 0x3a
 825 006f 0B       		.uleb128 0xb
 826 0070 3B       		.uleb128 0x3b
 827 0071 0B       		.uleb128 0xb
 828 0072 49       		.uleb128 0x49
 829 0073 13       		.uleb128 0x13
 830 0074 02       		.uleb128 0x2
 831 0075 18       		.uleb128 0x18
 832 0076 00       		.byte	0
 833 0077 00       		.byte	0
 834 0078 0A       		.uleb128 0xa
 835 0079 05       		.uleb128 0x5
 836 007a 00       		.byte	0
 837 007b 03       		.uleb128 0x3
 838 007c 0E       		.uleb128 0xe
 839 007d 3A       		.uleb128 0x3a
 840 007e 0B       		.uleb128 0xb
 841 007f 3B       		.uleb128 0x3b
 842 0080 0B       		.uleb128 0xb
 843 0081 49       		.uleb128 0x49
 844 0082 13       		.uleb128 0x13
 845 0083 02       		.uleb128 0x2
 846 0084 18       		.uleb128 0x18
 847 0085 00       		.byte	0
 848 0086 00       		.byte	0
 849 0087 0B       		.uleb128 0xb
 850 0088 0F       		.uleb128 0xf
 851 0089 00       		.byte	0
 852 008a 0B       		.uleb128 0xb
 853 008b 0B       		.uleb128 0xb
 854 008c 49       		.uleb128 0x49
 855 008d 13       		.uleb128 0x13
 856 008e 00       		.byte	0
 857 008f 00       		.byte	0
 858 0090 0C       		.uleb128 0xc
 859 0091 26       		.uleb128 0x26
ARM GAS  C:\Users\11401393\AppData\Local\Temp\ccEh8q8b.s 			page 21


 860 0092 00       		.byte	0
 861 0093 00       		.byte	0
 862 0094 00       		.byte	0
 863 0095 0D       		.uleb128 0xd
 864 0096 2E       		.uleb128 0x2e
 865 0097 00       		.byte	0
 866 0098 03       		.uleb128 0x3
 867 0099 0E       		.uleb128 0xe
 868 009a 3A       		.uleb128 0x3a
 869 009b 0B       		.uleb128 0xb
 870 009c 3B       		.uleb128 0x3b
 871 009d 0B       		.uleb128 0xb
 872 009e 27       		.uleb128 0x27
 873 009f 19       		.uleb128 0x19
 874 00a0 11       		.uleb128 0x11
 875 00a1 01       		.uleb128 0x1
 876 00a2 12       		.uleb128 0x12
 877 00a3 06       		.uleb128 0x6
 878 00a4 40       		.uleb128 0x40
 879 00a5 18       		.uleb128 0x18
 880 00a6 9642     		.uleb128 0x2116
 881 00a8 19       		.uleb128 0x19
 882 00a9 00       		.byte	0
 883 00aa 00       		.byte	0
 884 00ab 0E       		.uleb128 0xe
 885 00ac 2E       		.uleb128 0x2e
 886 00ad 00       		.byte	0
 887 00ae 03       		.uleb128 0x3
 888 00af 0E       		.uleb128 0xe
 889 00b0 3A       		.uleb128 0x3a
 890 00b1 0B       		.uleb128 0xb
 891 00b2 3B       		.uleb128 0x3b
 892 00b3 0B       		.uleb128 0xb
 893 00b4 27       		.uleb128 0x27
 894 00b5 19       		.uleb128 0x19
 895 00b6 11       		.uleb128 0x11
 896 00b7 01       		.uleb128 0x1
 897 00b8 12       		.uleb128 0x12
 898 00b9 06       		.uleb128 0x6
 899 00ba 40       		.uleb128 0x40
 900 00bb 18       		.uleb128 0x18
 901 00bc 9742     		.uleb128 0x2117
 902 00be 19       		.uleb128 0x19
 903 00bf 00       		.byte	0
 904 00c0 00       		.byte	0
 905 00c1 0F       		.uleb128 0xf
 906 00c2 2E       		.uleb128 0x2e
 907 00c3 01       		.byte	0x1
 908 00c4 3F       		.uleb128 0x3f
 909 00c5 19       		.uleb128 0x19
 910 00c6 03       		.uleb128 0x3
 911 00c7 0E       		.uleb128 0xe
 912 00c8 3A       		.uleb128 0x3a
 913 00c9 0B       		.uleb128 0xb
 914 00ca 3B       		.uleb128 0x3b
 915 00cb 0B       		.uleb128 0xb
 916 00cc 27       		.uleb128 0x27
ARM GAS  C:\Users\11401393\AppData\Local\Temp\ccEh8q8b.s 			page 22


 917 00cd 19       		.uleb128 0x19
 918 00ce 11       		.uleb128 0x11
 919 00cf 01       		.uleb128 0x1
 920 00d0 12       		.uleb128 0x12
 921 00d1 06       		.uleb128 0x6
 922 00d2 40       		.uleb128 0x40
 923 00d3 18       		.uleb128 0x18
 924 00d4 9642     		.uleb128 0x2116
 925 00d6 19       		.uleb128 0x19
 926 00d7 00       		.byte	0
 927 00d8 00       		.byte	0
 928 00d9 10       		.uleb128 0x10
 929 00da 0B       		.uleb128 0xb
 930 00db 01       		.byte	0x1
 931 00dc 11       		.uleb128 0x11
 932 00dd 01       		.uleb128 0x1
 933 00de 12       		.uleb128 0x12
 934 00df 06       		.uleb128 0x6
 935 00e0 00       		.byte	0
 936 00e1 00       		.byte	0
 937 00e2 11       		.uleb128 0x11
 938 00e3 13       		.uleb128 0x13
 939 00e4 01       		.byte	0x1
 940 00e5 0B       		.uleb128 0xb
 941 00e6 0B       		.uleb128 0xb
 942 00e7 3A       		.uleb128 0x3a
 943 00e8 0B       		.uleb128 0xb
 944 00e9 3B       		.uleb128 0x3b
 945 00ea 0B       		.uleb128 0xb
 946 00eb 01       		.uleb128 0x1
 947 00ec 13       		.uleb128 0x13
 948 00ed 00       		.byte	0
 949 00ee 00       		.byte	0
 950 00ef 12       		.uleb128 0x12
 951 00f0 0D       		.uleb128 0xd
 952 00f1 00       		.byte	0
 953 00f2 03       		.uleb128 0x3
 954 00f3 0E       		.uleb128 0xe
 955 00f4 3A       		.uleb128 0x3a
 956 00f5 0B       		.uleb128 0xb
 957 00f6 3B       		.uleb128 0x3b
 958 00f7 0B       		.uleb128 0xb
 959 00f8 49       		.uleb128 0x49
 960 00f9 13       		.uleb128 0x13
 961 00fa 38       		.uleb128 0x38
 962 00fb 0B       		.uleb128 0xb
 963 00fc 00       		.byte	0
 964 00fd 00       		.byte	0
 965 00fe 13       		.uleb128 0x13
 966 00ff 01       		.uleb128 0x1
 967 0100 01       		.byte	0x1
 968 0101 49       		.uleb128 0x49
 969 0102 13       		.uleb128 0x13
 970 0103 01       		.uleb128 0x1
 971 0104 13       		.uleb128 0x13
 972 0105 00       		.byte	0
 973 0106 00       		.byte	0
ARM GAS  C:\Users\11401393\AppData\Local\Temp\ccEh8q8b.s 			page 23


 974 0107 14       		.uleb128 0x14
 975 0108 21       		.uleb128 0x21
 976 0109 00       		.byte	0
 977 010a 49       		.uleb128 0x49
 978 010b 13       		.uleb128 0x13
 979 010c 2F       		.uleb128 0x2f
 980 010d 0B       		.uleb128 0xb
 981 010e 00       		.byte	0
 982 010f 00       		.byte	0
 983 0110 15       		.uleb128 0x15
 984 0111 34       		.uleb128 0x34
 985 0112 00       		.byte	0
 986 0113 03       		.uleb128 0x3
 987 0114 0E       		.uleb128 0xe
 988 0115 3A       		.uleb128 0x3a
 989 0116 0B       		.uleb128 0xb
 990 0117 3B       		.uleb128 0x3b
 991 0118 0B       		.uleb128 0xb
 992 0119 49       		.uleb128 0x49
 993 011a 13       		.uleb128 0x13
 994 011b 02       		.uleb128 0x2
 995 011c 18       		.uleb128 0x18
 996 011d 00       		.byte	0
 997 011e 00       		.byte	0
 998 011f 16       		.uleb128 0x16
 999 0120 26       		.uleb128 0x26
 1000 0121 00       		.byte	0
 1001 0122 49       		.uleb128 0x49
 1002 0123 13       		.uleb128 0x13
 1003 0124 00       		.byte	0
 1004 0125 00       		.byte	0
 1005 0126 17       		.uleb128 0x17
 1006 0127 34       		.uleb128 0x34
 1007 0128 00       		.byte	0
 1008 0129 03       		.uleb128 0x3
 1009 012a 08       		.uleb128 0x8
 1010 012b 3A       		.uleb128 0x3a
 1011 012c 0B       		.uleb128 0xb
 1012 012d 3B       		.uleb128 0x3b
 1013 012e 0B       		.uleb128 0xb
 1014 012f 49       		.uleb128 0x49
 1015 0130 13       		.uleb128 0x13
 1016 0131 02       		.uleb128 0x2
 1017 0132 18       		.uleb128 0x18
 1018 0133 00       		.byte	0
 1019 0134 00       		.byte	0
 1020 0135 00       		.byte	0
 1021              		.section	.debug_aranges,"",%progbits
 1022 0000 44000000 		.4byte	0x44
 1023 0004 0200     		.2byte	0x2
 1024 0006 00000000 		.4byte	.Ldebug_info0
 1025 000a 04       		.byte	0x4
 1026 000b 00       		.byte	0
 1027 000c 0000     		.2byte	0
 1028 000e 0000     		.2byte	0
 1029 0010 00000000 		.4byte	.LFB0
 1030 0014 1E000000 		.4byte	.LFE0-.LFB0
ARM GAS  C:\Users\11401393\AppData\Local\Temp\ccEh8q8b.s 			page 24


 1031 0018 00000000 		.4byte	.LFB1
 1032 001c 22000000 		.4byte	.LFE1-.LFB1
 1033 0020 00000000 		.4byte	.LFB2
 1034 0024 22000000 		.4byte	.LFE2-.LFB2
 1035 0028 00000000 		.4byte	.LFB3
 1036 002c 6C000000 		.4byte	.LFE3-.LFB3
 1037 0030 00000000 		.4byte	.LFB4
 1038 0034 08000000 		.4byte	.LFE4-.LFB4
 1039 0038 6C000000 		.4byte	.LFB5
 1040 003c 28010000 		.4byte	.LFE5-.LFB5
 1041 0040 00000000 		.4byte	0
 1042 0044 00000000 		.4byte	0
 1043              		.section	.debug_ranges,"",%progbits
 1044              	.Ldebug_ranges0:
 1045 0000 00000000 		.4byte	.LFB0
 1046 0004 1E000000 		.4byte	.LFE0
 1047 0008 00000000 		.4byte	.LFB1
 1048 000c 22000000 		.4byte	.LFE1
 1049 0010 00000000 		.4byte	.LFB2
 1050 0014 22000000 		.4byte	.LFE2
 1051 0018 00000000 		.4byte	.LFB3
 1052 001c 6C000000 		.4byte	.LFE3
 1053 0020 00000000 		.4byte	.LFB4
 1054 0024 08000000 		.4byte	.LFE4
 1055 0028 6C000000 		.4byte	.LFB5
 1056 002c 94010000 		.4byte	.LFE5
 1057 0030 00000000 		.4byte	0
 1058 0034 00000000 		.4byte	0
 1059              		.section	.debug_line,"",%progbits
 1060              	.Ldebug_line0:
 1061 0000 61010000 		.section	.debug_str,"MS",%progbits,1
 1061      0200CD00 
 1061      00000201 
 1061      FB0E0D00 
 1061      01010101 
 1062              	.LASF18:
 1063 0000 72656733 		.ascii	"reg32\000"
 1063      3200
 1064              	.LASF11:
 1065 0006 73697A65 		.ascii	"size_t\000"
 1065      5F7400
 1066              	.LASF24:
 1067 000d 416E616C 		.ascii	"AnalogSetDefault\000"
 1067      6F675365 
 1067      74446566 
 1067      61756C74 
 1067      00
 1068              	.LASF28:
 1069 001e 6366675F 		.ascii	"cfg_memset_list\000"
 1069      6D656D73 
 1069      65745F6C 
 1069      69737400 
 1070              	.LASF23:
 1071 002e 436C6F63 		.ascii	"ClockSetup\000"
 1071      6B536574 
 1071      757000
 1072              	.LASF4:
ARM GAS  C:\Users\11401393\AppData\Local\Temp\ccEh8q8b.s 			page 25


 1073 0039 73686F72 		.ascii	"short unsigned int\000"
 1073      7420756E 
 1073      7369676E 
 1073      65642069 
 1073      6E7400
 1074              	.LASF15:
 1075 004c 666C6F61 		.ascii	"float\000"
 1075      7400
 1076              	.LASF29:
 1077 0052 474E5520 		.ascii	"GNU C 4.8.4 20140526 (release) [ARM/embedded-4_8-br"
 1077      4320342E 
 1077      382E3420 
 1077      32303134 
 1077      30353236 
 1078 0085 616E6368 		.ascii	"anch revision 211358] -mcpu=cortex-m0 -mthumb -g -O"
 1078      20726576 
 1078      6973696F 
 1078      6E203231 
 1078      31333538 
 1079 00b8 30202D66 		.ascii	"0 -ffunction-sections\000"
 1079      66756E63 
 1079      74696F6E 
 1079      2D736563 
 1079      74696F6E 
 1080              	.LASF21:
 1081 00ce 64657374 		.ascii	"dest\000"
 1081      00
 1082              	.LASF26:
 1083 00d3 73697A65 		.ascii	"size\000"
 1083      00
 1084              	.LASF17:
 1085 00d8 72656738 		.ascii	"reg8\000"
 1085      00
 1086              	.LASF6:
 1087 00dd 6C6F6E67 		.ascii	"long unsigned int\000"
 1087      20756E73 
 1087      69676E65 
 1087      6420696E 
 1087      7400
 1088              	.LASF12:
 1089 00ef 75696E74 		.ascii	"uint8\000"
 1089      3800
 1090              	.LASF19:
 1091 00f5 43594D45 		.ascii	"CYMEMZERO\000"
 1091      4D5A4552 
 1091      4F00
 1092              	.LASF31:
 1093 00ff 433A5C55 		.ascii	"C:\\Users\\11401393\\Documents\\PSoC Creator\\CE976"
 1093      73657273 
 1093      5C313134 
 1093      30313339 
 1093      335C446F 
 1094 012d 33342050 		.ascii	"34 PSoC 4 Breathing LED\\SCB_I2cCommSlave01.cydsn\000"
 1094      536F4320 
 1094      34204272 
 1094      65617468 
 1094      696E6720 
ARM GAS  C:\Users\11401393\AppData\Local\Temp\ccEh8q8b.s 			page 26


 1095              	.LASF2:
 1096 015e 756E7369 		.ascii	"unsigned char\000"
 1096      676E6564 
 1096      20636861 
 1096      7200
 1097              	.LASF16:
 1098 016c 646F7562 		.ascii	"double\000"
 1098      6C6500
 1099              	.LASF32:
 1100 0173 63796669 		.ascii	"cyfitter_cfg\000"
 1100      74746572 
 1100      5F636667 
 1100      00
 1101              	.LASF13:
 1102 0180 75696E74 		.ascii	"uint16\000"
 1102      313600
 1103              	.LASF14:
 1104 0187 75696E74 		.ascii	"uint32\000"
 1104      333200
 1105              	.LASF0:
 1106 018e 756E7369 		.ascii	"unsigned int\000"
 1106      676E6564 
 1106      20696E74 
 1106      00
 1107              	.LASF25:
 1108 019b 61646472 		.ascii	"address\000"
 1108      65737300 
 1109              	.LASF8:
 1110 01a3 6C6F6E67 		.ascii	"long long unsigned int\000"
 1110      206C6F6E 
 1110      6720756E 
 1110      7369676E 
 1110      65642069 
 1111              	.LASF27:
 1112 01ba 6366675F 		.ascii	"cfg_memset_t\000"
 1112      6D656D73 
 1112      65745F74 
 1112      00
 1113              	.LASF30:
 1114 01c7 2E5C4765 		.ascii	".\\Generated_Source\\PSoC4\\cyfitter_cfg.c\000"
 1114      6E657261 
 1114      7465645F 
 1114      536F7572 
 1114      63655C50 
 1115              	.LASF9:
 1116 01ef 73697A65 		.ascii	"sizetype\000"
 1116      74797065 
 1116      00
 1117              	.LASF7:
 1118 01f8 6C6F6E67 		.ascii	"long long int\000"
 1118      206C6F6E 
 1118      6720696E 
 1118      7400
 1119              	.LASF10:
 1120 0206 63686172 		.ascii	"char\000"
 1120      00
 1121              	.LASF3:
ARM GAS  C:\Users\11401393\AppData\Local\Temp\ccEh8q8b.s 			page 27


 1122 020b 73686F72 		.ascii	"short int\000"
 1122      7420696E 
 1122      7400
 1123              	.LASF5:
 1124 0215 6C6F6E67 		.ascii	"long int\000"
 1124      20696E74 
 1124      00
 1125              	.LASF1:
 1126 021e 7369676E 		.ascii	"signed char\000"
 1126      65642063 
 1126      68617200 
 1127              	.LASF22:
 1128 022a 4359434F 		.ascii	"CYCONFIGCPYCODE\000"
 1128      4E464947 
 1128      43505943 
 1128      4F444500 
 1129              	.LASF20:
 1130 023a 4359434F 		.ascii	"CYCONFIGCPY\000"
 1130      4E464947 
 1130      43505900 
 1131              		.ident	"GCC: (GNU Tools for ARM Embedded Processors) 4.8.4 20140526 (release) [ARM/embedded-4_8-br
