17:45:14 **** Auto Build of configuration Debug for project NCO_audio_output ****
make pre-build main-build 
a9-linaro-pre-build-step
' '
'Building file: ../src/Aansturing_NCO_audio.c'
'Invoking: ARM v7 gcc compiler'
arm-none-eabi-gcc -Wall -O0 -g3 -c -fmessage-length=0 -MT"src/Aansturing_NCO_audio.o" -mcpu=cortex-a9 -mfpu=vfpv3 -mfloat-abi=hard -I../../NCO_audio_output_bsp/ps7_cortexa9_0/include -MMD -MP -MF"src/Aansturing_NCO_audio.d" -MT"src/Aansturing_NCO_audio.o" -o "src/Aansturing_NCO_audio.o" "../src/Aansturing_NCO_audio.c"
../src/Aansturing_NCO_audio.c: In function 'main':
../src/Aansturing_NCO_audio.c:8:2: warning: implicit declaration of function 'IicPsMasterIntrExample' [-Wimplicit-function-declaration]
  IicPsMasterIntrExample(XPAR_XIICPS_0_DEVICE_ID);
  ^
'Finished building: ../src/Aansturing_NCO_audio.c'
' '
'Building target: NCO_audio_output.elf'
'Invoking: ARM v7 gcc linker'
arm-none-eabi-gcc -mcpu=cortex-a9 -mfpu=vfpv3 -mfloat-abi=hard -Wl,-build-id=none -specs=Xilinx.spec -Wl,-T -Wl,../src/lscript.ld -L../../NCO_audio_output_bsp/ps7_cortexa9_0/lib -o "NCO_audio_output.elf"  ./src/Aansturing_NCO_audio.o ./src/I2CPCB.o ./src/audio.o ./src/ip_functions.o   -Wl,--start-group,-lxil,-lgcc,-lc,--end-group
'Finished building target: NCO_audio_output.elf'
' '
'Invoking: ARM v7 Print Size'
arm-none-eabi-size NCO_audio_output.elf  |tee "NCO_audio_output.elf.size"
   text	   data	    bss	    dec	    hex	filename
  36320	   2772	  22760	  61852	   f19c	NCO_audio_output.elf
'Finished building: NCO_audio_output.elf.size'
' '

17:45:16 Build Finished (took 1s.778ms)

