Archive member included because of file (symbol)

.\CortexM0\ARM_GCC_484\Debug\CE97634 PSoC 4 Breathing LED.a(cyfitter_cfg.o)
                              .\CortexM0\ARM_GCC_484\Debug\Cm0Start.o (cyfitter_cfg)
.\CortexM0\ARM_GCC_484\Debug\CE97634 PSoC 4 Breathing LED.a(CyLib.o)
                              .\CortexM0\ARM_GCC_484\Debug\CE97634 PSoC 4 Breathing LED.a(cyfitter_cfg.o) (CyIntEnable)
.\CortexM0\ARM_GCC_484\Debug\CE97634 PSoC 4 Breathing LED.a(CyLFClk.o)
                              .\CortexM0\ARM_GCC_484\Debug\CE97634 PSoC 4 Breathing LED.a(CyLib.o) (CySysClkWcoEnabled)
.\CortexM0\ARM_GCC_484\Debug\CE97634 PSoC 4 Breathing LED.a(CapSense.o)
                              .\CortexM0\ARM_GCC_484\Debug\main.o (CapSense_IsBusy)
.\CortexM0\ARM_GCC_484\Debug\CE97634 PSoC 4 Breathing LED.a(CapSense_CSHL.o)
                              .\CortexM0\ARM_GCC_484\Debug\main.o (CapSense_InitializeAllBaselines)
.\CortexM0\ARM_GCC_484\Debug\CE97634 PSoC 4 Breathing LED.a(CapSense_INT.o)
                              .\CortexM0\ARM_GCC_484\Debug\CE97634 PSoC 4 Breathing LED.a(CapSense.o) (CapSense_ISR)
.\CortexM0\ARM_GCC_484\Debug\CE97634 PSoC 4 Breathing LED.a(CapSense_SMS.o)
                              .\CortexM0\ARM_GCC_484\Debug\CE97634 PSoC 4 Breathing LED.a(CapSense_CSHL.o) (CapSense_UpdateThresholds)
.\CortexM0\ARM_GCC_484\Debug\CE97634 PSoC 4 Breathing LED.a(CapSense_SampleClk.o)
                              .\CortexM0\ARM_GCC_484\Debug\CE97634 PSoC 4 Breathing LED.a(CapSense.o) (CapSense_SampleClk_StartEx)
.\CortexM0\ARM_GCC_484\Debug\CE97634 PSoC 4 Breathing LED.a(CapSense_SenseClk.o)
                              .\CortexM0\ARM_GCC_484\Debug\CE97634 PSoC 4 Breathing LED.a(CapSense.o) (CapSense_SenseClk_StartEx)
.\CortexM0\ARM_GCC_484\Debug\CE97634 PSoC 4 Breathing LED.a(Pin_1.o)
                              .\CortexM0\ARM_GCC_484\Debug\main.o (Pin_1_Read)
.\CortexM0\ARM_GCC_484\Debug\CE97634 PSoC 4 Breathing LED.a(QuadD1.o)
                              .\CortexM0\ARM_GCC_484\Debug\main.o (QuadD1_TriggerCommand)
.\CortexM0\ARM_GCC_484\Debug\CE97634 PSoC 4 Breathing LED.a(QuadD2.o)
                              .\CortexM0\ARM_GCC_484\Debug\main.o (QuadD2_ReadCounter)
.\CortexM0\ARM_GCC_484\Debug\CE97634 PSoC 4 Breathing LED.a(QuadD3.o)
                              .\CortexM0\ARM_GCC_484\Debug\main.o (QuadD3_ReadCounter)
.\CortexM0\ARM_GCC_484\Debug\CE97634 PSoC 4 Breathing LED.a(QuadD4.o)
                              .\CortexM0\ARM_GCC_484\Debug\main.o (QuadD4_ReadCounter)
.\CortexM0\ARM_GCC_484\Debug\CE97634 PSoC 4 Breathing LED.a(I2C.o)
                              .\CortexM0\ARM_GCC_484\Debug\main.o (I2C_Start)
.\CortexM0\ARM_GCC_484\Debug\CE97634 PSoC 4 Breathing LED.a(I2C_EZI2C.o)
                              .\CortexM0\ARM_GCC_484\Debug\CE97634 PSoC 4 Breathing LED.a(I2C.o) (I2C_EzI2CInit)
.\CortexM0\ARM_GCC_484\Debug\CE97634 PSoC 4 Breathing LED.a(I2C_EZI2C_INT.o)
                              .\CortexM0\ARM_GCC_484\Debug\CE97634 PSoC 4 Breathing LED.a(I2C_EZI2C.o) (I2C_EZI2C_STRETCH_ISR)
.\CortexM0\ARM_GCC_484\Debug\CE97634 PSoC 4 Breathing LED.a(Pin_2.o)
                              .\CortexM0\ARM_GCC_484\Debug\main.o (Pin_2_Read)
.\CortexM0\ARM_GCC_484\Debug\CE97634 PSoC 4 Breathing LED.a(CyBootAsmGnu.o)
                              .\CortexM0\ARM_GCC_484\Debug\CE97634 PSoC 4 Breathing LED.a(CyLib.o) (CyDelayCycles)
.\CortexM0\ARM_GCC_484\Debug\CE97634 PSoC 4 Breathing LED.a(CyFlash.o)
                              .\CortexM0\ARM_GCC_484\Debug\CE97634 PSoC 4 Breathing LED.a(CyLib.o) (CySysFlashSetWaitCycles)
C:\Program Files (x86)\Cypress\PSoC Creator\3.2\PSoC Creator\psoc\content\cycomponentlibrary\CyComponentLibrary.cylib\CapSense_CSD_P4_v2_20\PSoC4\Library\CapsenseP4Library_GCC.a(CSD_P4_SmartSense_v2_20.o)
                              .\CortexM0\ARM_GCC_484\Debug\CE97634 PSoC 4 Breathing LED.a(CapSense_SMS.o) (CalibrateSensors_P4_v2_20)
c:/program files (x86)/cypress/psoc creator/3.2/psoc creator/import/gnu/arm/4.8.4/bin/../lib/gcc/arm-none-eabi/4.8.4/armv6-m\libgcc.a(_udivsi3.o)
                              .\CortexM0\ARM_GCC_484\Debug\CE97634 PSoC 4 Breathing LED.a(CyLib.o) (__aeabi_uidiv)
c:/program files (x86)/cypress/psoc creator/3.2/psoc creator/import/gnu/arm/4.8.4/bin/../lib/gcc/arm-none-eabi/4.8.4/armv6-m\libgcc.a(_divsi3.o)
                              C:\Program Files (x86)\Cypress\PSoC Creator\3.2\PSoC Creator\psoc\content\cycomponentlibrary\CyComponentLibrary.cylib\CapSense_CSD_P4_v2_20\PSoC4\Library\CapsenseP4Library_GCC.a(CSD_P4_SmartSense_v2_20.o) (__aeabi_idiv)
c:/program files (x86)/cypress/psoc creator/3.2/psoc creator/import/gnu/arm/4.8.4/bin/../lib/gcc/arm-none-eabi/4.8.4/armv6-m\libgcc.a(_dvmd_tls.o)
                              c:/program files (x86)/cypress/psoc creator/3.2/psoc creator/import/gnu/arm/4.8.4/bin/../lib/gcc/arm-none-eabi/4.8.4/armv6-m\libgcc.a(_udivsi3.o) (__aeabi_idiv0)
[...]
Memory Configuration

Name             Origin             Length             Attributes
rom              0x00000000         0x00020000         xr
ram              0x20000000         0x00004000         xrw
*default*        0x00000000         0xffffffff

Linker script and memory map

LOAD c:/program files (x86)/cypress/psoc creator/3.2/psoc creator/import/gnu/arm/4.8.4/bin/../lib/gcc/arm-none-eabi/4.8.4/armv6-m/crti.o
LOAD c:/program files (x86)/cypress/psoc creator/3.2/psoc creator/import/gnu/arm/4.8.4/bin/../lib/gcc/arm-none-eabi/4.8.4/armv6-m/crtbegin.o
LOAD c:/program files (x86)/cypress/psoc creator/3.2/psoc creator/import/gnu/arm/4.8.4/bin/../lib/gcc/arm-none-eabi/4.8.4/../../../../arm-none-eabi/lib/armv6-m/crt0.o
START GROUP
LOAD .\CortexM0\ARM_GCC_484\Debug\main.o
LOAD .\CortexM0\ARM_GCC_484\Debug\cymetadata.o
LOAD .\CortexM0\ARM_GCC_484\Debug\Cm0Start.o
LOAD .\CortexM0\ARM_GCC_484\Debug\CE97634 PSoC 4 Breathing LED.a
LOAD C:\Program Files (x86)\Cypress\PSoC Creator\3.2\PSoC Creator\psoc\content\cycomponentlibrary\CyComponentLibrary.cylib\CapSense_CSD_P4_v2_20\PSoC4\Library\CapsenseP4Library_GCC.a
LOAD C:\Program Files (x86)\Cypress\PSoC Creator\3.2\PSoC Creator\psoc\content\cycomponentlibrary\CyComponentLibrary.cylib\CortexM0\ARM_GCC_484\Debug\CyComponentLibrary.a
END GROUP
START GROUP
LOAD c:/program files (x86)/cypress/psoc creator/3.2/psoc creator/import/gnu/arm/4.8.4/bin/../lib/gcc/arm-none-eabi/4.8.4/armv6-m\libgcc.a
LOAD c:/program files (x86)/cypress/psoc creator/3.2/psoc creator/import/gnu/arm/4.8.4/bin/../lib/gcc/arm-none-eabi/4.8.4/../../../../arm-none-eabi/lib/armv6-m\libg_s.a
LOAD c:/program files (x86)/cypress/psoc creator/3.2/psoc creator/import/gnu/arm/4.8.4/bin/../lib/gcc/arm-none-eabi/4.8.4/../../../../arm-none-eabi/lib/armv6-m\libc_s.a
END GROUP
START GROUP
LOAD c:/program files (x86)/cypress/psoc creator/3.2/psoc creator/import/gnu/arm/4.8.4/bin/../lib/gcc/arm-none-eabi/4.8.4/armv6-m\libgcc.a
LOAD c:/program files (x86)/cypress/psoc creator/3.2/psoc creator/import/gnu/arm/4.8.4/bin/../lib/gcc/arm-none-eabi/4.8.4/../../../../arm-none-eabi/lib/armv6-m\libc_s.a
END GROUP
LOAD c:/program files (x86)/cypress/psoc creator/3.2/psoc creator/import/gnu/arm/4.8.4/bin/../lib/gcc/arm-none-eabi/4.8.4/armv6-m/crtend.o
LOAD c:/program files (x86)/cypress/psoc creator/3.2/psoc creator/import/gnu/arm/4.8.4/bin/../lib/gcc/arm-none-eabi/4.8.4/armv6-m/crtn.o
START GROUP
LOAD c:/program files (x86)/cypress/psoc creator/3.2/psoc creator/import/gnu/arm/4.8.4/bin/../lib/gcc/arm-none-eabi/4.8.4/armv6-m\libgcc.a
LOAD c:/program files (x86)/cypress/psoc creator/3.2/psoc creator/import/gnu/arm/4.8.4/bin/../lib/gcc/arm-none-eabi/4.8.4/../../../../arm-none-eabi/lib/armv6-m\libc.a
LOAD c:/program files (x86)/cypress/psoc creator/3.2/psoc creator/import/gnu/arm/4.8.4/bin/../lib/gcc/arm-none-eabi/4.8.4/../../../../arm-none-eabi/lib/armv6-m\libnosys.a
END GROUP
                0x00000000                CY_APPL_ORIGIN = 0x0
                0x00000080                CY_FLASH_ROW_SIZE = 0x80
                0x00000001                CY_APPL_NUM = 0x1
                0x00000040                CY_METADATA_SIZE = 0x40
                0x20000350                PROVIDE (__cy_heap_start, _end)
                0x00000001                PROVIDE (__cy_region_num, ((__cy_regions_end - __cy_regions) / 0x10))
                0x20004000                PROVIDE (__cy_stack, (ORIGIN (ram) + 0x4000))
                0x20003800                PROVIDE (__cy_heap_end, (__cy_stack - 0x800))

.cybootloader   0x00000000        0x0
 *(.cybootloader)
                0x00000000                appl1_start = CY_APPL_ORIGIN?CY_APPL_ORIGIN:ALIGN (CY_FLASH_ROW_SIZE)
                0x0000ff80                appl2_start = (appl1_start + ALIGN ((((0x20000 - appl1_start) - (0x2 * CY_FLASH_ROW_SIZE)) / 0x2), CY_FLASH_ROW_SIZE))
                0x00000000                appl_start = (CY_APPL_NUM == 0x1)?appl1_start:appl2_start

.text           0x00000000     0x207c
 CREATE_OBJECT_SYMBOLS
                0x00000000                PROVIDE (__cy_interrupt_vector, RomVectors)
 *(.romvectors)
 .romvectors    0x00000000       0x10 .\CortexM0\ARM_GCC_484\Debug\Cm0Start.o
                0x00000000                RomVectors
                0x00000001                ASSERT ((. != __cy_interrupt_vector), No interrupt vector)
                0x00000001                ASSERT (CY_APPL_ORIGIN?(SIZEOF (.cybootloader) <= CY_APPL_ORIGIN):0x1, Wrong image location)
                0x00000010                PROVIDE (__cy_reset, Reset)
 *(.text.Reset)
 .text.Reset    0x00000010        0x8 .\CortexM0\ARM_GCC_484\Debug\Cm0Start.o
                0x00000010                Reset
                0x00000001                ASSERT ((. != __cy_reset), No reset code)
 *(.psocinit)
 .psocinit      0x00000018      0x25c .\CortexM0\ARM_GCC_484\Debug\CE97634 PSoC 4 Breathing LED.a(cyfitter_cfg.o)
                0x00000104                cyfitter_cfg
                0x00000274                . = MAX (., 0x100)
 *(.text .text.* .gnu.linkonce.t.*)
 .text          0x00000274       0x60 c:/program files (x86)/cypress/psoc creator/3.2/psoc creator/import/gnu/arm/4.8.4/bin/../lib/gcc/arm-none-eabi/4.8.4/armv6-m/crtbegin.o
 .text.main     0x000002d4      0x1fc .\CortexM0\ARM_GCC_484\Debug\main.o
                0x000002d4                main
 .text.IntDefaultHandler
                0x000004d0        0x4 .\CortexM0\ARM_GCC_484\Debug\Cm0Start.o
                0x000004d0                IntDefaultHandler
 .text.Start_c  0x000004d4       0x48 .\CortexM0\ARM_GCC_484\Debug\Cm0Start.o
                0x000004d4                Start_c
 .text.initialize_psoc
                0x0000051c       0x58 .\CortexM0\ARM_GCC_484\Debug\Cm0Start.o
                0x0000051c                initialize_psoc
 .text.cfg_write_bytes32
                0x00000574       0x38 .\CortexM0\ARM_GCC_484\Debug\CE97634 PSoC 4 Breathing LED.a(cyfitter_cfg.o)
 .text.AnalogSetDefault
                0x000005ac       0x28 .\CortexM0\ARM_GCC_484\Debug\CE97634 PSoC 4 Breathing LED.a(cyfitter_cfg.o)
 .text.CYMEMZERO
                0x000005d4        0xc .\CortexM0\ARM_GCC_484\Debug\CE97634 PSoC 4 Breathing LED.a(cyfitter_cfg.o)
 .text.CySysClkImoGetWcoLock
                0x000005e0       0x14 .\CortexM0\ARM_GCC_484\Debug\CE97634 PSoC 4 Breathing LED.a(CyLib.o)
 .text.CySysClkImoDisableWcoLock
                0x000005f4       0x14 .\CortexM0\ARM_GCC_484\Debug\CE97634 PSoC 4 Breathing LED.a(CyLib.o)
                0x000005f4                CySysClkImoDisableWcoLock
 .text.CyIntEnable
                0x00000608       0x14 .\CortexM0\ARM_GCC_484\Debug\CE97634 PSoC 4 Breathing LED.a(CyLib.o)
                0x00000608                CyIntEnable
 .text.CyIntDisable
                0x0000061c       0x14 .\CortexM0\ARM_GCC_484\Debug\CE97634 PSoC 4 Breathing LED.a(CyLib.o)
                0x0000061c                CyIntDisable
 .text.CyIntClearPending
                0x00000630       0x14 .\CortexM0\ARM_GCC_484\Debug\CE97634 PSoC 4 Breathing LED.a(CyLib.o)
                0x00000630                CyIntClearPending
 .text.CyHalt   0x00000644        0x4 .\CortexM0\ARM_GCC_484\Debug\CE97634 PSoC 4 Breathing LED.a(CyLib.o)
                0x00000644                CyHalt
 .text.CyIntSetVector
                0x00000648       0x20 .\CortexM0\ARM_GCC_484\Debug\CE97634 PSoC 4 Breathing LED.a(CyLib.o)
                0x00000648                CyIntSetVector
 .text.CyIntSetPriority
                0x00000668       0x48 .\CortexM0\ARM_GCC_484\Debug\CE97634 PSoC 4 Breathing LED.a(CyLib.o)
                0x00000668                CyIntSetPriority
 .text.CyDelay  0x000006b0       0x30 .\CortexM0\ARM_GCC_484\Debug\CE97634 PSoC 4 Breathing LED.a(CyLib.o)
                0x000006b0                CyDelay
 .text.CySysClkImoEnableWcoLock
                0x000006e0       0xbc .\CortexM0\ARM_GCC_484\Debug\CE97634 PSoC 4 Breathing LED.a(CyLib.o)
                0x000006e0                CySysClkImoEnableWcoLock
 .text.CySysClkWriteImoFreq
                0x0000079c       0x80 .\CortexM0\ARM_GCC_484\Debug\CE97634 PSoC 4 Breathing LED.a(CyLib.o)
                0x0000079c                CySysClkWriteImoFreq
 .text.CySysWdtLocked
                0x0000081c       0x18 .\CortexM0\ARM_GCC_484\Debug\CE97634 PSoC 4 Breathing LED.a(CyLFClk.o)
 .text.CySysClkWcoEnabled
                0x00000834       0x14 .\CortexM0\ARM_GCC_484\Debug\CE97634 PSoC 4 Breathing LED.a(CyLFClk.o)
                0x00000834                CySysClkWcoEnabled
 .text.CySysWdtLock
                0x00000848       0x1c .\CortexM0\ARM_GCC_484\Debug\CE97634 PSoC 4 Breathing LED.a(CyLFClk.o)
                0x00000848                CySysWdtLock
 .text.CySysWdtUnlock
                0x00000864       0x30 .\CortexM0\ARM_GCC_484\Debug\CE97634 PSoC 4 Breathing LED.a(CyLFClk.o)
                0x00000864                CySysWdtUnlock
 .text.CySysWdtClearInterrupt
                0x00000894       0x4c .\CortexM0\ARM_GCC_484\Debug\CE97634 PSoC 4 Breathing LED.a(CyLFClk.o)
                0x00000894                CySysWdtClearInterrupt
 .text.CySysWdtIsr
                0x000008e0       0xa4 .\CortexM0\ARM_GCC_484\Debug\CE97634 PSoC 4 Breathing LED.a(CyLFClk.o)
                0x000008e0                CySysWdtIsr
 .text.CapSense_CsdHwBlockInit
                0x00000984       0x84 .\CortexM0\ARM_GCC_484\Debug\CE97634 PSoC 4 Breathing LED.a(CapSense.o)
                0x00000984                CapSense_CsdHwBlockInit
 .text.CapSense_Enable
                0x00000a08       0x40 .\CortexM0\ARM_GCC_484\Debug\CE97634 PSoC 4 Breathing LED.a(CapSense.o)
                0x00000a08                CapSense_Enable
 .text.CapSense_IsBusy
                0x00000a48       0x10 .\CortexM0\ARM_GCC_484\Debug\CE97634 PSoC 4 Breathing LED.a(CapSense.o)
                0x00000a48                CapSense_IsBusy
 .text.CapSense_ReadSensorRaw
                0x00000a58       0x10 .\CortexM0\ARM_GCC_484\Debug\CE97634 PSoC 4 Breathing LED.a(CapSense.o)
                0x00000a58                CapSense_ReadSensorRaw
 .text.CapSense_EnableSensor
                0x00000a68       0x48 .\CortexM0\ARM_GCC_484\Debug\CE97634 PSoC 4 Breathing LED.a(CapSense.o)
                0x00000a68                CapSense_EnableSensor
 .text.CapSense_DisableSensor
                0x00000ab0       0x70 .\CortexM0\ARM_GCC_484\Debug\CE97634 PSoC 4 Breathing LED.a(CapSense.o)
                0x00000ab0                CapSense_DisableSensor
 .text.CapSense_ClearSensors
                0x00000b20       0x14 .\CortexM0\ARM_GCC_484\Debug\CE97634 PSoC 4 Breathing LED.a(CapSense.o)
                0x00000b20                CapSense_ClearSensors
 .text.CapSense_SetShieldDelay
                0x00000b34       0x14 .\CortexM0\ARM_GCC_484\Debug\CE97634 PSoC 4 Breathing LED.a(CapSense.o)
                0x00000b34                CapSense_SetShieldDelay
 .text.CapSense_Init
                0x00000b48       0x28 .\CortexM0\ARM_GCC_484\Debug\CE97634 PSoC 4 Breathing LED.a(CapSense.o)
                0x00000b48                CapSense_Init
 .text.CapSense_Start
                0x00000b70       0x38 .\CortexM0\ARM_GCC_484\Debug\CE97634 PSoC 4 Breathing LED.a(CapSense.o)
                0x00000b70                CapSense_Start
 .text.CapSense_GetBitValue
                0x00000ba8       0x18 .\CortexM0\ARM_GCC_484\Debug\CE97634 PSoC 4 Breathing LED.a(CapSense.o)
                0x00000ba8                CapSense_GetBitValue
 .text.CapSense_FindNextSensor
                0x00000bc0       0x24 .\CortexM0\ARM_GCC_484\Debug\CE97634 PSoC 4 Breathing LED.a(CapSense.o)
                0x00000bc0                CapSense_FindNextSensor
 .text.CapSense_PreScan
                0x00000be4      0x10c .\CortexM0\ARM_GCC_484\Debug\CE97634 PSoC 4 Breathing LED.a(CapSense.o)
                0x00000be4                CapSense_PreScan
 .text.CapSense_ScanSensor
                0x00000cf0       0x1c .\CortexM0\ARM_GCC_484\Debug\CE97634 PSoC 4 Breathing LED.a(CapSense.o)
                0x00000cf0                CapSense_ScanSensor
 .text.CapSense_ScanEnabledWidgets
                0x00000d0c       0x34 .\CortexM0\ARM_GCC_484\Debug\CE97634 PSoC 4 Breathing LED.a(CapSense.o)
                0x00000d0c                CapSense_ScanEnabledWidgets
 .text.CapSense_PostScan
                0x00000d40       0x8c .\CortexM0\ARM_GCC_484\Debug\CE97634 PSoC 4 Breathing LED.a(CapSense.o)
                0x00000d40                CapSense_PostScan
 .text.CapSense_SetBitValue
                0x00000dcc       0x28 .\CortexM0\ARM_GCC_484\Debug\CE97634 PSoC 4 Breathing LED.a(CapSense.o)
                0x00000dcc                CapSense_SetBitValue
 .text.CapSense_GetSensorRaw
                0x00000df4       0x2c .\CortexM0\ARM_GCC_484\Debug\CE97634 PSoC 4 Breathing LED.a(CapSense.o)
                0x00000df4                CapSense_GetSensorRaw
 .text.CapSense_BaseInit
                0x00000e20       0x40 .\CortexM0\ARM_GCC_484\Debug\CE97634 PSoC 4 Breathing LED.a(CapSense_CSHL.o)
                0x00000e20                CapSense_BaseInit
 .text.CapSense_InitializeSensorBaseline
                0x00000e60       0x18 .\CortexM0\ARM_GCC_484\Debug\CE97634 PSoC 4 Breathing LED.a(CapSense_CSHL.o)
                0x00000e60                CapSense_InitializeSensorBaseline
 .text.CapSense_InitializeAllBaselines
                0x00000e78       0x14 .\CortexM0\ARM_GCC_484\Debug\CE97634 PSoC 4 Breathing LED.a(CapSense_CSHL.o)
                0x00000e78                CapSense_InitializeAllBaselines
 .text.CapSense_CheckIsSensorActive
                0x00000e8c       0xa8 .\CortexM0\ARM_GCC_484\Debug\CE97634 PSoC 4 Breathing LED.a(CapSense_CSHL.o)
                0x00000e8c                CapSense_CheckIsSensorActive
 .text.CapSense_IIR4Filter
                0x00000f34        0xc .\CortexM0\ARM_GCC_484\Debug\CE97634 PSoC 4 Breathing LED.a(CapSense_CSHL.o)
                0x00000f34                CapSense_IIR4Filter
 .text.CapSense_UpdateBaselineNoThreshold
                0x00000f40      0x110 .\CortexM0\ARM_GCC_484\Debug\CE97634 PSoC 4 Breathing LED.a(CapSense_CSHL.o)
                0x00000f40                CapSense_UpdateBaselineNoThreshold
 .text.CapSense_UpdateSensorBaseline
                0x00001050       0x10 .\CortexM0\ARM_GCC_484\Debug\CE97634 PSoC 4 Breathing LED.a(CapSense_CSHL.o)
                0x00001050                CapSense_UpdateSensorBaseline
 .text.CapSense_UpdateEnabledBaselines
                0x00001060       0x28 .\CortexM0\ARM_GCC_484\Debug\CE97634 PSoC 4 Breathing LED.a(CapSense_CSHL.o)
                0x00001060                CapSense_UpdateEnabledBaselines
 .text.CapSense_ISR
                0x00001088       0x9c .\CortexM0\ARM_GCC_484\Debug\CE97634 PSoC 4 Breathing LED.a(CapSense_INT.o)
                0x00001088                CapSense_ISR
 .text.CapSense_UpdateThresholds
                0x00001124       0x30 .\CortexM0\ARM_GCC_484\Debug\CE97634 PSoC 4 Breathing LED.a(CapSense_SMS.o)
                0x00001124                CapSense_UpdateThresholds
 .text.CapSense_SetAnalogSwitchesSrcDirect
                0x00001154       0x10 .\CortexM0\ARM_GCC_484\Debug\CE97634 PSoC 4 Breathing LED.a(CapSense_SMS.o)
                0x00001154                CapSense_SetAnalogSwitchesSrcDirect
 .text.CapSense_DisableBaselineIDAC
                0x00001164       0x1c .\CortexM0\ARM_GCC_484\Debug\CE97634 PSoC 4 Breathing LED.a(CapSense_SMS.o)
                0x00001164                CapSense_DisableBaselineIDAC
 .text.CapSense_EnableBaselineIDAC
                0x00001180       0x50 .\CortexM0\ARM_GCC_484\Debug\CE97634 PSoC 4 Breathing LED.a(CapSense_SMS.o)
                0x00001180                CapSense_EnableBaselineIDAC
 .text.CapSense_AutoTune
                0x000011d0       0xa4 .\CortexM0\ARM_GCC_484\Debug\CE97634 PSoC 4 Breathing LED.a(CapSense_SMS.o)
                0x000011d0                CapSense_AutoTune
 .text.CapSense_SampleClk_StartEx
                0x00001274       0x1c .\CortexM0\ARM_GCC_484\Debug\CE97634 PSoC 4 Breathing LED.a(CapSense_SampleClk.o)
                0x00001274                CapSense_SampleClk_StartEx
 .text.CapSense_SampleClk_Stop
                0x00001290       0x18 .\CortexM0\ARM_GCC_484\Debug\CE97634 PSoC 4 Breathing LED.a(CapSense_SampleClk.o)
                0x00001290                CapSense_SampleClk_Stop
 .text.CapSense_SampleClk_SetFractionalDividerRegister
                0x000012a8       0x20 .\CortexM0\ARM_GCC_484\Debug\CE97634 PSoC 4 Breathing LED.a(CapSense_SampleClk.o)
                0x000012a8                CapSense_SampleClk_SetFractionalDividerRegister
 .text.CapSense_SenseClk_StartEx
                0x000012c8       0x1c .\CortexM0\ARM_GCC_484\Debug\CE97634 PSoC 4 Breathing LED.a(CapSense_SenseClk.o)
                0x000012c8                CapSense_SenseClk_StartEx
 .text.CapSense_SenseClk_Stop
                0x000012e4       0x18 .\CortexM0\ARM_GCC_484\Debug\CE97634 PSoC 4 Breathing LED.a(CapSense_SenseClk.o)
                0x000012e4                CapSense_SenseClk_Stop
 .text.CapSense_SenseClk_SetFractionalDividerRegister
                0x000012fc       0x20 .\CortexM0\ARM_GCC_484\Debug\CE97634 PSoC 4 Breathing LED.a(CapSense_SenseClk.o)
                0x000012fc                CapSense_SenseClk_SetFractionalDividerRegister
 .text.Pin_1_Read
                0x0000131c       0x10 .\CortexM0\ARM_GCC_484\Debug\CE97634 PSoC 4 Breathing LED.a(Pin_1.o)
                0x0000131c                Pin_1_Read
 .text.QuadD1_Enable
                0x0000132c       0x1c .\CortexM0\ARM_GCC_484\Debug\CE97634 PSoC 4 Breathing LED.a(QuadD1.o)
                0x0000132c                QuadD1_Enable
 .text.QuadD1_WriteCounter
                0x00001348       0x10 .\CortexM0\ARM_GCC_484\Debug\CE97634 PSoC 4 Breathing LED.a(QuadD1.o)
                0x00001348                QuadD1_WriteCounter
 .text.QuadD1_SetCounterMode
                0x00001358       0x28 .\CortexM0\ARM_GCC_484\Debug\CE97634 PSoC 4 Breathing LED.a(QuadD1.o)
                0x00001358                QuadD1_SetCounterMode
 .text.QuadD1_WritePeriod
                0x00001380       0x10 .\CortexM0\ARM_GCC_484\Debug\CE97634 PSoC 4 Breathing LED.a(QuadD1.o)
                0x00001380                QuadD1_WritePeriod
 .text.QuadD1_TriggerCommand
                0x00001390       0x1c .\CortexM0\ARM_GCC_484\Debug\CE97634 PSoC 4 Breathing LED.a(QuadD1.o)
                0x00001390                QuadD1_TriggerCommand
 .text.QuadD1_SetInterruptMode
                0x000013ac        0xc .\CortexM0\ARM_GCC_484\Debug\CE97634 PSoC 4 Breathing LED.a(QuadD1.o)
                0x000013ac                QuadD1_SetInterruptMode
 .text.QuadD1_Init
                0x000013b8       0x3c .\CortexM0\ARM_GCC_484\Debug\CE97634 PSoC 4 Breathing LED.a(QuadD1.o)
                0x000013b8                QuadD1_Init
 .text.QuadD1_Start
                0x000013f4       0x20 .\CortexM0\ARM_GCC_484\Debug\CE97634 PSoC 4 Breathing LED.a(QuadD1.o)
                0x000013f4                QuadD1_Start
 .text.QuadD2_Enable
                0x00001414       0x1c .\CortexM0\ARM_GCC_484\Debug\CE97634 PSoC 4 Breathing LED.a(QuadD2.o)
                0x00001414                QuadD2_Enable
 .text.QuadD2_WriteCounter
                0x00001430       0x10 .\CortexM0\ARM_GCC_484\Debug\CE97634 PSoC 4 Breathing LED.a(QuadD2.o)
                0x00001430                QuadD2_WriteCounter
 .text.QuadD2_ReadCounter
                0x00001440       0x10 .\CortexM0\ARM_GCC_484\Debug\CE97634 PSoC 4 Breathing LED.a(QuadD2.o)
                0x00001440                QuadD2_ReadCounter
 .text.QuadD2_SetCounterMode
                0x00001450       0x28 .\CortexM0\ARM_GCC_484\Debug\CE97634 PSoC 4 Breathing LED.a(QuadD2.o)
                0x00001450                QuadD2_SetCounterMode
 .text.QuadD2_WritePeriod
                0x00001478       0x10 .\CortexM0\ARM_GCC_484\Debug\CE97634 PSoC 4 Breathing LED.a(QuadD2.o)
                0x00001478                QuadD2_WritePeriod
 .text.QuadD2_TriggerCommand
                0x00001488       0x1c .\CortexM0\ARM_GCC_484\Debug\CE97634 PSoC 4 Breathing LED.a(QuadD2.o)
                0x00001488                QuadD2_TriggerCommand
 .text.QuadD2_SetInterruptMode
                0x000014a4        0xc .\CortexM0\ARM_GCC_484\Debug\CE97634 PSoC 4 Breathing LED.a(QuadD2.o)
                0x000014a4                QuadD2_SetInterruptMode
 .text.QuadD2_Init
                0x000014b0       0x3c .\CortexM0\ARM_GCC_484\Debug\CE97634 PSoC 4 Breathing LED.a(QuadD2.o)
                0x000014b0                QuadD2_Init
 .text.QuadD2_Start
                0x000014ec       0x20 .\CortexM0\ARM_GCC_484\Debug\CE97634 PSoC 4 Breathing LED.a(QuadD2.o)
                0x000014ec                QuadD2_Start
 .text.QuadD3_Enable
                0x0000150c       0x1c .\CortexM0\ARM_GCC_484\Debug\CE97634 PSoC 4 Breathing LED.a(QuadD3.o)
                0x0000150c                QuadD3_Enable
 .text.QuadD3_WriteCounter
                0x00001528       0x10 .\CortexM0\ARM_GCC_484\Debug\CE97634 PSoC 4 Breathing LED.a(QuadD3.o)
                0x00001528                QuadD3_WriteCounter
 .text.QuadD3_ReadCounter
                0x00001538       0x10 .\CortexM0\ARM_GCC_484\Debug\CE97634 PSoC 4 Breathing LED.a(QuadD3.o)
                0x00001538                QuadD3_ReadCounter
 .text.QuadD3_SetCounterMode
                0x00001548       0x28 .\CortexM0\ARM_GCC_484\Debug\CE97634 PSoC 4 Breathing LED.a(QuadD3.o)
                0x00001548                QuadD3_SetCounterMode
 .text.QuadD3_WritePeriod
                0x00001570       0x10 .\CortexM0\ARM_GCC_484\Debug\CE97634 PSoC 4 Breathing LED.a(QuadD3.o)
                0x00001570                QuadD3_WritePeriod
 .text.QuadD3_TriggerCommand
                0x00001580       0x1c .\CortexM0\ARM_GCC_484\Debug\CE97634 PSoC 4 Breathing LED.a(QuadD3.o)
                0x00001580                QuadD3_TriggerCommand
 .text.QuadD3_SetInterruptMode
                0x0000159c        0xc .\CortexM0\ARM_GCC_484\Debug\CE97634 PSoC 4 Breathing LED.a(QuadD3.o)
                0x0000159c                QuadD3_SetInterruptMode
 .text.QuadD3_Init
                0x000015a8       0x3c .\CortexM0\ARM_GCC_484\Debug\CE97634 PSoC 4 Breathing LED.a(QuadD3.o)
                0x000015a8                QuadD3_Init
 .text.QuadD3_Start
                0x000015e4       0x20 .\CortexM0\ARM_GCC_484\Debug\CE97634 PSoC 4 Breathing LED.a(QuadD3.o)
                0x000015e4                QuadD3_Start
 .text.QuadD4_Enable
                0x00001604       0x1c .\CortexM0\ARM_GCC_484\Debug\CE97634 PSoC 4 Breathing LED.a(QuadD4.o)
                0x00001604                QuadD4_Enable
 .text.QuadD4_WriteCounter
                0x00001620       0x10 .\CortexM0\ARM_GCC_484\Debug\CE97634 PSoC 4 Breathing LED.a(QuadD4.o)
                0x00001620                QuadD4_WriteCounter
 .text.QuadD4_ReadCounter
                0x00001630       0x10 .\CortexM0\ARM_GCC_484\Debug\CE97634 PSoC 4 Breathing LED.a(QuadD4.o)
                0x00001630                QuadD4_ReadCounter
 .text.QuadD4_SetCounterMode
                0x00001640       0x28 .\CortexM0\ARM_GCC_484\Debug\CE97634 PSoC 4 Breathing LED.a(QuadD4.o)
                0x00001640                QuadD4_SetCounterMode
 .text.QuadD4_WritePeriod
                0x00001668       0x10 .\CortexM0\ARM_GCC_484\Debug\CE97634 PSoC 4 Breathing LED.a(QuadD4.o)
                0x00001668                QuadD4_WritePeriod
 .text.QuadD4_TriggerCommand
                0x00001678       0x1c .\CortexM0\ARM_GCC_484\Debug\CE97634 PSoC 4 Breathing LED.a(QuadD4.o)
                0x00001678                QuadD4_TriggerCommand
 .text.QuadD4_SetInterruptMode
                0x00001694        0xc .\CortexM0\ARM_GCC_484\Debug\CE97634 PSoC 4 Breathing LED.a(QuadD4.o)
                0x00001694                QuadD4_SetInterruptMode
 .text.QuadD4_Init
                0x000016a0       0x3c .\CortexM0\ARM_GCC_484\Debug\CE97634 PSoC 4 Breathing LED.a(QuadD4.o)
                0x000016a0                QuadD4_Init
 .text.QuadD4_Start
                0x000016dc       0x20 .\CortexM0\ARM_GCC_484\Debug\CE97634 PSoC 4 Breathing LED.a(QuadD4.o)
                0x000016dc                QuadD4_Start
 .text.I2C_ScbEnableIntr
                0x000016fc        0xc .\CortexM0\ARM_GCC_484\Debug\CE97634 PSoC 4 Breathing LED.a(I2C.o)
 .text.I2C_Init
                0x00001708        0x8 .\CortexM0\ARM_GCC_484\Debug\CE97634 PSoC 4 Breathing LED.a(I2C.o)
                0x00001708                I2C_Init
 .text.I2C_Enable
                0x00001710       0x18 .\CortexM0\ARM_GCC_484\Debug\CE97634 PSoC 4 Breathing LED.a(I2C.o)
                0x00001710                I2C_Enable
 .text.I2C_Start
                0x00001728       0x20 .\CortexM0\ARM_GCC_484\Debug\CE97634 PSoC 4 Breathing LED.a(I2C.o)
                0x00001728                I2C_Start
 .text.I2C_EzI2CInit
                0x00001748       0xc0 .\CortexM0\ARM_GCC_484\Debug\CE97634 PSoC 4 Breathing LED.a(I2C_EZI2C.o)
                0x00001748                I2C_EzI2CInit
 .text.I2C_EzI2CSetBuffer1
                0x00001808       0x30 .\CortexM0\ARM_GCC_484\Debug\CE97634 PSoC 4 Breathing LED.a(I2C_EZI2C.o)
                0x00001808                I2C_EzI2CSetBuffer1
 .text.I2C_EZI2C_STRETCH_ISR
                0x00001838      0x33c .\CortexM0\ARM_GCC_484\Debug\CE97634 PSoC 4 Breathing LED.a(I2C_EZI2C_INT.o)
                0x00001838                I2C_EZI2C_STRETCH_ISR
 .text.Pin_2_Read
                0x00001b74       0x10 .\CortexM0\ARM_GCC_484\Debug\CE97634 PSoC 4 Breathing LED.a(Pin_2.o)
                0x00001b74                Pin_2_Read
 *fill*         0x00001b84        0x4 
 .text          0x00001b88       0x20 .\CortexM0\ARM_GCC_484\Debug\CE97634 PSoC 4 Breathing LED.a(CyBootAsmGnu.o)
                0x00001b88                CyDelayCycles
                0x00001b9a                CyEnterCriticalSection
                0x00001ba2                CyExitCriticalSection
 .text.CySysFlashSetWaitCycles
                0x00001ba8       0x54 .\CortexM0\ARM_GCC_484\Debug\CE97634 PSoC 4 Breathing LED.a(CyFlash.o)
                0x00001ba8                CySysFlashSetWaitCycles
 .text.CalibrateOneDAC_P4_v2_20
                0x00001bfc       0x40 C:\Program Files (x86)\Cypress\PSoC Creator\3.2\PSoC Creator\psoc\content\cycomponentlibrary\CyComponentLibrary.cylib\CapSense_CSD_P4_v2_20\PSoC4\Library\CapsenseP4Library_GCC.a(CSD_P4_SmartSense_v2_20.o)
                0x00001bfc                CalibrateOneDAC_P4_v2_20
 .text.CalibrateSensors_P4_v2_20
                0x00001c3c       0x22 C:\Program Files (x86)\Cypress\PSoC Creator\3.2\PSoC Creator\psoc\content\cycomponentlibrary\CyComponentLibrary.cylib\CapSense_CSD_P4_v2_20\PSoC4\Library\CapsenseP4Library_GCC.a(CSD_P4_SmartSense_v2_20.o)
                0x00001c3c                CalibrateSensors_P4_v2_20
 *fill*         0x00001c5e        0x2 
 .text.TunePrescalers_P4_v2_20
                0x00001c60       0x48 C:\Program Files (x86)\Cypress\PSoC Creator\3.2\PSoC Creator\psoc\content\cycomponentlibrary\CyComponentLibrary.cylib\CapSense_CSD_P4_v2_20\PSoC4\Library\CapsenseP4Library_GCC.a(CSD_P4_SmartSense_v2_20.o)
                0x00001c60                TunePrescalers_P4_v2_20
 .text.TuneSensitivity_P4_v2_20
                0x00001ca8      0x100 C:\Program Files (x86)\Cypress\PSoC Creator\3.2\PSoC Creator\psoc\content\cycomponentlibrary\CyComponentLibrary.cylib\CapSense_CSD_P4_v2_20\PSoC4\Library\CapsenseP4Library_GCC.a(CSD_P4_SmartSense_v2_20.o)
                0x00001ca8                TuneSensitivity_P4_v2_20
 .text.MeasureNoiseEnvelope_P4_v2_20
                0x00001da8      0x118 C:\Program Files (x86)\Cypress\PSoC Creator\3.2\PSoC Creator\psoc\content\cycomponentlibrary\CyComponentLibrary.cylib\CapSense_CSD_P4_v2_20\PSoC4\Library\CapsenseP4Library_GCC.a(CSD_P4_SmartSense_v2_20.o)
                0x00001da8                MeasureNoiseEnvelope_P4_v2_20
 .text          0x00001ec0       0x9c c:/program files (x86)/cypress/psoc creator/3.2/psoc creator/import/gnu/arm/4.8.4/bin/../lib/gcc/arm-none-eabi/4.8.4/armv6-m\libgcc.a(_udivsi3.o)
                0x00001ec0                __aeabi_uidiv
                0x00001ec0                __udivsi3
                0x00001f48                __aeabi_uidivmod
 .text          0x00001f5c       0xc0 c:/program files (x86)/cypress/psoc creator/3.2/psoc creator/import/gnu/arm/4.8.4/bin/../lib/gcc/arm-none-eabi/4.8.4/armv6-m\libgcc.a(_divsi3.o)
                0x00001f5c                __divsi3
                0x00001f5c                __aeabi_idiv
                0x00002008                __aeabi_idivmod
 .text          0x0000201c        0x4 c:/program files (x86)/cypress/psoc creator/3.2/psoc creator/import/gnu/arm/4.8.4/bin/../lib/gcc/arm-none-eabi/4.8.4/armv6-m\libgcc.a(_dvmd_tls.o)
                0x0000201c                __aeabi_idiv0
                0x0000201c                __aeabi_ldiv0
 .text.__libc_init_array
                0x00002020       0x4c c:/program files (x86)/cypress/psoc creator/3.2/psoc creator/import/gnu/arm/4.8.4/bin/../lib/gcc/arm-none-eabi/4.8.4/../../../../arm-none-eabi/lib/armv6-m\libg_s.a(lib_a-init.o)
                0x00002020                __libc_init_array
 .text.memset   0x0000206c       0x10 c:/program files (x86)/cypress/psoc creator/3.2/psoc creator/import/gnu/arm/4.8.4/bin/../lib/gcc/arm-none-eabi/4.8.4/../../../../arm-none-eabi/lib/armv6-m\libg_s.a(lib_a-memset.o)
                0x0000206c                memset
 *(.plt)
 *(.gnu.warning)
 *(.glue_7t)
 .glue_7t       0x00000000        0x0 linker stubs
 *(.glue_7)
 .glue_7        0x00000000        0x0 linker stubs
 *(.vfp11_veneer)
 .vfp11_veneer  0x00000000        0x0 linker stubs
 *(.bootloader)
 *(.ARM.extab* .gnu.linkonce.armextab.*)
 *(.gcc_except_table)

.v4_bx          0x0000207c        0x0
 .v4_bx         0x00000000        0x0 linker stubs

.iplt           0x0000207c        0x0
 .iplt          0x00000000        0x0 c:/program files (x86)/cypress/psoc creator/3.2/psoc creator/import/gnu/arm/4.8.4/bin/../lib/gcc/arm-none-eabi/4.8.4/armv6-m/crtbegin.o

.eh_frame_hdr
 *(.eh_frame_hdr)

.eh_frame       0x0000207c        0x4
 *(.eh_frame)
 .eh_frame      0x0000207c        0x0 c:/program files (x86)/cypress/psoc creator/3.2/psoc creator/import/gnu/arm/4.8.4/bin/../lib/gcc/arm-none-eabi/4.8.4/armv6-m/crtbegin.o
 .eh_frame      0x0000207c        0x4 c:/program files (x86)/cypress/psoc creator/3.2/psoc creator/import/gnu/arm/4.8.4/bin/../lib/gcc/arm-none-eabi/4.8.4/armv6-m/crtend.o
                0x00002080                PROVIDE (__exidx_start, .)

.ARM.exidx
 *(.ARM.exidx* .gnu.linkonce.armexidx.*)
                0x00002080                __exidx_end = .

.rodata         0x00002080      0x1f0
 *(.rodata .rodata.* .gnu.linkonce.r.*)
 .rodata        0x00002080       0x74 .\CortexM0\ARM_GCC_484\Debug\CE97634 PSoC 4 Breathing LED.a(cyfitter_cfg.o)
 .rodata        0x000020f4       0x30 .\CortexM0\ARM_GCC_484\Debug\CE97634 PSoC 4 Breathing LED.a(CyLib.o)
                0x000020f4                cyImoFreqMhz2Reg
 .rodata        0x00002124       0xb4 .\CortexM0\ARM_GCC_484\Debug\CE97634 PSoC 4 Breathing LED.a(CapSense.o)
                0x00002124                CapSense_portTable
                0x00002130                CapSense_pinShiftTbl
                0x0000213c                CapSense_prtSelTbl
                0x0000215c                CapSense_prtCfgTbl
                0x0000217c                CapSense_prtDRTbl
                0x0000219c                CapSense_widgetNumber
                0x000021a8                CapSense_maskTable
 .rodata        0x000021d8       0x18 .\CortexM0\ARM_GCC_484\Debug\CE97634 PSoC 4 Breathing LED.a(CapSense_CSHL.o)
                0x000021d8                CapSense_rawDataIndex
                0x000021e4                CapSense_numberOfSensors
 .rodata        0x000021f0       0x48 .\CortexM0\ARM_GCC_484\Debug\CE97634 PSoC 4 Breathing LED.a(CapSense_SMS.o)
                0x000021f0                CapSense_configPointers
                0x00002228                prescalerTable
                0x00002238                . = ALIGN (0x4)
 *(.init)
 .init          0x00002238        0x4 c:/program files (x86)/cypress/psoc creator/3.2/psoc creator/import/gnu/arm/4.8.4/bin/../lib/gcc/arm-none-eabi/4.8.4/armv6-m/crti.o
                0x00002238                _init
 .init          0x0000223c        0x8 c:/program files (x86)/cypress/psoc creator/3.2/psoc creator/import/gnu/arm/4.8.4/bin/../lib/gcc/arm-none-eabi/4.8.4/armv6-m/crtn.o
                0x00002244                . = ALIGN (0x4)
                0x00002244                __preinit_array_start = .
 *(.preinit_array)
                0x00002244                __preinit_array_end = .
                0x00002244                . = ALIGN (0x4)
                0x00002244                __init_array_start = .
 *(SORT(.init_array.*))
 *(.init_array)
 .init_array    0x00002244        0x4 c:/program files (x86)/cypress/psoc creator/3.2/psoc creator/import/gnu/arm/4.8.4/bin/../lib/gcc/arm-none-eabi/4.8.4/armv6-m/crtbegin.o
 .init_array    0x00002248        0x4 .\CortexM0\ARM_GCC_484\Debug\Cm0Start.o
                0x0000224c                __init_array_end = .
                0x0000224c                . = ALIGN (0x4)
 *(.fini)
 .fini          0x0000224c        0x4 c:/program files (x86)/cypress/psoc creator/3.2/psoc creator/import/gnu/arm/4.8.4/bin/../lib/gcc/arm-none-eabi/4.8.4/armv6-m/crti.o
                0x0000224c                _fini
 .fini          0x00002250        0x8 c:/program files (x86)/cypress/psoc creator/3.2/psoc creator/import/gnu/arm/4.8.4/bin/../lib/gcc/arm-none-eabi/4.8.4/armv6-m/crtn.o
                0x00002258                . = ALIGN (0x4)
                0x00002258                __fini_array_start = .
 *(.fini_array)
 .fini_array    0x00002258        0x4 c:/program files (x86)/cypress/psoc creator/3.2/psoc creator/import/gnu/arm/4.8.4/bin/../lib/gcc/arm-none-eabi/4.8.4/armv6-m/crtbegin.o
 *(SORT(.fini_array.*))
                0x0000225c                __fini_array_end = .
                0x0000225c                . = ALIGN (0x4)
 *crtbegin.o(.ctors)
 *(EXCLUDE_FILE(*crtend.o) .ctors)
 *(SORT(.ctors.*))
 *crtend.o(.ctors)
                0x0000225c                . = ALIGN (0x4)
 *crtbegin.o(.dtors)
 *(EXCLUDE_FILE(*crtend.o) .dtors)
 *(SORT(.dtors.*))
 *crtend.o(.dtors)
                0x0000225c                . = ALIGN (0x4)
                0x0000225c                __cy_regions = .
                0x0000225c        0x4 LONG 0x2270 __cy_region_init_ram
                0x00002260        0x4 LONG 0x200000c8 __cy_region_start_data
                0x00002264        0x4 LONG 0xb0 __cy_region_init_size_ram
                0x00002268        0x4 LONG 0x1d8 __cy_region_zero_size_ram
                0x0000226c                __cy_regions_end = .
                0x00002270                . = ALIGN (0x8)
 *fill*         0x0000226c        0x4 
                0x00002270                _etext = .

.ramvectors     0x20000000       0xc0
                0x20000000                __cy_region_start_ram = .
 *(.ramvectors)
 .ramvectors    0x20000000       0xc0 .\CortexM0\ARM_GCC_484\Debug\Cm0Start.o
                0x20000000                CyRamVectors

.noinit         0x200000c0        0x4
 *(.noinit)
 .noinit        0x200000c0        0x4 .\CortexM0\ARM_GCC_484\Debug\Cm0Start.o

.data           0x200000c8       0xb0 load address 0x00002270
                0x200000c8                __cy_region_start_data = .
 *(.jcr)
 .jcr           0x200000c8        0x0 c:/program files (x86)/cypress/psoc creator/3.2/psoc creator/import/gnu/arm/4.8.4/bin/../lib/gcc/arm-none-eabi/4.8.4/armv6-m/crtbegin.o
 .jcr           0x200000c8        0x4 c:/program files (x86)/cypress/psoc creator/3.2/psoc creator/import/gnu/arm/4.8.4/bin/../lib/gcc/arm-none-eabi/4.8.4/armv6-m/crtend.o
 *(.got.plt)
 *(.got)
 *(.shdata)
 *(.data .data.* .gnu.linkonce.d.*)
 .data          0x200000cc       0x10 .\CortexM0\ARM_GCC_484\Debug\CE97634 PSoC 4 Breathing LED.a(CyLib.o)
                0x200000cc                cydelay32kMs
                0x200000d0                cydelayFreqKhz
                0x200000d4                cydelayFreqMhz
                0x200000d8                cydelayFreqHz
 .data          0x200000dc        0x4 .\CortexM0\ARM_GCC_484\Debug\CE97634 PSoC 4 Breathing LED.a(CyLFClk.o)
 .data          0x200000e0       0x64 .\CortexM0\ARM_GCC_484\Debug\CE97634 PSoC 4 Breathing LED.a(CapSense.o)
                0x200000e0                CapSense_widgetResolution
                0x20000110                CapSense_sensorEnableMask
                0x20000114                CapSense_pcTable
 .data          0x20000144       0x28 .\CortexM0\ARM_GCC_484\Debug\CE97634 PSoC 4 Breathing LED.a(CapSense_CSHL.o)
                0x20000144                CapSense_debounce
                0x20000150                CapSense_fingerThreshold
                0x2000015c                CapSense_lowBaselineReset
                0x20000168                CapSense_enableRawFilters
 .data          0x2000016c        0xc .\CortexM0\ARM_GCC_484\Debug\CE97634 PSoC 4 Breathing LED.a(CapSense_SMS.o)
                0x2000016c                SMS_LIB_SensorSensitivity
                0x20000178                . = ALIGN (0x8)
 *(.ram)
                0x20000178                _edata = .

.igot.plt       0x20000178        0x0 load address 0x00002320
 .igot.plt      0x00000000        0x0 c:/program files (x86)/cypress/psoc creator/3.2/psoc creator/import/gnu/arm/4.8.4/bin/../lib/gcc/arm-none-eabi/4.8.4/armv6-m/crtbegin.o

.bss            0x20000178      0x1d8 load address 0x00002320
                0x20000178                PROVIDE (__bss_start__, .)
 *(.shbss)
 *(.bss .bss.* .gnu.linkonce.b.*)
 .bss           0x20000178       0x1c c:/program files (x86)/cypress/psoc creator/3.2/psoc creator/import/gnu/arm/4.8.4/bin/../lib/gcc/arm-none-eabi/4.8.4/armv6-m/crtbegin.o
 .bss           0x20000194       0x1c .\CortexM0\ARM_GCC_484\Debug\CE97634 PSoC 4 Breathing LED.a(CyLFClk.o)
 .bss           0x200001b0       0x20 .\CortexM0\ARM_GCC_484\Debug\CE97634 PSoC 4 Breathing LED.a(CapSense.o)
                0x200001b0                CapSense_csdStatusVar
                0x200001b4                CapSense_sensorRaw
                0x200001cd                CapSense_lowLevelTuningDone
                0x200001ce                CapSense_sensorIndex
 .bss           0x200001d0       0x44 .\CortexM0\ARM_GCC_484\Debug\CE97634 PSoC 4 Breathing LED.a(CapSense_CSHL.o)
                0x200001d0                CapSense_sensorBaseline
                0x200001e8                CapSense_sensorBaselineLow
                0x200001f4                CapSense_sensorSignal
                0x20000210                CapSense_sensorOnMask
 .bss           0x20000214        0x1 .\CortexM0\ARM_GCC_484\Debug\CE97634 PSoC 4 Breathing LED.a(CapSense_INT.o)
 .bss           0x20000215        0x1 .\CortexM0\ARM_GCC_484\Debug\CE97634 PSoC 4 Breathing LED.a(QuadD1.o)
                0x20000215                QuadD1_initVar
 .bss           0x20000216        0x1 .\CortexM0\ARM_GCC_484\Debug\CE97634 PSoC 4 Breathing LED.a(QuadD2.o)
                0x20000216                QuadD2_initVar
 .bss           0x20000217        0x1 .\CortexM0\ARM_GCC_484\Debug\CE97634 PSoC 4 Breathing LED.a(QuadD3.o)
                0x20000217                QuadD3_initVar
 .bss           0x20000218        0x1 .\CortexM0\ARM_GCC_484\Debug\CE97634 PSoC 4 Breathing LED.a(QuadD4.o)
                0x20000218                QuadD4_initVar
 *fill*         0x20000219        0x3 
 .bss           0x2000021c        0x8 .\CortexM0\ARM_GCC_484\Debug\CE97634 PSoC 4 Breathing LED.a(I2C.o)
                0x2000021c                I2C_initVar
                0x20000220                I2C_customIntrHandler
 .bss           0x20000224        0x2 .\CortexM0\ARM_GCC_484\Debug\CE97634 PSoC 4 Breathing LED.a(I2C_EZI2C_INT.o)
 *(COMMON)
 *fill*         0x20000226        0x2 
 COMMON         0x20000228       0x48 .\CortexM0\ARM_GCC_484\Debug\CE97634 PSoC 4 Breathing LED.a(CapSense.o)
                0x20000228                CapSense_csdTrim1
                0x2000022c                CapSense_sensorEnableMaskBackup
                0x20000230                CapSense_senseClkDividerVal
                0x2000023c                CapSense_modulationIDAC
                0x20000248                CapSense_compensationIDAC
                0x20000254                scanSpeedTbl
                0x20000258                CapSense_unscannedSnsDriveMode
                0x20000264                CapSense_sampleClkDividerVal
 COMMON         0x20000270       0x48 .\CortexM0\ARM_GCC_484\Debug\CE97634 PSoC 4 Breathing LED.a(CapSense_CSHL.o)
                0x20000270                CapSense_noiseThreshold
                0x2000027c                CapSense_lowBaselineResetCnt
                0x20000288                CapSense_negativeNoiseThreshold
                0x20000294                CapSense_rawFilterData1
                0x200002ac                CapSense_hysteresis
 COMMON         0x200002b8       0x84 .\CortexM0\ARM_GCC_484\Debug\CE97634 PSoC 4 Breathing LED.a(CapSense_SMS.o)
                0x200002b8                signRegisterTbl
                0x200002c4                runningDifferenceTbl
                0x200002d0                sampleMinTbl
                0x200002e8                previousSampleTbl
                0x20000300                kValueTbl
                0x2000030c                CapSense_config
                0x20000318                sampleMaxTbl
                0x20000330                noiseEnvelopeTbl
 COMMON         0x2000033c       0x11 .\CortexM0\ARM_GCC_484\Debug\CE97634 PSoC 4 Breathing LED.a(I2C_EZI2C.o)
                0x2000033c                I2C_protectBuf1
                0x2000033e                I2C_curStatus
                0x20000340                I2C_indexBuf1
                0x20000344                I2C_dataBuffer1
                0x20000348                I2C_offsetBuf1
                0x2000034a                I2C_bufSizeBuf1
                0x2000034c                I2C_fsmState
                0x20000350                . = ALIGN (0x8)
 *fill*         0x2000034d        0x3 
 *(.ram.b)
                0x20000350                _end = .
                0x20000350                __end = .
                0x20000350                PROVIDE (end, .)
                0x20000350                PROVIDE (__bss_end__, .)
                0x00002270                __cy_region_init_ram = LOADADDR (.data)
                0x000000b0                __cy_region_init_size_ram = (_edata - ADDR (.data))
                0x000001d8                __cy_region_zero_size_ram = (_end - _edata)

.heap           0x20000350       0x80 load address 0x00002320
                0x20000350                . = _end
                0x200003d0                . = (. + 0x80)
 *fill*         0x20000350       0x80 
                0x200003d0                __cy_heap_limit = .

.stack          0x20003800      0x800
                0x20003800                __cy_stack_limit = .
                0x20004000                . = (. + 0x800)
 *fill*         0x20003800      0x800 
                0x00000001                ASSERT ((__cy_stack_limit >= __cy_heap_limit), region RAM overflowed with stack)

.cyloadermeta
 *(.cyloadermeta)

.cyloadablemeta
 *(.cyloadablemeta)

.cyflashprotect
                0x90400000       0x80
 *(.cyflashprotect)
 .cyflashprotect
                0x90400000       0x80 .\CortexM0\ARM_GCC_484\Debug\cymetadata.o
                0x90400000                cy_meta_flashprotect

.cymeta         0x90500000        0xc
 *(.cymeta)
 .cymeta        0x90500000        0xc .\CortexM0\ARM_GCC_484\Debug\cymetadata.o
                0x90500000                cy_metadata

.cychipprotect  0x90600000        0x4
 *(.cychipprotect)
 .cychipprotect
                0x90600000        0x4 .\CortexM0\ARM_GCC_484\Debug\cymetadata.o
                0x90600000                cy_meta_chipprotect

.rel.dyn        0x00002320        0x0 load address 0x90600004
 .rel.iplt      0x00000000        0x0 c:/program files (x86)/cypress/psoc creator/3.2/psoc creator/import/gnu/arm/4.8.4/bin/../lib/gcc/arm-none-eabi/4.8.4/armv6-m/crtbegin.o

.stab
 *(.stab)

.stabstr
 *(.stabstr)

.debug
 *(.debug)

.line
 *(.line)

.debug_srcinfo
 *(.debug_srcinfo)

.debug_sfnames
 *(.debug_sfnames)

.debug_aranges  0x00000000      0xe78
 *(.debug_aranges)
 .debug_aranges
                0x00000000       0x20 .\CortexM0\ARM_GCC_484\Debug\main.o
 .debug_aranges
                0x00000020       0x18 .\CortexM0\ARM_GCC_484\Debug\cymetadata.o
 .debug_aranges
                0x00000038       0x48 .\CortexM0\ARM_GCC_484\Debug\Cm0Start.o
 .debug_aranges
                0x00000080       0x48 .\CortexM0\ARM_GCC_484\Debug\CE97634 PSoC 4 Breathing LED.a(cyfitter_cfg.o)
 .debug_aranges
                0x000000c8      0x190 .\CortexM0\ARM_GCC_484\Debug\CE97634 PSoC 4 Breathing LED.a(CyLib.o)
 .debug_aranges
                0x00000258      0x150 .\CortexM0\ARM_GCC_484\Debug\CE97634 PSoC 4 Breathing LED.a(CyLFClk.o)
 .debug_aranges
                0x000003a8      0x150 .\CortexM0\ARM_GCC_484\Debug\CE97634 PSoC 4 Breathing LED.a(CapSense.o)
 .debug_aranges
                0x000004f8      0x128 .\CortexM0\ARM_GCC_484\Debug\CE97634 PSoC 4 Breathing LED.a(CapSense_CSHL.o)
 .debug_aranges
                0x00000620       0x20 .\CortexM0\ARM_GCC_484\Debug\CE97634 PSoC 4 Breathing LED.a(CapSense_INT.o)
 .debug_aranges
                0x00000640       0x60 .\CortexM0\ARM_GCC_484\Debug\CE97634 PSoC 4 Breathing LED.a(CapSense_SMS.o)
 .debug_aranges
                0x000006a0       0x40 .\CortexM0\ARM_GCC_484\Debug\CE97634 PSoC 4 Breathing LED.a(CapSense_SampleClk.o)
 .debug_aranges
                0x000006e0       0x40 .\CortexM0\ARM_GCC_484\Debug\CE97634 PSoC 4 Breathing LED.a(CapSense_SenseClk.o)
 .debug_aranges
                0x00000720       0x40 .\CortexM0\ARM_GCC_484\Debug\CE97634 PSoC 4 Breathing LED.a(Pin_1.o)
 .debug_aranges
                0x00000760      0x158 .\CortexM0\ARM_GCC_484\Debug\CE97634 PSoC 4 Breathing LED.a(QuadD1.o)
 .debug_aranges
                0x000008b8      0x158 .\CortexM0\ARM_GCC_484\Debug\CE97634 PSoC 4 Breathing LED.a(QuadD2.o)
 .debug_aranges
                0x00000a10      0x158 .\CortexM0\ARM_GCC_484\Debug\CE97634 PSoC 4 Breathing LED.a(QuadD3.o)
 .debug_aranges
                0x00000b68      0x158 .\CortexM0\ARM_GCC_484\Debug\CE97634 PSoC 4 Breathing LED.a(QuadD4.o)
 .debug_aranges
                0x00000cc0       0x60 .\CortexM0\ARM_GCC_484\Debug\CE97634 PSoC 4 Breathing LED.a(I2C.o)
 .debug_aranges
                0x00000d20       0x50 .\CortexM0\ARM_GCC_484\Debug\CE97634 PSoC 4 Breathing LED.a(I2C_EZI2C.o)
 .debug_aranges
                0x00000d70       0x20 .\CortexM0\ARM_GCC_484\Debug\CE97634 PSoC 4 Breathing LED.a(I2C_EZI2C_INT.o)
 .debug_aranges
                0x00000d90       0x40 .\CortexM0\ARM_GCC_484\Debug\CE97634 PSoC 4 Breathing LED.a(Pin_2.o)
 .debug_aranges
                0x00000dd0       0x20 .\CortexM0\ARM_GCC_484\Debug\CE97634 PSoC 4 Breathing LED.a(CyBootAsmGnu.o)
 .debug_aranges
                0x00000df0       0x40 .\CortexM0\ARM_GCC_484\Debug\CE97634 PSoC 4 Breathing LED.a(CyFlash.o)
 .debug_aranges
                0x00000e30       0x48 C:\Program Files (x86)\Cypress\PSoC Creator\3.2\PSoC Creator\psoc\content\cycomponentlibrary\CyComponentLibrary.cylib\CapSense_CSD_P4_v2_20\PSoC4\Library\CapsenseP4Library_GCC.a(CSD_P4_SmartSense_v2_20.o)

.debug_pubnames
 *(.debug_pubnames)

.debug_info     0x00000000     0x87d8
 *(.debug_info .gnu.linkonce.wi.*)
 .debug_info    0x00000000      0x50e .\CortexM0\ARM_GCC_484\Debug\main.o
 .debug_info    0x0000050e       0xfd .\CortexM0\ARM_GCC_484\Debug\cymetadata.o
 .debug_info    0x0000060b      0x386 .\CortexM0\ARM_GCC_484\Debug\Cm0Start.o
 .debug_info    0x00000991      0x3fd .\CortexM0\ARM_GCC_484\Debug\CE97634 PSoC 4 Breathing LED.a(cyfitter_cfg.o)
 .debug_info    0x00000d8e      0xb64 .\CortexM0\ARM_GCC_484\Debug\CE97634 PSoC 4 Breathing LED.a(CyLib.o)
 .debug_info    0x000018f2      0xdc3 .\CortexM0\ARM_GCC_484\Debug\CE97634 PSoC 4 Breathing LED.a(CyLFClk.o)
 .debug_info    0x000026b5     0x108c .\CortexM0\ARM_GCC_484\Debug\CE97634 PSoC 4 Breathing LED.a(CapSense.o)
 .debug_info    0x00003741      0xdcd .\CortexM0\ARM_GCC_484\Debug\CE97634 PSoC 4 Breathing LED.a(CapSense_CSHL.o)
 .debug_info    0x0000450e      0x1ad .\CortexM0\ARM_GCC_484\Debug\CE97634 PSoC 4 Breathing LED.a(CapSense_INT.o)
 .debug_info    0x000046bb      0x6bf .\CortexM0\ARM_GCC_484\Debug\CE97634 PSoC 4 Breathing LED.a(CapSense_SMS.o)
 .debug_info    0x00004d7a      0x163 .\CortexM0\ARM_GCC_484\Debug\CE97634 PSoC 4 Breathing LED.a(CapSense_SampleClk.o)
 .debug_info    0x00004edd      0x163 .\CortexM0\ARM_GCC_484\Debug\CE97634 PSoC 4 Breathing LED.a(CapSense_SenseClk.o)
 .debug_info    0x00005040      0x150 .\CortexM0\ARM_GCC_484\Debug\CE97634 PSoC 4 Breathing LED.a(Pin_1.o)
 .debug_info    0x00005190      0x8ee .\CortexM0\ARM_GCC_484\Debug\CE97634 PSoC 4 Breathing LED.a(QuadD1.o)
 .debug_info    0x00005a7e      0x8ee .\CortexM0\ARM_GCC_484\Debug\CE97634 PSoC 4 Breathing LED.a(QuadD2.o)
 .debug_info    0x0000636c      0x8ee .\CortexM0\ARM_GCC_484\Debug\CE97634 PSoC 4 Breathing LED.a(QuadD3.o)
 .debug_info    0x00006c5a      0x8ee .\CortexM0\ARM_GCC_484\Debug\CE97634 PSoC 4 Breathing LED.a(QuadD4.o)
 .debug_info    0x00007548      0x291 .\CortexM0\ARM_GCC_484\Debug\CE97634 PSoC 4 Breathing LED.a(I2C.o)
 .debug_info    0x000077d9      0x344 .\CortexM0\ARM_GCC_484\Debug\CE97634 PSoC 4 Breathing LED.a(I2C_EZI2C.o)
 .debug_info    0x00007b1d      0x1dc .\CortexM0\ARM_GCC_484\Debug\CE97634 PSoC 4 Breathing LED.a(I2C_EZI2C_INT.o)
 .debug_info    0x00007cf9      0x150 .\CortexM0\ARM_GCC_484\Debug\CE97634 PSoC 4 Breathing LED.a(Pin_2.o)
 .debug_info    0x00007e49       0xb9 .\CortexM0\ARM_GCC_484\Debug\CE97634 PSoC 4 Breathing LED.a(CyBootAsmGnu.o)
 .debug_info    0x00007f02      0x2d5 .\CortexM0\ARM_GCC_484\Debug\CE97634 PSoC 4 Breathing LED.a(CyFlash.o)
 .debug_info    0x000081d7      0x601 C:\Program Files (x86)\Cypress\PSoC Creator\3.2\PSoC Creator\psoc\content\cycomponentlibrary\CyComponentLibrary.cylib\CapSense_CSD_P4_v2_20\PSoC4\Library\CapsenseP4Library_GCC.a(CSD_P4_SmartSense_v2_20.o)

.debug_abbrev   0x00000000     0x202c
 *(.debug_abbrev)
 .debug_abbrev  0x00000000      0x13f .\CortexM0\ARM_GCC_484\Debug\main.o
 .debug_abbrev  0x0000013f       0x5d .\CortexM0\ARM_GCC_484\Debug\cymetadata.o
 .debug_abbrev  0x0000019c      0x1fc .\CortexM0\ARM_GCC_484\Debug\Cm0Start.o
 .debug_abbrev  0x00000398      0x210 .\CortexM0\ARM_GCC_484\Debug\CE97634 PSoC 4 Breathing LED.a(cyfitter_cfg.o)
 .debug_abbrev  0x000005a8      0x25d .\CortexM0\ARM_GCC_484\Debug\CE97634 PSoC 4 Breathing LED.a(CyLib.o)
 .debug_abbrev  0x00000805      0x26d .\CortexM0\ARM_GCC_484\Debug\CE97634 PSoC 4 Breathing LED.a(CyLFClk.o)
 .debug_abbrev  0x00000a72      0x1ef .\CortexM0\ARM_GCC_484\Debug\CE97634 PSoC 4 Breathing LED.a(CapSense.o)
 .debug_abbrev  0x00000c61      0x247 .\CortexM0\ARM_GCC_484\Debug\CE97634 PSoC 4 Breathing LED.a(CapSense_CSHL.o)
 .debug_abbrev  0x00000ea8      0x106 .\CortexM0\ARM_GCC_484\Debug\CE97634 PSoC 4 Breathing LED.a(CapSense_INT.o)
 .debug_abbrev  0x00000fae      0x1f7 .\CortexM0\ARM_GCC_484\Debug\CE97634 PSoC 4 Breathing LED.a(CapSense_SMS.o)
 .debug_abbrev  0x000011a5       0xc4 .\CortexM0\ARM_GCC_484\Debug\CE97634 PSoC 4 Breathing LED.a(CapSense_SampleClk.o)
 .debug_abbrev  0x00001269       0xc4 .\CortexM0\ARM_GCC_484\Debug\CE97634 PSoC 4 Breathing LED.a(CapSense_SenseClk.o)
 .debug_abbrev  0x0000132d       0xb7 .\CortexM0\ARM_GCC_484\Debug\CE97634 PSoC 4 Breathing LED.a(Pin_1.o)
 .debug_abbrev  0x000013e4      0x140 .\CortexM0\ARM_GCC_484\Debug\CE97634 PSoC 4 Breathing LED.a(QuadD1.o)
 .debug_abbrev  0x00001524      0x140 .\CortexM0\ARM_GCC_484\Debug\CE97634 PSoC 4 Breathing LED.a(QuadD2.o)
 .debug_abbrev  0x00001664      0x140 .\CortexM0\ARM_GCC_484\Debug\CE97634 PSoC 4 Breathing LED.a(QuadD3.o)
 .debug_abbrev  0x000017a4      0x140 .\CortexM0\ARM_GCC_484\Debug\CE97634 PSoC 4 Breathing LED.a(QuadD4.o)
 .debug_abbrev  0x000018e4      0x141 .\CortexM0\ARM_GCC_484\Debug\CE97634 PSoC 4 Breathing LED.a(I2C.o)
 .debug_abbrev  0x00001a25      0x17d .\CortexM0\ARM_GCC_484\Debug\CE97634 PSoC 4 Breathing LED.a(I2C_EZI2C.o)
 .debug_abbrev  0x00001ba2       0xd3 .\CortexM0\ARM_GCC_484\Debug\CE97634 PSoC 4 Breathing LED.a(I2C_EZI2C_INT.o)
 .debug_abbrev  0x00001c75       0xb7 .\CortexM0\ARM_GCC_484\Debug\CE97634 PSoC 4 Breathing LED.a(Pin_2.o)
 .debug_abbrev  0x00001d2c       0x14 .\CortexM0\ARM_GCC_484\Debug\CE97634 PSoC 4 Breathing LED.a(CyBootAsmGnu.o)
 .debug_abbrev  0x00001d40      0x185 .\CortexM0\ARM_GCC_484\Debug\CE97634 PSoC 4 Breathing LED.a(CyFlash.o)
 .debug_abbrev  0x00001ec5      0x167 C:\Program Files (x86)\Cypress\PSoC Creator\3.2\PSoC Creator\psoc\content\cycomponentlibrary\CyComponentLibrary.cylib\CapSense_CSD_P4_v2_20\PSoC4\Library\CapsenseP4Library_GCC.a(CSD_P4_SmartSense_v2_20.o)

.debug_line     0x00000000     0x31d2
 *(.debug_line)
 .debug_line    0x00000000      0x169 .\CortexM0\ARM_GCC_484\Debug\main.o
 .debug_line    0x00000169       0x53 .\CortexM0\ARM_GCC_484\Debug\cymetadata.o
 .debug_line    0x000001bc      0x231 .\CortexM0\ARM_GCC_484\Debug\Cm0Start.o
 .debug_line    0x000003ed      0x1b7 .\CortexM0\ARM_GCC_484\Debug\CE97634 PSoC 4 Breathing LED.a(cyfitter_cfg.o)
 .debug_line    0x000005a4      0x499 .\CortexM0\ARM_GCC_484\Debug\CE97634 PSoC 4 Breathing LED.a(CyLib.o)
 .debug_line    0x00000a3d      0x4c1 .\CortexM0\ARM_GCC_484\Debug\CE97634 PSoC 4 Breathing LED.a(CyLFClk.o)
 .debug_line    0x00000efe      0x4cc .\CortexM0\ARM_GCC_484\Debug\CE97634 PSoC 4 Breathing LED.a(CapSense.o)
 .debug_line    0x000013ca      0x3c0 .\CortexM0\ARM_GCC_484\Debug\CE97634 PSoC 4 Breathing LED.a(CapSense_CSHL.o)
 .debug_line    0x0000178a       0xae .\CortexM0\ARM_GCC_484\Debug\CE97634 PSoC 4 Breathing LED.a(CapSense_INT.o)
 .debug_line    0x00001838      0x1a8 .\CortexM0\ARM_GCC_484\Debug\CE97634 PSoC 4 Breathing LED.a(CapSense_SMS.o)
 .debug_line    0x000019e0       0xe6 .\CortexM0\ARM_GCC_484\Debug\CE97634 PSoC 4 Breathing LED.a(CapSense_SampleClk.o)
 .debug_line    0x00001ac6       0xe5 .\CortexM0\ARM_GCC_484\Debug\CE97634 PSoC 4 Breathing LED.a(CapSense_SenseClk.o)
 .debug_line    0x00001bab       0xab .\CortexM0\ARM_GCC_484\Debug\CE97634 PSoC 4 Breathing LED.a(Pin_1.o)
 .debug_line    0x00001c56      0x376 .\CortexM0\ARM_GCC_484\Debug\CE97634 PSoC 4 Breathing LED.a(QuadD1.o)
 .debug_line    0x00001fcc      0x376 .\CortexM0\ARM_GCC_484\Debug\CE97634 PSoC 4 Breathing LED.a(QuadD2.o)
 .debug_line    0x00002342      0x376 .\CortexM0\ARM_GCC_484\Debug\CE97634 PSoC 4 Breathing LED.a(QuadD3.o)
 .debug_line    0x000026b8      0x376 .\CortexM0\ARM_GCC_484\Debug\CE97634 PSoC 4 Breathing LED.a(QuadD4.o)
 .debug_line    0x00002a2e      0x13d .\CortexM0\ARM_GCC_484\Debug\CE97634 PSoC 4 Breathing LED.a(I2C.o)
 .debug_line    0x00002b6b      0x11a .\CortexM0\ARM_GCC_484\Debug\CE97634 PSoC 4 Breathing LED.a(I2C_EZI2C.o)
 .debug_line    0x00002c85      0x170 .\CortexM0\ARM_GCC_484\Debug\CE97634 PSoC 4 Breathing LED.a(I2C_EZI2C_INT.o)
 .debug_line    0x00002df5       0xab .\CortexM0\ARM_GCC_484\Debug\CE97634 PSoC 4 Breathing LED.a(Pin_2.o)
 .debug_line    0x00002ea0       0x68 .\CortexM0\ARM_GCC_484\Debug\CE97634 PSoC 4 Breathing LED.a(CyBootAsmGnu.o)
 .debug_line    0x00002f08      0x10c .\CortexM0\ARM_GCC_484\Debug\CE97634 PSoC 4 Breathing LED.a(CyFlash.o)
 .debug_line    0x00003014      0x1be C:\Program Files (x86)\Cypress\PSoC Creator\3.2\PSoC Creator\psoc\content\cycomponentlibrary\CyComponentLibrary.cylib\CapSense_CSD_P4_v2_20\PSoC4\Library\CapsenseP4Library_GCC.a(CSD_P4_SmartSense_v2_20.o)

.debug_frame    0x00000000     0x2588
 *(.debug_frame)
 .debug_frame   0x00000000       0x3c .\CortexM0\ARM_GCC_484\Debug\main.o
 .debug_frame   0x0000003c       0xbc .\CortexM0\ARM_GCC_484\Debug\Cm0Start.o
 .debug_frame   0x000000f8       0xac .\CortexM0\ARM_GCC_484\Debug\CE97634 PSoC 4 Breathing LED.a(cyfitter_cfg.o)
 .debug_frame   0x000001a4      0x410 .\CortexM0\ARM_GCC_484\Debug\CE97634 PSoC 4 Breathing LED.a(CyLib.o)
 .debug_frame   0x000005b4      0x400 .\CortexM0\ARM_GCC_484\Debug\CE97634 PSoC 4 Breathing LED.a(CyLFClk.o)
 .debug_frame   0x000009b4      0x3b4 .\CortexM0\ARM_GCC_484\Debug\CE97634 PSoC 4 Breathing LED.a(CapSense.o)
 .debug_frame   0x00000d68      0x314 .\CortexM0\ARM_GCC_484\Debug\CE97634 PSoC 4 Breathing LED.a(CapSense_CSHL.o)
 .debug_frame   0x0000107c       0x30 .\CortexM0\ARM_GCC_484\Debug\CE97634 PSoC 4 Breathing LED.a(CapSense_INT.o)
 .debug_frame   0x000010ac       0xd8 .\CortexM0\ARM_GCC_484\Debug\CE97634 PSoC 4 Breathing LED.a(CapSense_SMS.o)
 .debug_frame   0x00001184       0x6c .\CortexM0\ARM_GCC_484\Debug\CE97634 PSoC 4 Breathing LED.a(CapSense_SampleClk.o)
 .debug_frame   0x000011f0       0x6c .\CortexM0\ARM_GCC_484\Debug\CE97634 PSoC 4 Breathing LED.a(CapSense_SenseClk.o)
 .debug_frame   0x0000125c       0x60 .\CortexM0\ARM_GCC_484\Debug\CE97634 PSoC 4 Breathing LED.a(Pin_1.o)
 .debug_frame   0x000012bc      0x390 .\CortexM0\ARM_GCC_484\Debug\CE97634 PSoC 4 Breathing LED.a(QuadD1.o)
 .debug_frame   0x0000164c      0x390 .\CortexM0\ARM_GCC_484\Debug\CE97634 PSoC 4 Breathing LED.a(QuadD2.o)
 .debug_frame   0x000019dc      0x390 .\CortexM0\ARM_GCC_484\Debug\CE97634 PSoC 4 Breathing LED.a(QuadD3.o)
 .debug_frame   0x00001d6c      0x390 .\CortexM0\ARM_GCC_484\Debug\CE97634 PSoC 4 Breathing LED.a(QuadD4.o)
 .debug_frame   0x000020fc       0xe8 .\CortexM0\ARM_GCC_484\Debug\CE97634 PSoC 4 Breathing LED.a(I2C.o)
 .debug_frame   0x000021e4       0xa8 .\CortexM0\ARM_GCC_484\Debug\CE97634 PSoC 4 Breathing LED.a(I2C_EZI2C.o)
 .debug_frame   0x0000228c       0x38 .\CortexM0\ARM_GCC_484\Debug\CE97634 PSoC 4 Breathing LED.a(I2C_EZI2C_INT.o)
 .debug_frame   0x000022c4       0x60 .\CortexM0\ARM_GCC_484\Debug\CE97634 PSoC 4 Breathing LED.a(Pin_2.o)
 .debug_frame   0x00002324       0x80 .\CortexM0\ARM_GCC_484\Debug\CE97634 PSoC 4 Breathing LED.a(CyFlash.o)
 .debug_frame   0x000023a4       0xe8 C:\Program Files (x86)\Cypress\PSoC Creator\3.2\PSoC Creator\psoc\content\cycomponentlibrary\CyComponentLibrary.cylib\CapSense_CSD_P4_v2_20\PSoC4\Library\CapsenseP4Library_GCC.a(CSD_P4_SmartSense_v2_20.o)
 .debug_frame   0x0000248c       0x20 c:/program files (x86)/cypress/psoc creator/3.2/psoc creator/import/gnu/arm/4.8.4/bin/../lib/gcc/arm-none-eabi/4.8.4/armv6-m\libgcc.a(_udivsi3.o)
 .debug_frame   0x000024ac       0x20 c:/program files (x86)/cypress/psoc creator/3.2/psoc creator/import/gnu/arm/4.8.4/bin/../lib/gcc/arm-none-eabi/4.8.4/armv6-m\libgcc.a(_divsi3.o)
 .debug_frame   0x000024cc       0x20 c:/program files (x86)/cypress/psoc creator/3.2/psoc creator/import/gnu/arm/4.8.4/bin/../lib/gcc/arm-none-eabi/4.8.4/../../../../arm-none-eabi/lib/armv6-m\libg_s.a(lib_a-errno.o)
 .debug_frame   0x000024ec       0x28 c:/program files (x86)/cypress/psoc creator/3.2/psoc creator/import/gnu/arm/4.8.4/bin/../lib/gcc/arm-none-eabi/4.8.4/../../../../arm-none-eabi/lib/armv6-m\libg_s.a(lib_a-exit.o)
 .debug_frame   0x00002514       0x2c c:/program files (x86)/cypress/psoc creator/3.2/psoc creator/import/gnu/arm/4.8.4/bin/../lib/gcc/arm-none-eabi/4.8.4/../../../../arm-none-eabi/lib/armv6-m\libg_s.a(lib_a-init.o)
 .debug_frame   0x00002540       0x28 c:/program files (x86)/cypress/psoc creator/3.2/psoc creator/import/gnu/arm/4.8.4/bin/../lib/gcc/arm-none-eabi/4.8.4/../../../../arm-none-eabi/lib/armv6-m\libg_s.a(lib_a-memcpy-stub.o)
 .debug_frame   0x00002568       0x20 c:/program files (x86)/cypress/psoc creator/3.2/psoc creator/import/gnu/arm/4.8.4/bin/../lib/gcc/arm-none-eabi/4.8.4/../../../../arm-none-eabi/lib/armv6-m\libg_s.a(lib_a-memset.o)

.debug_str      0x00000000     0x3623
 *(.debug_str)
 .debug_str     0x00000000      0x328 .\CortexM0\ARM_GCC_484\Debug\main.o
                                0x36b (size before relaxing)
 .debug_str     0x00000328       0x5b .\CortexM0\ARM_GCC_484\Debug\cymetadata.o
                                0x1e5 (size before relaxing)
 .debug_str     0x00000383      0x15c .\CortexM0\ARM_GCC_484\Debug\Cm0Start.o
                                0x30c (size before relaxing)
 .debug_str     0x000004df      0x134 .\CortexM0\ARM_GCC_484\Debug\CE97634 PSoC 4 Breathing LED.a(cyfitter_cfg.o)
                                0x315 (size before relaxing)
 .debug_str     0x00000613      0x4f6 .\CortexM0\ARM_GCC_484\Debug\CE97634 PSoC 4 Breathing LED.a(CyLib.o)
                                0x6f2 (size before relaxing)
 .debug_str     0x00000b09      0x503 .\CortexM0\ARM_GCC_484\Debug\CE97634 PSoC 4 Breathing LED.a(CyLFClk.o)
                                0x71a (size before relaxing)
 .debug_str     0x0000100c      0x7ef .\CortexM0\ARM_GCC_484\Debug\CE97634 PSoC 4 Breathing LED.a(CapSense.o)
                                0xa9e (size before relaxing)
 .debug_str     0x000017fb      0x6d0 .\CortexM0\ARM_GCC_484\Debug\CE97634 PSoC 4 Breathing LED.a(CapSense_CSHL.o)
                                0xa26 (size before relaxing)
 .debug_str     0x00001ecb       0x4a .\CortexM0\ARM_GCC_484\Debug\CE97634 PSoC 4 Breathing LED.a(CapSense_INT.o)
                                0x29a (size before relaxing)
 .debug_str     0x00001f15      0x1f6 .\CortexM0\ARM_GCC_484\Debug\CE97634 PSoC 4 Breathing LED.a(CapSense_SMS.o)
                                0x6d2 (size before relaxing)
 .debug_str     0x0000210b       0xb8 .\CortexM0\ARM_GCC_484\Debug\CE97634 PSoC 4 Breathing LED.a(CapSense_SampleClk.o)
                                0x2b0 (size before relaxing)
 .debug_str     0x000021c3       0x81 .\CortexM0\ARM_GCC_484\Debug\CE97634 PSoC 4 Breathing LED.a(CapSense_SenseClk.o)
                                0x2aa (size before relaxing)
 .debug_str     0x00002244       0x7a .\CortexM0\ARM_GCC_484\Debug\CE97634 PSoC 4 Breathing LED.a(Pin_1.o)
                                0x21e (size before relaxing)
 .debug_str     0x000022be      0x3ef .\CortexM0\ARM_GCC_484\Debug\CE97634 PSoC 4 Breathing LED.a(QuadD1.o)
                                0x5e6 (size before relaxing)
 .debug_str     0x000026ad      0x31d .\CortexM0\ARM_GCC_484\Debug\CE97634 PSoC 4 Breathing LED.a(QuadD2.o)
                                0x5e6 (size before relaxing)
 .debug_str     0x000029ca      0x31d .\CortexM0\ARM_GCC_484\Debug\CE97634 PSoC 4 Breathing LED.a(QuadD3.o)
                                0x5e6 (size before relaxing)
 .debug_str     0x00002ce7      0x31d .\CortexM0\ARM_GCC_484\Debug\CE97634 PSoC 4 Breathing LED.a(QuadD4.o)
                                0x5e6 (size before relaxing)
 .debug_str     0x00003004      0x101 .\CortexM0\ARM_GCC_484\Debug\CE97634 PSoC 4 Breathing LED.a(I2C.o)
                                0x2cd (size before relaxing)
 .debug_str     0x00003105      0x10f .\CortexM0\ARM_GCC_484\Debug\CE97634 PSoC 4 Breathing LED.a(I2C_EZI2C.o)
                                0x332 (size before relaxing)
 .debug_str     0x00003214       0x95 .\CortexM0\ARM_GCC_484\Debug\CE97634 PSoC 4 Breathing LED.a(I2C_EZI2C_INT.o)
                                0x2c5 (size before relaxing)
 .debug_str     0x000032a9       0x67 .\CortexM0\ARM_GCC_484\Debug\CE97634 PSoC 4 Breathing LED.a(Pin_2.o)
                                0x21e (size before relaxing)
 .debug_str     0x00003310       0xb0 .\CortexM0\ARM_GCC_484\Debug\CE97634 PSoC 4 Breathing LED.a(CyFlash.o)
                                0x2b9 (size before relaxing)
 .debug_str     0x000033c0      0x263 C:\Program Files (x86)\Cypress\PSoC Creator\3.2\PSoC Creator\psoc\content\cycomponentlibrary\CyComponentLibrary.cylib\CapSense_CSD_P4_v2_20\PSoC4\Library\CapsenseP4Library_GCC.a(CSD_P4_SmartSense_v2_20.o)
                                0x593 (size before relaxing)

.debug_loc      0x00000000     0x46f6
 *(.debug_loc)
 .debug_loc     0x00000000       0xd4 .\CortexM0\ARM_GCC_484\Debug\main.o
 .debug_loc     0x000000d4      0x144 .\CortexM0\ARM_GCC_484\Debug\Cm0Start.o
 .debug_loc     0x00000218      0x1ac .\CortexM0\ARM_GCC_484\Debug\CE97634 PSoC 4 Breathing LED.a(cyfitter_cfg.o)
 .debug_loc     0x000003c4      0x518 .\CortexM0\ARM_GCC_484\Debug\CE97634 PSoC 4 Breathing LED.a(CyLib.o)
 .debug_loc     0x000008dc      0x89f .\CortexM0\ARM_GCC_484\Debug\CE97634 PSoC 4 Breathing LED.a(CyLFClk.o)
 .debug_loc     0x0000117b      0xac2 .\CortexM0\ARM_GCC_484\Debug\CE97634 PSoC 4 Breathing LED.a(CapSense.o)
 .debug_loc     0x00001c3d      0x88b .\CortexM0\ARM_GCC_484\Debug\CE97634 PSoC 4 Breathing LED.a(CapSense_CSHL.o)
 .debug_loc     0x000024c8      0x172 .\CortexM0\ARM_GCC_484\Debug\CE97634 PSoC 4 Breathing LED.a(CapSense_SMS.o)
 .debug_loc     0x0000263a       0x76 .\CortexM0\ARM_GCC_484\Debug\CE97634 PSoC 4 Breathing LED.a(CapSense_SampleClk.o)
 .debug_loc     0x000026b0       0x76 .\CortexM0\ARM_GCC_484\Debug\CE97634 PSoC 4 Breathing LED.a(CapSense_SenseClk.o)
 .debug_loc     0x00002726       0x81 .\CortexM0\ARM_GCC_484\Debug\CE97634 PSoC 4 Breathing LED.a(Pin_1.o)
 .debug_loc     0x000027a7      0x547 .\CortexM0\ARM_GCC_484\Debug\CE97634 PSoC 4 Breathing LED.a(QuadD1.o)
 .debug_loc     0x00002cee      0x547 .\CortexM0\ARM_GCC_484\Debug\CE97634 PSoC 4 Breathing LED.a(QuadD2.o)
 .debug_loc     0x00003235      0x547 .\CortexM0\ARM_GCC_484\Debug\CE97634 PSoC 4 Breathing LED.a(QuadD3.o)
 .debug_loc     0x0000377c      0x547 .\CortexM0\ARM_GCC_484\Debug\CE97634 PSoC 4 Breathing LED.a(QuadD4.o)
 .debug_loc     0x00003cc3       0x3c .\CortexM0\ARM_GCC_484\Debug\CE97634 PSoC 4 Breathing LED.a(I2C.o)
 .debug_loc     0x00003cff       0xe1 .\CortexM0\ARM_GCC_484\Debug\CE97634 PSoC 4 Breathing LED.a(I2C_EZI2C.o)
 .debug_loc     0x00003de0      0x148 .\CortexM0\ARM_GCC_484\Debug\CE97634 PSoC 4 Breathing LED.a(I2C_EZI2C_INT.o)
 .debug_loc     0x00003f28       0x81 .\CortexM0\ARM_GCC_484\Debug\CE97634 PSoC 4 Breathing LED.a(Pin_2.o)
 .debug_loc     0x00003fa9       0xe7 .\CortexM0\ARM_GCC_484\Debug\CE97634 PSoC 4 Breathing LED.a(CyFlash.o)
 .debug_loc     0x00004090      0x666 C:\Program Files (x86)\Cypress\PSoC Creator\3.2\PSoC Creator\psoc\content\cycomponentlibrary\CyComponentLibrary.cylib\CapSense_CSD_P4_v2_20\PSoC4\Library\CapsenseP4Library_GCC.a(CSD_P4_SmartSense_v2_20.o)

.debug_macinfo
 *(.debug_macinfo)

.debug_ranges   0x00000000      0xd28
 *(.debug_ranges)
 .debug_ranges  0x00000000       0x10 .\CortexM0\ARM_GCC_484\Debug\main.o
 .debug_ranges  0x00000010       0x50 .\CortexM0\ARM_GCC_484\Debug\Cm0Start.o
 .debug_ranges  0x00000060       0x68 .\CortexM0\ARM_GCC_484\Debug\CE97634 PSoC 4 Breathing LED.a(cyfitter_cfg.o)
 .debug_ranges  0x000000c8      0x180 .\CortexM0\ARM_GCC_484\Debug\CE97634 PSoC 4 Breathing LED.a(CyLib.o)
 .debug_ranges  0x00000248      0x140 .\CortexM0\ARM_GCC_484\Debug\CE97634 PSoC 4 Breathing LED.a(CyLFClk.o)
 .debug_ranges  0x00000388      0x140 .\CortexM0\ARM_GCC_484\Debug\CE97634 PSoC 4 Breathing LED.a(CapSense.o)
 .debug_ranges  0x000004c8      0x118 .\CortexM0\ARM_GCC_484\Debug\CE97634 PSoC 4 Breathing LED.a(CapSense_CSHL.o)
 .debug_ranges  0x000005e0       0x10 .\CortexM0\ARM_GCC_484\Debug\CE97634 PSoC 4 Breathing LED.a(CapSense_INT.o)
 .debug_ranges  0x000005f0       0x50 .\CortexM0\ARM_GCC_484\Debug\CE97634 PSoC 4 Breathing LED.a(CapSense_SMS.o)
 .debug_ranges  0x00000640       0x30 .\CortexM0\ARM_GCC_484\Debug\CE97634 PSoC 4 Breathing LED.a(CapSense_SampleClk.o)
 .debug_ranges  0x00000670       0x30 .\CortexM0\ARM_GCC_484\Debug\CE97634 PSoC 4 Breathing LED.a(CapSense_SenseClk.o)
 .debug_ranges  0x000006a0       0x30 .\CortexM0\ARM_GCC_484\Debug\CE97634 PSoC 4 Breathing LED.a(Pin_1.o)
 .debug_ranges  0x000006d0      0x148 .\CortexM0\ARM_GCC_484\Debug\CE97634 PSoC 4 Breathing LED.a(QuadD1.o)
 .debug_ranges  0x00000818      0x148 .\CortexM0\ARM_GCC_484\Debug\CE97634 PSoC 4 Breathing LED.a(QuadD2.o)
 .debug_ranges  0x00000960      0x148 .\CortexM0\ARM_GCC_484\Debug\CE97634 PSoC 4 Breathing LED.a(QuadD3.o)
 .debug_ranges  0x00000aa8      0x148 .\CortexM0\ARM_GCC_484\Debug\CE97634 PSoC 4 Breathing LED.a(QuadD4.o)
 .debug_ranges  0x00000bf0       0x50 .\CortexM0\ARM_GCC_484\Debug\CE97634 PSoC 4 Breathing LED.a(I2C.o)
 .debug_ranges  0x00000c40       0x40 .\CortexM0\ARM_GCC_484\Debug\CE97634 PSoC 4 Breathing LED.a(I2C_EZI2C.o)
 .debug_ranges  0x00000c80       0x10 .\CortexM0\ARM_GCC_484\Debug\CE97634 PSoC 4 Breathing LED.a(I2C_EZI2C_INT.o)
 .debug_ranges  0x00000c90       0x30 .\CortexM0\ARM_GCC_484\Debug\CE97634 PSoC 4 Breathing LED.a(Pin_2.o)
 .debug_ranges  0x00000cc0       0x30 .\CortexM0\ARM_GCC_484\Debug\CE97634 PSoC 4 Breathing LED.a(CyFlash.o)
 .debug_ranges  0x00000cf0       0x38 C:\Program Files (x86)\Cypress\PSoC Creator\3.2\PSoC Creator\psoc\content\cycomponentlibrary\CyComponentLibrary.cylib\CapSense_CSD_P4_v2_20\PSoC4\Library\CapsenseP4Library_GCC.a(CSD_P4_SmartSense_v2_20.o)

.comment        0x00000000       0x70
 .comment       0x00000000       0x70 .\CortexM0\ARM_GCC_484\Debug\main.o
                                 0x71 (size before relaxing)
 .comment       0x00000000       0x71 .\CortexM0\ARM_GCC_484\Debug\cymetadata.o
 .comment       0x00000000       0x71 .\CortexM0\ARM_GCC_484\Debug\Cm0Start.o
 .comment       0x00000000       0x71 .\CortexM0\ARM_GCC_484\Debug\CE97634 PSoC 4 Breathing LED.a(cyfitter_cfg.o)
 .comment       0x00000000       0x71 .\CortexM0\ARM_GCC_484\Debug\CE97634 PSoC 4 Breathing LED.a(CyLib.o)
 .comment       0x00000000       0x71 .\CortexM0\ARM_GCC_484\Debug\CE97634 PSoC 4 Breathing LED.a(CyLFClk.o)
 .comment       0x00000000       0x71 .\CortexM0\ARM_GCC_484\Debug\CE97634 PSoC 4 Breathing LED.a(CapSense.o)
 .comment       0x00000000       0x71 .\CortexM0\ARM_GCC_484\Debug\CE97634 PSoC 4 Breathing LED.a(CapSense_CSHL.o)
 .comment       0x00000000       0x71 .\CortexM0\ARM_GCC_484\Debug\CE97634 PSoC 4 Breathing LED.a(CapSense_INT.o)
 .comment       0x00000000       0x71 .\CortexM0\ARM_GCC_484\Debug\CE97634 PSoC 4 Breathing LED.a(CapSense_SMS.o)
 .comment       0x00000000       0x71 .\CortexM0\ARM_GCC_484\Debug\CE97634 PSoC 4 Breathing LED.a(CapSense_SampleClk.o)
 .comment       0x00000000       0x71 .\CortexM0\ARM_GCC_484\Debug\CE97634 PSoC 4 Breathing LED.a(CapSense_SenseClk.o)
 .comment       0x00000000       0x71 .\CortexM0\ARM_GCC_484\Debug\CE97634 PSoC 4 Breathing LED.a(Pin_1.o)
 .comment       0x00000000       0x71 .\CortexM0\ARM_GCC_484\Debug\CE97634 PSoC 4 Breathing LED.a(QuadD1.o)
 .comment       0x00000000       0x71 .\CortexM0\ARM_GCC_484\Debug\CE97634 PSoC 4 Breathing LED.a(QuadD2.o)
 .comment       0x00000000       0x71 .\CortexM0\ARM_GCC_484\Debug\CE97634 PSoC 4 Breathing LED.a(QuadD3.o)
 .comment       0x00000000       0x71 .\CortexM0\ARM_GCC_484\Debug\CE97634 PSoC 4 Breathing LED.a(QuadD4.o)
 .comment       0x00000000       0x71 .\CortexM0\ARM_GCC_484\Debug\CE97634 PSoC 4 Breathing LED.a(I2C.o)
 .comment       0x00000000       0x71 .\CortexM0\ARM_GCC_484\Debug\CE97634 PSoC 4 Breathing LED.a(I2C_EZI2C.o)
 .comment       0x00000000       0x71 .\CortexM0\ARM_GCC_484\Debug\CE97634 PSoC 4 Breathing LED.a(I2C_EZI2C_INT.o)
 .comment       0x00000000       0x71 .\CortexM0\ARM_GCC_484\Debug\CE97634 PSoC 4 Breathing LED.a(Pin_2.o)
 .comment       0x00000000       0x71 .\CortexM0\ARM_GCC_484\Debug\CE97634 PSoC 4 Breathing LED.a(CyFlash.o)
 .comment       0x00000000       0x71 C:\Program Files (x86)\Cypress\PSoC Creator\3.2\PSoC Creator\psoc\content\cycomponentlibrary\CyComponentLibrary.cylib\CapSense_CSD_P4_v2_20\PSoC4\Library\CapsenseP4Library_GCC.a(CSD_P4_SmartSense_v2_20.o)

.debug_weaknames
 *(.debug_weaknames)

.debug_funcnames
 *(.debug_funcnames)

.debug_typenames
 *(.debug_typenames)

.debug_varnames
 *(.debug_varnames)

.note.gnu.arm.ident
 *(.note.gnu.arm.ident)

.ARM.attributes
                0x00000000       0x28
 *(.ARM.attributes)
 .ARM.attributes
                0x00000000       0x1e c:/program files (x86)/cypress/psoc creator/3.2/psoc creator/import/gnu/arm/4.8.4/bin/../lib/gcc/arm-none-eabi/4.8.4/armv6-m/crti.o
 .ARM.attributes
                0x0000001e       0x2c c:/program files (x86)/cypress/psoc creator/3.2/psoc creator/import/gnu/arm/4.8.4/bin/../lib/gcc/arm-none-eabi/4.8.4/armv6-m/crtbegin.o
 .ARM.attributes
                0x0000004a       0x1b c:/program files (x86)/cypress/psoc creator/3.2/psoc creator/import/gnu/arm/4.8.4/bin/../lib/gcc/arm-none-eabi/4.8.4/../../../../arm-none-eabi/lib/armv6-m/crt0.o
 .ARM.attributes
                0x00000065       0x31 .\CortexM0\ARM_GCC_484\Debug\main.o
 .ARM.attributes
                0x00000096       0x31 .\CortexM0\ARM_GCC_484\Debug\cymetadata.o
 .ARM.attributes
                0x000000c7       0x31 .\CortexM0\ARM_GCC_484\Debug\Cm0Start.o
 .ARM.attributes
                0x000000f8       0x31 .\CortexM0\ARM_GCC_484\Debug\CE97634 PSoC 4 Breathing LED.a(cyfitter_cfg.o)
 .ARM.attributes
                0x00000129       0x31 .\CortexM0\ARM_GCC_484\Debug\CE97634 PSoC 4 Breathing LED.a(CyLib.o)
 .ARM.attributes
                0x0000015a       0x31 .\CortexM0\ARM_GCC_484\Debug\CE97634 PSoC 4 Breathing LED.a(CyLFClk.o)
 .ARM.attributes
                0x0000018b       0x31 .\CortexM0\ARM_GCC_484\Debug\CE97634 PSoC 4 Breathing LED.a(CapSense.o)
 .ARM.attributes
                0x000001bc       0x31 .\CortexM0\ARM_GCC_484\Debug\CE97634 PSoC 4 Breathing LED.a(CapSense_CSHL.o)
 .ARM.attributes
                0x000001ed       0x31 .\CortexM0\ARM_GCC_484\Debug\CE97634 PSoC 4 Breathing LED.a(CapSense_INT.o)
 .ARM.attributes
                0x0000021e       0x31 .\CortexM0\ARM_GCC_484\Debug\CE97634 PSoC 4 Breathing LED.a(CapSense_SMS.o)
 .ARM.attributes
                0x0000024f       0x31 .\CortexM0\ARM_GCC_484\Debug\CE97634 PSoC 4 Breathing LED.a(CapSense_SampleClk.o)
 .ARM.attributes
                0x00000280       0x31 .\CortexM0\ARM_GCC_484\Debug\CE97634 PSoC 4 Breathing LED.a(CapSense_SenseClk.o)
 .ARM.attributes
                0x000002b1       0x31 .\CortexM0\ARM_GCC_484\Debug\CE97634 PSoC 4 Breathing LED.a(Pin_1.o)
 .ARM.attributes
                0x000002e2       0x31 .\CortexM0\ARM_GCC_484\Debug\CE97634 PSoC 4 Breathing LED.a(QuadD1.o)
 .ARM.attributes
                0x00000313       0x31 .\CortexM0\ARM_GCC_484\Debug\CE97634 PSoC 4 Breathing LED.a(QuadD2.o)
 .ARM.attributes
                0x00000344       0x31 .\CortexM0\ARM_GCC_484\Debug\CE97634 PSoC 4 Breathing LED.a(QuadD3.o)
 .ARM.attributes
                0x00000375       0x31 .\CortexM0\ARM_GCC_484\Debug\CE97634 PSoC 4 Breathing LED.a(QuadD4.o)
 .ARM.attributes
                0x000003a6       0x31 .\CortexM0\ARM_GCC_484\Debug\CE97634 PSoC 4 Breathing LED.a(I2C.o)
 .ARM.attributes
                0x000003d7       0x31 .\CortexM0\ARM_GCC_484\Debug\CE97634 PSoC 4 Breathing LED.a(I2C_EZI2C.o)
 .ARM.attributes
                0x00000408       0x31 .\CortexM0\ARM_GCC_484\Debug\CE97634 PSoC 4 Breathing LED.a(I2C_EZI2C_INT.o)
 .ARM.attributes
                0x00000439       0x31 .\CortexM0\ARM_GCC_484\Debug\CE97634 PSoC 4 Breathing LED.a(Pin_2.o)
 .ARM.attributes
                0x0000046a       0x21 .\CortexM0\ARM_GCC_484\Debug\CE97634 PSoC 4 Breathing LED.a(CyBootAsmGnu.o)
 .ARM.attributes
                0x0000048b       0x31 .\CortexM0\ARM_GCC_484\Debug\CE97634 PSoC 4 Breathing LED.a(CyFlash.o)
 .ARM.attributes
                0x000004bc       0x31 C:\Program Files (x86)\Cypress\PSoC Creator\3.2\PSoC Creator\psoc\content\cycomponentlibrary\CyComponentLibrary.cylib\CapSense_CSD_P4_v2_20\PSoC4\Library\CapsenseP4Library_GCC.a(CSD_P4_SmartSense_v2_20.o)
 .ARM.attributes
                0x000004ed       0x1e c:/program files (x86)/cypress/psoc creator/3.2/psoc creator/import/gnu/arm/4.8.4/bin/../lib/gcc/arm-none-eabi/4.8.4/armv6-m\libgcc.a(_udivsi3.o)
 .ARM.attributes
                0x0000050b       0x1e c:/program files (x86)/cypress/psoc creator/3.2/psoc creator/import/gnu/arm/4.8.4/bin/../lib/gcc/arm-none-eabi/4.8.4/armv6-m\libgcc.a(_divsi3.o)
 .ARM.attributes
                0x00000529       0x1e c:/program files (x86)/cypress/psoc creator/3.2/psoc creator/import/gnu/arm/4.8.4/bin/../lib/gcc/arm-none-eabi/4.8.4/armv6-m\libgcc.a(_dvmd_tls.o)
 .ARM.attributes
                0x00000547       0x2c c:/program files (x86)/cypress/psoc creator/3.2/psoc creator/import/gnu/arm/4.8.4/bin/../lib/gcc/arm-none-eabi/4.8.4/../../../../arm-none-eabi/lib/armv6-m\libg_s.a(lib_a-errno.o)
 .ARM.attributes
                0x00000573       0x2c c:/program files (x86)/cypress/psoc creator/3.2/psoc creator/import/gnu/arm/4.8.4/bin/../lib/gcc/arm-none-eabi/4.8.4/../../../../arm-none-eabi/lib/armv6-m\libg_s.a(lib_a-exit.o)
 .ARM.attributes
                0x0000059f       0x2c c:/program files (x86)/cypress/psoc creator/3.2/psoc creator/import/gnu/arm/4.8.4/bin/../lib/gcc/arm-none-eabi/4.8.4/../../../../arm-none-eabi/lib/armv6-m\libg_s.a(lib_a-impure.o)
 .ARM.attributes
                0x000005cb       0x2c c:/program files (x86)/cypress/psoc creator/3.2/psoc creator/import/gnu/arm/4.8.4/bin/../lib/gcc/arm-none-eabi/4.8.4/../../../../arm-none-eabi/lib/armv6-m\libg_s.a(lib_a-init.o)
 .ARM.attributes
                0x000005f7       0x2c c:/program files (x86)/cypress/psoc creator/3.2/psoc creator/import/gnu/arm/4.8.4/bin/../lib/gcc/arm-none-eabi/4.8.4/../../../../arm-none-eabi/lib/armv6-m\libg_s.a(lib_a-memcpy-stub.o)
 .ARM.attributes
                0x00000623       0x2c c:/program files (x86)/cypress/psoc creator/3.2/psoc creator/import/gnu/arm/4.8.4/bin/../lib/gcc/arm-none-eabi/4.8.4/../../../../arm-none-eabi/lib/armv6-m\libg_s.a(lib_a-memset.o)
 .ARM.attributes
                0x0000064f       0x2c c:/program files (x86)/cypress/psoc creator/3.2/psoc creator/import/gnu/arm/4.8.4/bin/../lib/gcc/arm-none-eabi/4.8.4/armv6-m/crtend.o
 .ARM.attributes
                0x0000067b       0x1e c:/program files (x86)/cypress/psoc creator/3.2/psoc creator/import/gnu/arm/4.8.4/bin/../lib/gcc/arm-none-eabi/4.8.4/armv6-m/crtn.o

/DISCARD/
 *(.note.GNU-stack)
OUTPUT(.\CortexM0\ARM_GCC_484\Debug\CE97634 PSoC 4 Breathing LED.elf elf32-littlearm)
