ARM GAS  C:\Users\11401393\AppData\Local\Temp\ccUR7F7x.s 			page 1


   1              		.cpu cortex-m0
   2              		.fpu softvfp
   3              		.eabi_attribute 20, 1
   4              		.eabi_attribute 21, 1
   5              		.eabi_attribute 23, 3
   6              		.eabi_attribute 24, 1
   7              		.eabi_attribute 25, 1
   8              		.eabi_attribute 26, 1
   9              		.eabi_attribute 30, 6
  10              		.eabi_attribute 34, 0
  11              		.eabi_attribute 18, 4
  12              		.code	16
  13              		.file	"I2CS.c"
  14              		.text
  15              	.Ltext0:
  16              		.cfi_sections	.debug_frame
  17              		.global	I2CS_initVar
  18              		.bss
  19              		.type	I2CS_initVar, %object
  20              		.size	I2CS_initVar, 1
  21              	I2CS_initVar:
  22 0000 00       		.space	1
  23              		.global	I2CS_customIntrHandler
  24 0001 000000   		.align	2
  25              		.type	I2CS_customIntrHandler, %object
  26              		.size	I2CS_customIntrHandler, 4
  27              	I2CS_customIntrHandler:
  28 0004 00000000 		.space	4
  29              		.section	.text.I2CS_Init,"ax",%progbits
  30              		.align	2
  31              		.global	I2CS_Init
  32              		.code	16
  33              		.thumb_func
  34              		.type	I2CS_Init, %function
  35              	I2CS_Init:
  36              	.LFB1:
  37              		.file 1 ".\\Generated_Source\\PSoC4\\I2CS.c"
   1:.\Generated_Source\PSoC4/I2CS.c **** /*******************************************************************************
   2:.\Generated_Source\PSoC4/I2CS.c **** * File Name: I2CS.c
   3:.\Generated_Source\PSoC4/I2CS.c **** * Version 3.0
   4:.\Generated_Source\PSoC4/I2CS.c **** *
   5:.\Generated_Source\PSoC4/I2CS.c **** * Description:
   6:.\Generated_Source\PSoC4/I2CS.c **** *  This file provides the source code to the API for the SCB Component.
   7:.\Generated_Source\PSoC4/I2CS.c **** *
   8:.\Generated_Source\PSoC4/I2CS.c **** * Note:
   9:.\Generated_Source\PSoC4/I2CS.c **** *
  10:.\Generated_Source\PSoC4/I2CS.c **** *******************************************************************************
  11:.\Generated_Source\PSoC4/I2CS.c **** * Copyright 2013-2015, Cypress Semiconductor Corporation.  All rights reserved.
  12:.\Generated_Source\PSoC4/I2CS.c **** * You may use this file only in accordance with the license, terms, conditions,
  13:.\Generated_Source\PSoC4/I2CS.c **** * disclaimers, and limitations in the end user license agreement accompanying
  14:.\Generated_Source\PSoC4/I2CS.c **** * the software package with which this file was provided.
  15:.\Generated_Source\PSoC4/I2CS.c **** *******************************************************************************/
  16:.\Generated_Source\PSoC4/I2CS.c **** 
  17:.\Generated_Source\PSoC4/I2CS.c **** #include "I2CS_PVT.h"
  18:.\Generated_Source\PSoC4/I2CS.c **** 
  19:.\Generated_Source\PSoC4/I2CS.c **** #if (I2CS_SCB_MODE_I2C_INC)
  20:.\Generated_Source\PSoC4/I2CS.c ****     #include "I2CS_I2C_PVT.h"
ARM GAS  C:\Users\11401393\AppData\Local\Temp\ccUR7F7x.s 			page 2


  21:.\Generated_Source\PSoC4/I2CS.c **** #endif /* (I2CS_SCB_MODE_I2C_INC) */
  22:.\Generated_Source\PSoC4/I2CS.c **** 
  23:.\Generated_Source\PSoC4/I2CS.c **** #if (I2CS_SCB_MODE_EZI2C_INC)
  24:.\Generated_Source\PSoC4/I2CS.c ****     #include "I2CS_EZI2C_PVT.h"
  25:.\Generated_Source\PSoC4/I2CS.c **** #endif /* (I2CS_SCB_MODE_EZI2C_INC) */
  26:.\Generated_Source\PSoC4/I2CS.c **** 
  27:.\Generated_Source\PSoC4/I2CS.c **** #if (I2CS_SCB_MODE_SPI_INC || I2CS_SCB_MODE_UART_INC)
  28:.\Generated_Source\PSoC4/I2CS.c ****     #include "I2CS_SPI_UART_PVT.h"
  29:.\Generated_Source\PSoC4/I2CS.c **** #endif /* (I2CS_SCB_MODE_SPI_INC || I2CS_SCB_MODE_UART_INC) */
  30:.\Generated_Source\PSoC4/I2CS.c **** 
  31:.\Generated_Source\PSoC4/I2CS.c **** 
  32:.\Generated_Source\PSoC4/I2CS.c **** /***************************************
  33:.\Generated_Source\PSoC4/I2CS.c **** *    Run Time Configuration Vars
  34:.\Generated_Source\PSoC4/I2CS.c **** ***************************************/
  35:.\Generated_Source\PSoC4/I2CS.c **** 
  36:.\Generated_Source\PSoC4/I2CS.c **** /* Stores internal component configuration for Unconfigured mode */
  37:.\Generated_Source\PSoC4/I2CS.c **** #if (I2CS_SCB_MODE_UNCONFIG_CONST_CFG)
  38:.\Generated_Source\PSoC4/I2CS.c ****     /* Common configuration variables */
  39:.\Generated_Source\PSoC4/I2CS.c ****     uint8 I2CS_scbMode = I2CS_SCB_MODE_UNCONFIG;
  40:.\Generated_Source\PSoC4/I2CS.c ****     uint8 I2CS_scbEnableWake;
  41:.\Generated_Source\PSoC4/I2CS.c ****     uint8 I2CS_scbEnableIntr;
  42:.\Generated_Source\PSoC4/I2CS.c **** 
  43:.\Generated_Source\PSoC4/I2CS.c ****     /* I2C configuration variables */
  44:.\Generated_Source\PSoC4/I2CS.c ****     uint8 I2CS_mode;
  45:.\Generated_Source\PSoC4/I2CS.c ****     uint8 I2CS_acceptAddr;
  46:.\Generated_Source\PSoC4/I2CS.c **** 
  47:.\Generated_Source\PSoC4/I2CS.c ****     /* SPI/UART configuration variables */
  48:.\Generated_Source\PSoC4/I2CS.c ****     volatile uint8 * I2CS_rxBuffer;
  49:.\Generated_Source\PSoC4/I2CS.c ****     uint8  I2CS_rxDataBits;
  50:.\Generated_Source\PSoC4/I2CS.c ****     uint32 I2CS_rxBufferSize;
  51:.\Generated_Source\PSoC4/I2CS.c **** 
  52:.\Generated_Source\PSoC4/I2CS.c ****     volatile uint8 * I2CS_txBuffer;
  53:.\Generated_Source\PSoC4/I2CS.c ****     uint8  I2CS_txDataBits;
  54:.\Generated_Source\PSoC4/I2CS.c ****     uint32 I2CS_txBufferSize;
  55:.\Generated_Source\PSoC4/I2CS.c **** 
  56:.\Generated_Source\PSoC4/I2CS.c ****     /* EZI2C configuration variables */
  57:.\Generated_Source\PSoC4/I2CS.c ****     uint8 I2CS_numberOfAddr;
  58:.\Generated_Source\PSoC4/I2CS.c ****     uint8 I2CS_subAddrSize;
  59:.\Generated_Source\PSoC4/I2CS.c **** #endif /* (I2CS_SCB_MODE_UNCONFIG_CONST_CFG) */
  60:.\Generated_Source\PSoC4/I2CS.c **** 
  61:.\Generated_Source\PSoC4/I2CS.c **** 
  62:.\Generated_Source\PSoC4/I2CS.c **** /***************************************
  63:.\Generated_Source\PSoC4/I2CS.c **** *     Common SCB Vars
  64:.\Generated_Source\PSoC4/I2CS.c **** ***************************************/
  65:.\Generated_Source\PSoC4/I2CS.c **** 
  66:.\Generated_Source\PSoC4/I2CS.c **** uint8 I2CS_initVar = 0u;
  67:.\Generated_Source\PSoC4/I2CS.c **** 
  68:.\Generated_Source\PSoC4/I2CS.c **** #if (I2CS_SCB_IRQ_INTERNAL)
  69:.\Generated_Source\PSoC4/I2CS.c **** #if !defined (CY_REMOVE_I2CS_CUSTOM_INTR_HANDLER)
  70:.\Generated_Source\PSoC4/I2CS.c ****     void (*I2CS_customIntrHandler)(void) = NULL;
  71:.\Generated_Source\PSoC4/I2CS.c **** #endif /* !defined (CY_REMOVE_I2CS_CUSTOM_INTR_HANDLER) */
  72:.\Generated_Source\PSoC4/I2CS.c **** #endif /* (I2CS_SCB_IRQ_INTERNAL) */
  73:.\Generated_Source\PSoC4/I2CS.c **** 
  74:.\Generated_Source\PSoC4/I2CS.c **** 
  75:.\Generated_Source\PSoC4/I2CS.c **** /***************************************
  76:.\Generated_Source\PSoC4/I2CS.c **** *    Private Function Prototypes
  77:.\Generated_Source\PSoC4/I2CS.c **** ***************************************/
ARM GAS  C:\Users\11401393\AppData\Local\Temp\ccUR7F7x.s 			page 3


  78:.\Generated_Source\PSoC4/I2CS.c **** 
  79:.\Generated_Source\PSoC4/I2CS.c **** static void I2CS_ScbEnableIntr(void);
  80:.\Generated_Source\PSoC4/I2CS.c **** static void I2CS_ScbModeStop(void);
  81:.\Generated_Source\PSoC4/I2CS.c **** static void I2CS_ScbModePostEnable(void);
  82:.\Generated_Source\PSoC4/I2CS.c **** 
  83:.\Generated_Source\PSoC4/I2CS.c **** 
  84:.\Generated_Source\PSoC4/I2CS.c **** /*******************************************************************************
  85:.\Generated_Source\PSoC4/I2CS.c **** * Function Name: I2CS_Init
  86:.\Generated_Source\PSoC4/I2CS.c **** ********************************************************************************
  87:.\Generated_Source\PSoC4/I2CS.c **** *
  88:.\Generated_Source\PSoC4/I2CS.c **** * Summary:
  89:.\Generated_Source\PSoC4/I2CS.c **** *  Initializes the SCB component to operate in one of the selected
  90:.\Generated_Source\PSoC4/I2CS.c **** *  configurations: I2C, SPI, UART or EZI2C.
  91:.\Generated_Source\PSoC4/I2CS.c **** *  When the configuration is set to "Unconfigured SCB", this function does
  92:.\Generated_Source\PSoC4/I2CS.c **** *  not do any initialization. Use mode-specific initialization APIs instead:
  93:.\Generated_Source\PSoC4/I2CS.c **** *  SCB_I2CInit, SCB_SpiInit, SCB_UartInit or SCB_EzI2CInit.
  94:.\Generated_Source\PSoC4/I2CS.c **** *
  95:.\Generated_Source\PSoC4/I2CS.c **** * Parameters:
  96:.\Generated_Source\PSoC4/I2CS.c **** *  None
  97:.\Generated_Source\PSoC4/I2CS.c **** *
  98:.\Generated_Source\PSoC4/I2CS.c **** * Return:
  99:.\Generated_Source\PSoC4/I2CS.c **** *  None
 100:.\Generated_Source\PSoC4/I2CS.c **** *
 101:.\Generated_Source\PSoC4/I2CS.c **** *******************************************************************************/
 102:.\Generated_Source\PSoC4/I2CS.c **** void I2CS_Init(void)
 103:.\Generated_Source\PSoC4/I2CS.c **** {
  38              		.loc 1 103 0
  39              		.cfi_startproc
  40 0000 80B5     		push	{r7, lr}
  41              		.cfi_def_cfa_offset 8
  42              		.cfi_offset 7, -8
  43              		.cfi_offset 14, -4
  44 0002 00AF     		add	r7, sp, #0
  45              		.cfi_def_cfa_register 7
 104:.\Generated_Source\PSoC4/I2CS.c **** #if (I2CS_SCB_MODE_UNCONFIG_CONST_CFG)
 105:.\Generated_Source\PSoC4/I2CS.c ****     if (I2CS_SCB_MODE_UNCONFIG_RUNTM_CFG)
 106:.\Generated_Source\PSoC4/I2CS.c ****     {
 107:.\Generated_Source\PSoC4/I2CS.c ****         I2CS_initVar = 0u;
 108:.\Generated_Source\PSoC4/I2CS.c ****     }
 109:.\Generated_Source\PSoC4/I2CS.c ****     else
 110:.\Generated_Source\PSoC4/I2CS.c ****     {
 111:.\Generated_Source\PSoC4/I2CS.c ****         /* Initialization was done before this function call */
 112:.\Generated_Source\PSoC4/I2CS.c ****     }
 113:.\Generated_Source\PSoC4/I2CS.c **** 
 114:.\Generated_Source\PSoC4/I2CS.c **** #elif (I2CS_SCB_MODE_I2C_CONST_CFG)
 115:.\Generated_Source\PSoC4/I2CS.c ****     I2CS_I2CInit();
  46              		.loc 1 115 0
  47 0004 FFF7FEFF 		bl	I2CS_I2CInit
 116:.\Generated_Source\PSoC4/I2CS.c **** 
 117:.\Generated_Source\PSoC4/I2CS.c **** #elif (I2CS_SCB_MODE_SPI_CONST_CFG)
 118:.\Generated_Source\PSoC4/I2CS.c ****     I2CS_SpiInit();
 119:.\Generated_Source\PSoC4/I2CS.c **** 
 120:.\Generated_Source\PSoC4/I2CS.c **** #elif (I2CS_SCB_MODE_UART_CONST_CFG)
 121:.\Generated_Source\PSoC4/I2CS.c ****     I2CS_UartInit();
 122:.\Generated_Source\PSoC4/I2CS.c **** 
 123:.\Generated_Source\PSoC4/I2CS.c **** #elif (I2CS_SCB_MODE_EZI2C_CONST_CFG)
 124:.\Generated_Source\PSoC4/I2CS.c ****     I2CS_EzI2CInit();
ARM GAS  C:\Users\11401393\AppData\Local\Temp\ccUR7F7x.s 			page 4


 125:.\Generated_Source\PSoC4/I2CS.c **** 
 126:.\Generated_Source\PSoC4/I2CS.c **** #endif /* (I2CS_SCB_MODE_UNCONFIG_CONST_CFG) */
 127:.\Generated_Source\PSoC4/I2CS.c **** }
  48              		.loc 1 127 0
  49 0008 BD46     		mov	sp, r7
  50              		@ sp needed
  51 000a 80BD     		pop	{r7, pc}
  52              		.cfi_endproc
  53              	.LFE1:
  54              		.size	I2CS_Init, .-I2CS_Init
  55              		.section	.text.I2CS_Enable,"ax",%progbits
  56              		.align	2
  57              		.global	I2CS_Enable
  58              		.code	16
  59              		.thumb_func
  60              		.type	I2CS_Enable, %function
  61              	I2CS_Enable:
  62              	.LFB2:
 128:.\Generated_Source\PSoC4/I2CS.c **** 
 129:.\Generated_Source\PSoC4/I2CS.c **** 
 130:.\Generated_Source\PSoC4/I2CS.c **** /*******************************************************************************
 131:.\Generated_Source\PSoC4/I2CS.c **** * Function Name: I2CS_Enable
 132:.\Generated_Source\PSoC4/I2CS.c **** ********************************************************************************
 133:.\Generated_Source\PSoC4/I2CS.c **** *
 134:.\Generated_Source\PSoC4/I2CS.c **** * Summary:
 135:.\Generated_Source\PSoC4/I2CS.c **** *  Enables the SCB component operation.
 136:.\Generated_Source\PSoC4/I2CS.c **** *  The SCB configuration should be not changed when the component is enabled.
 137:.\Generated_Source\PSoC4/I2CS.c **** *  Any configuration changes should be made after disabling the component.
 138:.\Generated_Source\PSoC4/I2CS.c **** *
 139:.\Generated_Source\PSoC4/I2CS.c **** * Parameters:
 140:.\Generated_Source\PSoC4/I2CS.c **** *  None
 141:.\Generated_Source\PSoC4/I2CS.c **** *
 142:.\Generated_Source\PSoC4/I2CS.c **** * Return:
 143:.\Generated_Source\PSoC4/I2CS.c **** *  None
 144:.\Generated_Source\PSoC4/I2CS.c **** *
 145:.\Generated_Source\PSoC4/I2CS.c **** *******************************************************************************/
 146:.\Generated_Source\PSoC4/I2CS.c **** void I2CS_Enable(void)
 147:.\Generated_Source\PSoC4/I2CS.c **** {
  63              		.loc 1 147 0
  64              		.cfi_startproc
  65 0000 80B5     		push	{r7, lr}
  66              		.cfi_def_cfa_offset 8
  67              		.cfi_offset 7, -8
  68              		.cfi_offset 14, -4
  69 0002 00AF     		add	r7, sp, #0
  70              		.cfi_def_cfa_register 7
 148:.\Generated_Source\PSoC4/I2CS.c **** #if (I2CS_SCB_MODE_UNCONFIG_CONST_CFG)
 149:.\Generated_Source\PSoC4/I2CS.c ****     /* Enable SCB block, only if it is already configured */
 150:.\Generated_Source\PSoC4/I2CS.c ****     if (!I2CS_SCB_MODE_UNCONFIG_RUNTM_CFG)
 151:.\Generated_Source\PSoC4/I2CS.c ****     {
 152:.\Generated_Source\PSoC4/I2CS.c ****         I2CS_CTRL_REG |= I2CS_CTRL_ENABLED;
 153:.\Generated_Source\PSoC4/I2CS.c **** 
 154:.\Generated_Source\PSoC4/I2CS.c ****         I2CS_ScbEnableIntr();
 155:.\Generated_Source\PSoC4/I2CS.c **** 
 156:.\Generated_Source\PSoC4/I2CS.c ****         /* Call PostEnable function specific to current operation mode */
 157:.\Generated_Source\PSoC4/I2CS.c ****         I2CS_ScbModePostEnable();
 158:.\Generated_Source\PSoC4/I2CS.c ****     }
ARM GAS  C:\Users\11401393\AppData\Local\Temp\ccUR7F7x.s 			page 5


 159:.\Generated_Source\PSoC4/I2CS.c **** #else
 160:.\Generated_Source\PSoC4/I2CS.c ****     I2CS_CTRL_REG |= I2CS_CTRL_ENABLED;
  71              		.loc 1 160 0
  72 0004 064B     		ldr	r3, .L3
  73 0006 064A     		ldr	r2, .L3
  74 0008 1268     		ldr	r2, [r2]
  75 000a 8021     		mov	r1, #128
  76 000c 0906     		lsl	r1, r1, #24
  77 000e 0A43     		orr	r2, r1
  78 0010 1A60     		str	r2, [r3]
 161:.\Generated_Source\PSoC4/I2CS.c **** 
 162:.\Generated_Source\PSoC4/I2CS.c ****     I2CS_ScbEnableIntr();
  79              		.loc 1 162 0
  80 0012 FFF7FEFF 		bl	I2CS_ScbEnableIntr
 163:.\Generated_Source\PSoC4/I2CS.c **** 
 164:.\Generated_Source\PSoC4/I2CS.c ****     /* Call PostEnable function specific to current operation mode */
 165:.\Generated_Source\PSoC4/I2CS.c ****     I2CS_ScbModePostEnable();
  81              		.loc 1 165 0
  82 0016 FFF7FEFF 		bl	I2CS_ScbModePostEnable
 166:.\Generated_Source\PSoC4/I2CS.c **** #endif /* (I2CS_SCB_MODE_UNCONFIG_CONST_CFG) */
 167:.\Generated_Source\PSoC4/I2CS.c **** }
  83              		.loc 1 167 0
  84 001a BD46     		mov	sp, r7
  85              		@ sp needed
  86 001c 80BD     		pop	{r7, pc}
  87              	.L4:
  88 001e C046     		.align	2
  89              	.L3:
  90 0020 00002440 		.word	1076101120
  91              		.cfi_endproc
  92              	.LFE2:
  93              		.size	I2CS_Enable, .-I2CS_Enable
  94              		.section	.text.I2CS_Start,"ax",%progbits
  95              		.align	2
  96              		.global	I2CS_Start
  97              		.code	16
  98              		.thumb_func
  99              		.type	I2CS_Start, %function
 100              	I2CS_Start:
 101              	.LFB3:
 168:.\Generated_Source\PSoC4/I2CS.c **** 
 169:.\Generated_Source\PSoC4/I2CS.c **** 
 170:.\Generated_Source\PSoC4/I2CS.c **** /*******************************************************************************
 171:.\Generated_Source\PSoC4/I2CS.c **** * Function Name: I2CS_Start
 172:.\Generated_Source\PSoC4/I2CS.c **** ********************************************************************************
 173:.\Generated_Source\PSoC4/I2CS.c **** *
 174:.\Generated_Source\PSoC4/I2CS.c **** * Summary:
 175:.\Generated_Source\PSoC4/I2CS.c **** *  Invokes SCB_Init() and SCB_Enable().
 176:.\Generated_Source\PSoC4/I2CS.c **** *  After this function call, the component is enabled and ready for operation.
 177:.\Generated_Source\PSoC4/I2CS.c **** *  When configuration is set to "Unconfigured SCB", the component must first be
 178:.\Generated_Source\PSoC4/I2CS.c **** *  initialized to operate in one of the following configurations: I2C, SPI, UART
 179:.\Generated_Source\PSoC4/I2CS.c **** *  or EZ I2C. Otherwise this function does not enable the component.
 180:.\Generated_Source\PSoC4/I2CS.c **** *
 181:.\Generated_Source\PSoC4/I2CS.c **** * Parameters:
 182:.\Generated_Source\PSoC4/I2CS.c **** *  None
 183:.\Generated_Source\PSoC4/I2CS.c **** *
 184:.\Generated_Source\PSoC4/I2CS.c **** * Return:
ARM GAS  C:\Users\11401393\AppData\Local\Temp\ccUR7F7x.s 			page 6


 185:.\Generated_Source\PSoC4/I2CS.c **** *  None
 186:.\Generated_Source\PSoC4/I2CS.c **** *
 187:.\Generated_Source\PSoC4/I2CS.c **** * Global variables:
 188:.\Generated_Source\PSoC4/I2CS.c **** *  I2CS_initVar - used to check initial configuration, modified
 189:.\Generated_Source\PSoC4/I2CS.c **** *  on first function call.
 190:.\Generated_Source\PSoC4/I2CS.c **** *
 191:.\Generated_Source\PSoC4/I2CS.c **** *******************************************************************************/
 192:.\Generated_Source\PSoC4/I2CS.c **** void I2CS_Start(void)
 193:.\Generated_Source\PSoC4/I2CS.c **** {
 102              		.loc 1 193 0
 103              		.cfi_startproc
 104 0000 80B5     		push	{r7, lr}
 105              		.cfi_def_cfa_offset 8
 106              		.cfi_offset 7, -8
 107              		.cfi_offset 14, -4
 108 0002 00AF     		add	r7, sp, #0
 109              		.cfi_def_cfa_register 7
 194:.\Generated_Source\PSoC4/I2CS.c ****     if (0u == I2CS_initVar)
 110              		.loc 1 194 0
 111 0004 064B     		ldr	r3, .L7
 112 0006 1B78     		ldrb	r3, [r3]
 113 0008 002B     		cmp	r3, #0
 114 000a 04D1     		bne	.L6
 195:.\Generated_Source\PSoC4/I2CS.c ****     {
 196:.\Generated_Source\PSoC4/I2CS.c ****         I2CS_Init();
 115              		.loc 1 196 0
 116 000c FFF7FEFF 		bl	I2CS_Init
 197:.\Generated_Source\PSoC4/I2CS.c ****         I2CS_initVar = 1u; /* Component was initialized */
 117              		.loc 1 197 0
 118 0010 034B     		ldr	r3, .L7
 119 0012 0122     		mov	r2, #1
 120 0014 1A70     		strb	r2, [r3]
 121              	.L6:
 198:.\Generated_Source\PSoC4/I2CS.c ****     }
 199:.\Generated_Source\PSoC4/I2CS.c **** 
 200:.\Generated_Source\PSoC4/I2CS.c ****     I2CS_Enable();
 122              		.loc 1 200 0
 123 0016 FFF7FEFF 		bl	I2CS_Enable
 201:.\Generated_Source\PSoC4/I2CS.c **** }
 124              		.loc 1 201 0
 125 001a BD46     		mov	sp, r7
 126              		@ sp needed
 127 001c 80BD     		pop	{r7, pc}
 128              	.L8:
 129 001e C046     		.align	2
 130              	.L7:
 131 0020 00000000 		.word	I2CS_initVar
 132              		.cfi_endproc
 133              	.LFE3:
 134              		.size	I2CS_Start, .-I2CS_Start
 135              		.section	.text.I2CS_Stop,"ax",%progbits
 136              		.align	2
 137              		.global	I2CS_Stop
 138              		.code	16
 139              		.thumb_func
 140              		.type	I2CS_Stop, %function
 141              	I2CS_Stop:
ARM GAS  C:\Users\11401393\AppData\Local\Temp\ccUR7F7x.s 			page 7


 142              	.LFB4:
 202:.\Generated_Source\PSoC4/I2CS.c **** 
 203:.\Generated_Source\PSoC4/I2CS.c **** 
 204:.\Generated_Source\PSoC4/I2CS.c **** /*******************************************************************************
 205:.\Generated_Source\PSoC4/I2CS.c **** * Function Name: I2CS_Stop
 206:.\Generated_Source\PSoC4/I2CS.c **** ********************************************************************************
 207:.\Generated_Source\PSoC4/I2CS.c **** *
 208:.\Generated_Source\PSoC4/I2CS.c **** * Summary:
 209:.\Generated_Source\PSoC4/I2CS.c **** *  Disables the SCB component and its interrupt.
 210:.\Generated_Source\PSoC4/I2CS.c **** *  It also disables all TX interrupt sources so as not to cause an unexpected
 211:.\Generated_Source\PSoC4/I2CS.c **** *  interrupt trigger because after the component is enabled, the TX FIFO 
 212:.\Generated_Source\PSoC4/I2CS.c **** *  is empty.
 213:.\Generated_Source\PSoC4/I2CS.c **** *
 214:.\Generated_Source\PSoC4/I2CS.c **** * Parameters:
 215:.\Generated_Source\PSoC4/I2CS.c **** *  None
 216:.\Generated_Source\PSoC4/I2CS.c **** *
 217:.\Generated_Source\PSoC4/I2CS.c **** * Return:
 218:.\Generated_Source\PSoC4/I2CS.c **** *  None
 219:.\Generated_Source\PSoC4/I2CS.c **** * 
 220:.\Generated_Source\PSoC4/I2CS.c **** *******************************************************************************/
 221:.\Generated_Source\PSoC4/I2CS.c **** void I2CS_Stop(void)
 222:.\Generated_Source\PSoC4/I2CS.c **** {
 143              		.loc 1 222 0
 144              		.cfi_startproc
 145 0000 80B5     		push	{r7, lr}
 146              		.cfi_def_cfa_offset 8
 147              		.cfi_offset 7, -8
 148              		.cfi_offset 14, -4
 149 0002 00AF     		add	r7, sp, #0
 150              		.cfi_def_cfa_register 7
 223:.\Generated_Source\PSoC4/I2CS.c **** #if (I2CS_SCB_IRQ_INTERNAL)
 224:.\Generated_Source\PSoC4/I2CS.c ****     I2CS_DisableInt();
 151              		.loc 1 224 0
 152 0004 0820     		mov	r0, #8
 153 0006 FFF7FEFF 		bl	CyIntDisable
 225:.\Generated_Source\PSoC4/I2CS.c **** #endif /* (I2CS_SCB_IRQ_INTERNAL) */
 226:.\Generated_Source\PSoC4/I2CS.c **** 
 227:.\Generated_Source\PSoC4/I2CS.c ****     /* Call Stop function specific to current operation mode */
 228:.\Generated_Source\PSoC4/I2CS.c ****     I2CS_ScbModeStop();
 154              		.loc 1 228 0
 155 000a FFF7FEFF 		bl	I2CS_ScbModeStop
 229:.\Generated_Source\PSoC4/I2CS.c **** 
 230:.\Generated_Source\PSoC4/I2CS.c ****     /* Disable SCB IP */
 231:.\Generated_Source\PSoC4/I2CS.c ****     I2CS_CTRL_REG &= (uint32) ~I2CS_CTRL_ENABLED;
 156              		.loc 1 231 0
 157 000e 074B     		ldr	r3, .L10
 158 0010 064A     		ldr	r2, .L10
 159 0012 1268     		ldr	r2, [r2]
 160 0014 5200     		lsl	r2, r2, #1
 161 0016 5208     		lsr	r2, r2, #1
 162 0018 1A60     		str	r2, [r3]
 232:.\Generated_Source\PSoC4/I2CS.c **** 
 233:.\Generated_Source\PSoC4/I2CS.c ****     /* Disable all TX interrupt sources so as not to cause an unexpected
 234:.\Generated_Source\PSoC4/I2CS.c ****     * interrupt trigger because after the component is enabled, the TX FIFO
 235:.\Generated_Source\PSoC4/I2CS.c ****     * is empty.
 236:.\Generated_Source\PSoC4/I2CS.c ****     * For SCB IP v0, it is critical as it does not mask-out interrupt
 237:.\Generated_Source\PSoC4/I2CS.c ****     * sources when they are disabled. This can cause a code lock-up in the
ARM GAS  C:\Users\11401393\AppData\Local\Temp\ccUR7F7x.s 			page 8


 238:.\Generated_Source\PSoC4/I2CS.c ****     * interrupt handler because TX FIFO cannot be loaded after the block
 239:.\Generated_Source\PSoC4/I2CS.c ****     * is disabled.
 240:.\Generated_Source\PSoC4/I2CS.c ****     */
 241:.\Generated_Source\PSoC4/I2CS.c ****     I2CS_SetTxInterruptMode(I2CS_NO_INTR_SOURCES);
 163              		.loc 1 241 0
 164 001a 054B     		ldr	r3, .L10+4
 165 001c 0022     		mov	r2, #0
 166 001e 1A60     		str	r2, [r3]
 242:.\Generated_Source\PSoC4/I2CS.c **** 
 243:.\Generated_Source\PSoC4/I2CS.c **** #if (I2CS_SCB_IRQ_INTERNAL)
 244:.\Generated_Source\PSoC4/I2CS.c ****     I2CS_ClearPendingInt();
 167              		.loc 1 244 0
 168 0020 0820     		mov	r0, #8
 169 0022 FFF7FEFF 		bl	CyIntClearPending
 245:.\Generated_Source\PSoC4/I2CS.c **** #endif /* (I2CS_SCB_IRQ_INTERNAL) */
 246:.\Generated_Source\PSoC4/I2CS.c **** }
 170              		.loc 1 246 0
 171 0026 BD46     		mov	sp, r7
 172              		@ sp needed
 173 0028 80BD     		pop	{r7, pc}
 174              	.L11:
 175 002a C046     		.align	2
 176              	.L10:
 177 002c 00002440 		.word	1076101120
 178 0030 880F2440 		.word	1076105096
 179              		.cfi_endproc
 180              	.LFE4:
 181              		.size	I2CS_Stop, .-I2CS_Stop
 182              		.section	.text.I2CS_SetRxFifoLevel,"ax",%progbits
 183              		.align	2
 184              		.global	I2CS_SetRxFifoLevel
 185              		.code	16
 186              		.thumb_func
 187              		.type	I2CS_SetRxFifoLevel, %function
 188              	I2CS_SetRxFifoLevel:
 189              	.LFB5:
 247:.\Generated_Source\PSoC4/I2CS.c **** 
 248:.\Generated_Source\PSoC4/I2CS.c **** 
 249:.\Generated_Source\PSoC4/I2CS.c **** /*******************************************************************************
 250:.\Generated_Source\PSoC4/I2CS.c **** * Function Name: I2CS_SetRxFifoLevel
 251:.\Generated_Source\PSoC4/I2CS.c **** ********************************************************************************
 252:.\Generated_Source\PSoC4/I2CS.c **** *
 253:.\Generated_Source\PSoC4/I2CS.c **** * Summary:
 254:.\Generated_Source\PSoC4/I2CS.c **** *  Sets level in the RX FIFO to generate a RX level interrupt.
 255:.\Generated_Source\PSoC4/I2CS.c **** *  When the RX FIFO has more entries than the RX FIFO level an RX level
 256:.\Generated_Source\PSoC4/I2CS.c **** *  interrupt request is generated.
 257:.\Generated_Source\PSoC4/I2CS.c **** *
 258:.\Generated_Source\PSoC4/I2CS.c **** * Parameters:
 259:.\Generated_Source\PSoC4/I2CS.c **** *  level: Level in the RX FIFO to generate RX level interrupt.
 260:.\Generated_Source\PSoC4/I2CS.c **** *         The range of valid level values is between 0 and RX FIFO depth - 1.
 261:.\Generated_Source\PSoC4/I2CS.c **** *
 262:.\Generated_Source\PSoC4/I2CS.c **** * Return:
 263:.\Generated_Source\PSoC4/I2CS.c **** *  None
 264:.\Generated_Source\PSoC4/I2CS.c **** *
 265:.\Generated_Source\PSoC4/I2CS.c **** *******************************************************************************/
 266:.\Generated_Source\PSoC4/I2CS.c **** void I2CS_SetRxFifoLevel(uint32 level)
 267:.\Generated_Source\PSoC4/I2CS.c **** {
ARM GAS  C:\Users\11401393\AppData\Local\Temp\ccUR7F7x.s 			page 9


 190              		.loc 1 267 0
 191              		.cfi_startproc
 192 0000 80B5     		push	{r7, lr}
 193              		.cfi_def_cfa_offset 8
 194              		.cfi_offset 7, -8
 195              		.cfi_offset 14, -4
 196 0002 84B0     		sub	sp, sp, #16
 197              		.cfi_def_cfa_offset 24
 198 0004 00AF     		add	r7, sp, #0
 199              		.cfi_def_cfa_register 7
 200 0006 7860     		str	r0, [r7, #4]
 268:.\Generated_Source\PSoC4/I2CS.c ****     uint32 rxFifoCtrl;
 269:.\Generated_Source\PSoC4/I2CS.c **** 
 270:.\Generated_Source\PSoC4/I2CS.c ****     rxFifoCtrl = I2CS_RX_FIFO_CTRL_REG;
 201              		.loc 1 270 0
 202 0008 094B     		ldr	r3, .L13
 203 000a 1B68     		ldr	r3, [r3]
 204 000c FB60     		str	r3, [r7, #12]
 271:.\Generated_Source\PSoC4/I2CS.c **** 
 272:.\Generated_Source\PSoC4/I2CS.c ****     rxFifoCtrl &= ((uint32) ~I2CS_RX_FIFO_CTRL_TRIGGER_LEVEL_MASK); /* Clear level mask bits */
 205              		.loc 1 272 0
 206 000e FB68     		ldr	r3, [r7, #12]
 207 0010 0F22     		mov	r2, #15
 208 0012 9343     		bic	r3, r2
 209 0014 FB60     		str	r3, [r7, #12]
 273:.\Generated_Source\PSoC4/I2CS.c ****     rxFifoCtrl |= ((uint32) (I2CS_RX_FIFO_CTRL_TRIGGER_LEVEL_MASK & level));
 210              		.loc 1 273 0
 211 0016 7A68     		ldr	r2, [r7, #4]
 212 0018 0F23     		mov	r3, #15
 213 001a 1340     		and	r3, r2
 214 001c FA68     		ldr	r2, [r7, #12]
 215 001e 1343     		orr	r3, r2
 216 0020 FB60     		str	r3, [r7, #12]
 274:.\Generated_Source\PSoC4/I2CS.c **** 
 275:.\Generated_Source\PSoC4/I2CS.c ****     I2CS_RX_FIFO_CTRL_REG = rxFifoCtrl;
 217              		.loc 1 275 0
 218 0022 034B     		ldr	r3, .L13
 219 0024 FA68     		ldr	r2, [r7, #12]
 220 0026 1A60     		str	r2, [r3]
 276:.\Generated_Source\PSoC4/I2CS.c **** }
 221              		.loc 1 276 0
 222 0028 BD46     		mov	sp, r7
 223 002a 04B0     		add	sp, sp, #16
 224              		@ sp needed
 225 002c 80BD     		pop	{r7, pc}
 226              	.L14:
 227 002e C046     		.align	2
 228              	.L13:
 229 0030 04032440 		.word	1076101892
 230              		.cfi_endproc
 231              	.LFE5:
 232              		.size	I2CS_SetRxFifoLevel, .-I2CS_SetRxFifoLevel
 233              		.section	.text.I2CS_SetTxFifoLevel,"ax",%progbits
 234              		.align	2
 235              		.global	I2CS_SetTxFifoLevel
 236              		.code	16
 237              		.thumb_func
ARM GAS  C:\Users\11401393\AppData\Local\Temp\ccUR7F7x.s 			page 10


 238              		.type	I2CS_SetTxFifoLevel, %function
 239              	I2CS_SetTxFifoLevel:
 240              	.LFB6:
 277:.\Generated_Source\PSoC4/I2CS.c **** 
 278:.\Generated_Source\PSoC4/I2CS.c **** 
 279:.\Generated_Source\PSoC4/I2CS.c **** /*******************************************************************************
 280:.\Generated_Source\PSoC4/I2CS.c **** * Function Name: I2CS_SetTxFifoLevel
 281:.\Generated_Source\PSoC4/I2CS.c **** ********************************************************************************
 282:.\Generated_Source\PSoC4/I2CS.c **** *
 283:.\Generated_Source\PSoC4/I2CS.c **** * Summary:
 284:.\Generated_Source\PSoC4/I2CS.c **** *  Sets level in the TX FIFO to generate a TX level interrupt.
 285:.\Generated_Source\PSoC4/I2CS.c **** *  When the TX FIFO has more entries than the TX FIFO level an TX level
 286:.\Generated_Source\PSoC4/I2CS.c **** *  interrupt request is generated.
 287:.\Generated_Source\PSoC4/I2CS.c **** *
 288:.\Generated_Source\PSoC4/I2CS.c **** * Parameters:
 289:.\Generated_Source\PSoC4/I2CS.c **** *  level: Level in the TX FIFO to generate TX level interrupt.
 290:.\Generated_Source\PSoC4/I2CS.c **** *         The range of valid level values is between 0 and TX FIFO depth - 1.
 291:.\Generated_Source\PSoC4/I2CS.c **** *
 292:.\Generated_Source\PSoC4/I2CS.c **** * Return:
 293:.\Generated_Source\PSoC4/I2CS.c **** *  None
 294:.\Generated_Source\PSoC4/I2CS.c **** *
 295:.\Generated_Source\PSoC4/I2CS.c **** *******************************************************************************/
 296:.\Generated_Source\PSoC4/I2CS.c **** void I2CS_SetTxFifoLevel(uint32 level)
 297:.\Generated_Source\PSoC4/I2CS.c **** {
 241              		.loc 1 297 0
 242              		.cfi_startproc
 243 0000 80B5     		push	{r7, lr}
 244              		.cfi_def_cfa_offset 8
 245              		.cfi_offset 7, -8
 246              		.cfi_offset 14, -4
 247 0002 84B0     		sub	sp, sp, #16
 248              		.cfi_def_cfa_offset 24
 249 0004 00AF     		add	r7, sp, #0
 250              		.cfi_def_cfa_register 7
 251 0006 7860     		str	r0, [r7, #4]
 298:.\Generated_Source\PSoC4/I2CS.c ****     uint32 txFifoCtrl;
 299:.\Generated_Source\PSoC4/I2CS.c **** 
 300:.\Generated_Source\PSoC4/I2CS.c ****     txFifoCtrl = I2CS_TX_FIFO_CTRL_REG;
 252              		.loc 1 300 0
 253 0008 094B     		ldr	r3, .L16
 254 000a 1B68     		ldr	r3, [r3]
 255 000c FB60     		str	r3, [r7, #12]
 301:.\Generated_Source\PSoC4/I2CS.c **** 
 302:.\Generated_Source\PSoC4/I2CS.c ****     txFifoCtrl &= ((uint32) ~I2CS_TX_FIFO_CTRL_TRIGGER_LEVEL_MASK); /* Clear level mask bits */
 256              		.loc 1 302 0
 257 000e FB68     		ldr	r3, [r7, #12]
 258 0010 0F22     		mov	r2, #15
 259 0012 9343     		bic	r3, r2
 260 0014 FB60     		str	r3, [r7, #12]
 303:.\Generated_Source\PSoC4/I2CS.c ****     txFifoCtrl |= ((uint32) (I2CS_TX_FIFO_CTRL_TRIGGER_LEVEL_MASK & level));
 261              		.loc 1 303 0
 262 0016 7A68     		ldr	r2, [r7, #4]
 263 0018 0F23     		mov	r3, #15
 264 001a 1340     		and	r3, r2
 265 001c FA68     		ldr	r2, [r7, #12]
 266 001e 1343     		orr	r3, r2
 267 0020 FB60     		str	r3, [r7, #12]
ARM GAS  C:\Users\11401393\AppData\Local\Temp\ccUR7F7x.s 			page 11


 304:.\Generated_Source\PSoC4/I2CS.c **** 
 305:.\Generated_Source\PSoC4/I2CS.c ****     I2CS_TX_FIFO_CTRL_REG = txFifoCtrl;
 268              		.loc 1 305 0
 269 0022 034B     		ldr	r3, .L16
 270 0024 FA68     		ldr	r2, [r7, #12]
 271 0026 1A60     		str	r2, [r3]
 306:.\Generated_Source\PSoC4/I2CS.c **** }
 272              		.loc 1 306 0
 273 0028 BD46     		mov	sp, r7
 274 002a 04B0     		add	sp, sp, #16
 275              		@ sp needed
 276 002c 80BD     		pop	{r7, pc}
 277              	.L17:
 278 002e C046     		.align	2
 279              	.L16:
 280 0030 04022440 		.word	1076101636
 281              		.cfi_endproc
 282              	.LFE6:
 283              		.size	I2CS_SetTxFifoLevel, .-I2CS_SetTxFifoLevel
 284              		.section	.text.I2CS_SetCustomInterruptHandler,"ax",%progbits
 285              		.align	2
 286              		.global	I2CS_SetCustomInterruptHandler
 287              		.code	16
 288              		.thumb_func
 289              		.type	I2CS_SetCustomInterruptHandler, %function
 290              	I2CS_SetCustomInterruptHandler:
 291              	.LFB7:
 307:.\Generated_Source\PSoC4/I2CS.c **** 
 308:.\Generated_Source\PSoC4/I2CS.c **** 
 309:.\Generated_Source\PSoC4/I2CS.c **** #if (I2CS_SCB_IRQ_INTERNAL)
 310:.\Generated_Source\PSoC4/I2CS.c ****     /*******************************************************************************
 311:.\Generated_Source\PSoC4/I2CS.c ****     * Function Name: I2CS_SetCustomInterruptHandler
 312:.\Generated_Source\PSoC4/I2CS.c ****     ********************************************************************************
 313:.\Generated_Source\PSoC4/I2CS.c ****     *
 314:.\Generated_Source\PSoC4/I2CS.c ****     * Summary:
 315:.\Generated_Source\PSoC4/I2CS.c ****     *  Registers a function to be called by the internal interrupt handler.
 316:.\Generated_Source\PSoC4/I2CS.c ****     *  First the function that is registered is called, then the internal interrupt
 317:.\Generated_Source\PSoC4/I2CS.c ****     *  handler performs any operation such as software buffer management functions
 318:.\Generated_Source\PSoC4/I2CS.c ****     *  before the interrupt returns.  It is the user's responsibility not to break
 319:.\Generated_Source\PSoC4/I2CS.c ****     *  the software buffer operations. Only one custom handler is supported, which
 320:.\Generated_Source\PSoC4/I2CS.c ****     *  is the function provided by the most recent call.
 321:.\Generated_Source\PSoC4/I2CS.c ****     *  At the initialization time no custom handler is registered.
 322:.\Generated_Source\PSoC4/I2CS.c ****     *
 323:.\Generated_Source\PSoC4/I2CS.c ****     * Parameters:
 324:.\Generated_Source\PSoC4/I2CS.c ****     *  func: Pointer to the function to register.
 325:.\Generated_Source\PSoC4/I2CS.c ****     *        The value NULL indicates to remove the current custom interrupt
 326:.\Generated_Source\PSoC4/I2CS.c ****     *        handler.
 327:.\Generated_Source\PSoC4/I2CS.c ****     *
 328:.\Generated_Source\PSoC4/I2CS.c ****     * Return:
 329:.\Generated_Source\PSoC4/I2CS.c ****     *  None
 330:.\Generated_Source\PSoC4/I2CS.c ****     *
 331:.\Generated_Source\PSoC4/I2CS.c ****     *******************************************************************************/
 332:.\Generated_Source\PSoC4/I2CS.c ****     void I2CS_SetCustomInterruptHandler(void (*func)(void))
 333:.\Generated_Source\PSoC4/I2CS.c ****     {
 292              		.loc 1 333 0
 293              		.cfi_startproc
 294 0000 80B5     		push	{r7, lr}
ARM GAS  C:\Users\11401393\AppData\Local\Temp\ccUR7F7x.s 			page 12


 295              		.cfi_def_cfa_offset 8
 296              		.cfi_offset 7, -8
 297              		.cfi_offset 14, -4
 298 0002 82B0     		sub	sp, sp, #8
 299              		.cfi_def_cfa_offset 16
 300 0004 00AF     		add	r7, sp, #0
 301              		.cfi_def_cfa_register 7
 302 0006 7860     		str	r0, [r7, #4]
 334:.\Generated_Source\PSoC4/I2CS.c ****     #if !defined (CY_REMOVE_I2CS_CUSTOM_INTR_HANDLER)
 335:.\Generated_Source\PSoC4/I2CS.c ****         I2CS_customIntrHandler = func; /* Register interrupt handler */
 303              		.loc 1 335 0
 304 0008 024B     		ldr	r3, .L19
 305 000a 7A68     		ldr	r2, [r7, #4]
 306 000c 1A60     		str	r2, [r3]
 336:.\Generated_Source\PSoC4/I2CS.c ****     #else
 337:.\Generated_Source\PSoC4/I2CS.c ****         if (NULL != func)
 338:.\Generated_Source\PSoC4/I2CS.c ****         {
 339:.\Generated_Source\PSoC4/I2CS.c ****             /* Suppress compiler warning */
 340:.\Generated_Source\PSoC4/I2CS.c ****         }
 341:.\Generated_Source\PSoC4/I2CS.c ****     #endif /* !defined (CY_REMOVE_I2CS_CUSTOM_INTR_HANDLER) */
 342:.\Generated_Source\PSoC4/I2CS.c ****     }
 307              		.loc 1 342 0
 308 000e BD46     		mov	sp, r7
 309 0010 02B0     		add	sp, sp, #8
 310              		@ sp needed
 311 0012 80BD     		pop	{r7, pc}
 312              	.L20:
 313              		.align	2
 314              	.L19:
 315 0014 00000000 		.word	I2CS_customIntrHandler
 316              		.cfi_endproc
 317              	.LFE7:
 318              		.size	I2CS_SetCustomInterruptHandler, .-I2CS_SetCustomInterruptHandler
 319              		.section	.text.I2CS_ScbEnableIntr,"ax",%progbits
 320              		.align	2
 321              		.code	16
 322              		.thumb_func
 323              		.type	I2CS_ScbEnableIntr, %function
 324              	I2CS_ScbEnableIntr:
 325              	.LFB8:
 343:.\Generated_Source\PSoC4/I2CS.c **** #endif /* (I2CS_SCB_IRQ_INTERNAL) */
 344:.\Generated_Source\PSoC4/I2CS.c **** 
 345:.\Generated_Source\PSoC4/I2CS.c **** 
 346:.\Generated_Source\PSoC4/I2CS.c **** /*******************************************************************************
 347:.\Generated_Source\PSoC4/I2CS.c **** * Function Name: I2CS_ScbModeEnableIntr
 348:.\Generated_Source\PSoC4/I2CS.c **** ********************************************************************************
 349:.\Generated_Source\PSoC4/I2CS.c **** *
 350:.\Generated_Source\PSoC4/I2CS.c **** * Summary:
 351:.\Generated_Source\PSoC4/I2CS.c **** *  Enables an interrupt for a specific mode.
 352:.\Generated_Source\PSoC4/I2CS.c **** *
 353:.\Generated_Source\PSoC4/I2CS.c **** * Parameters:
 354:.\Generated_Source\PSoC4/I2CS.c **** *  None
 355:.\Generated_Source\PSoC4/I2CS.c **** *
 356:.\Generated_Source\PSoC4/I2CS.c **** * Return:
 357:.\Generated_Source\PSoC4/I2CS.c **** *  None
 358:.\Generated_Source\PSoC4/I2CS.c **** *
 359:.\Generated_Source\PSoC4/I2CS.c **** *******************************************************************************/
ARM GAS  C:\Users\11401393\AppData\Local\Temp\ccUR7F7x.s 			page 13


 360:.\Generated_Source\PSoC4/I2CS.c **** static void I2CS_ScbEnableIntr(void)
 361:.\Generated_Source\PSoC4/I2CS.c **** {
 326              		.loc 1 361 0
 327              		.cfi_startproc
 328 0000 80B5     		push	{r7, lr}
 329              		.cfi_def_cfa_offset 8
 330              		.cfi_offset 7, -8
 331              		.cfi_offset 14, -4
 332 0002 00AF     		add	r7, sp, #0
 333              		.cfi_def_cfa_register 7
 362:.\Generated_Source\PSoC4/I2CS.c **** #if (I2CS_SCB_IRQ_INTERNAL)
 363:.\Generated_Source\PSoC4/I2CS.c ****     /* Enable interrupt in NVIC */
 364:.\Generated_Source\PSoC4/I2CS.c ****     #if (I2CS_SCB_MODE_UNCONFIG_CONST_CFG)
 365:.\Generated_Source\PSoC4/I2CS.c ****         if (0u != I2CS_scbEnableIntr)
 366:.\Generated_Source\PSoC4/I2CS.c ****         {
 367:.\Generated_Source\PSoC4/I2CS.c ****             I2CS_EnableInt();
 368:.\Generated_Source\PSoC4/I2CS.c ****         }
 369:.\Generated_Source\PSoC4/I2CS.c **** 
 370:.\Generated_Source\PSoC4/I2CS.c ****     #else
 371:.\Generated_Source\PSoC4/I2CS.c ****         I2CS_EnableInt();
 334              		.loc 1 371 0
 335 0004 0820     		mov	r0, #8
 336 0006 FFF7FEFF 		bl	CyIntEnable
 372:.\Generated_Source\PSoC4/I2CS.c **** 
 373:.\Generated_Source\PSoC4/I2CS.c ****     #endif /* (I2CS_SCB_MODE_UNCONFIG_CONST_CFG) */
 374:.\Generated_Source\PSoC4/I2CS.c **** #endif /* (I2CS_SCB_IRQ_INTERNAL) */
 375:.\Generated_Source\PSoC4/I2CS.c **** }
 337              		.loc 1 375 0
 338 000a BD46     		mov	sp, r7
 339              		@ sp needed
 340 000c 80BD     		pop	{r7, pc}
 341              		.cfi_endproc
 342              	.LFE8:
 343              		.size	I2CS_ScbEnableIntr, .-I2CS_ScbEnableIntr
 344              		.section	.text.I2CS_ScbModePostEnable,"ax",%progbits
 345              		.align	2
 346              		.code	16
 347              		.thumb_func
 348              		.type	I2CS_ScbModePostEnable, %function
 349              	I2CS_ScbModePostEnable:
 350              	.LFB9:
 376:.\Generated_Source\PSoC4/I2CS.c **** 
 377:.\Generated_Source\PSoC4/I2CS.c **** 
 378:.\Generated_Source\PSoC4/I2CS.c **** /*******************************************************************************
 379:.\Generated_Source\PSoC4/I2CS.c **** * Function Name: I2CS_ScbModePostEnable
 380:.\Generated_Source\PSoC4/I2CS.c **** ********************************************************************************
 381:.\Generated_Source\PSoC4/I2CS.c **** *
 382:.\Generated_Source\PSoC4/I2CS.c **** * Summary:
 383:.\Generated_Source\PSoC4/I2CS.c **** *  Calls the PostEnable function for a specific operation mode.
 384:.\Generated_Source\PSoC4/I2CS.c **** *
 385:.\Generated_Source\PSoC4/I2CS.c **** * Parameters:
 386:.\Generated_Source\PSoC4/I2CS.c **** *  None
 387:.\Generated_Source\PSoC4/I2CS.c **** *
 388:.\Generated_Source\PSoC4/I2CS.c **** * Return:
 389:.\Generated_Source\PSoC4/I2CS.c **** *  None
 390:.\Generated_Source\PSoC4/I2CS.c **** *
 391:.\Generated_Source\PSoC4/I2CS.c **** *******************************************************************************/
ARM GAS  C:\Users\11401393\AppData\Local\Temp\ccUR7F7x.s 			page 14


 392:.\Generated_Source\PSoC4/I2CS.c **** static void I2CS_ScbModePostEnable(void)
 393:.\Generated_Source\PSoC4/I2CS.c **** {
 351              		.loc 1 393 0
 352              		.cfi_startproc
 353 0000 80B5     		push	{r7, lr}
 354              		.cfi_def_cfa_offset 8
 355              		.cfi_offset 7, -8
 356              		.cfi_offset 14, -4
 357 0002 00AF     		add	r7, sp, #0
 358              		.cfi_def_cfa_register 7
 394:.\Generated_Source\PSoC4/I2CS.c **** #if (I2CS_SCB_MODE_UNCONFIG_CONST_CFG)
 395:.\Generated_Source\PSoC4/I2CS.c **** #if (!I2CS_CY_SCBIP_V1)
 396:.\Generated_Source\PSoC4/I2CS.c ****     if (I2CS_SCB_MODE_SPI_RUNTM_CFG)
 397:.\Generated_Source\PSoC4/I2CS.c ****     {
 398:.\Generated_Source\PSoC4/I2CS.c ****         I2CS_SpiPostEnable();
 399:.\Generated_Source\PSoC4/I2CS.c ****     }
 400:.\Generated_Source\PSoC4/I2CS.c ****     else if (I2CS_SCB_MODE_UART_RUNTM_CFG)
 401:.\Generated_Source\PSoC4/I2CS.c ****     {
 402:.\Generated_Source\PSoC4/I2CS.c ****         I2CS_UartPostEnable();
 403:.\Generated_Source\PSoC4/I2CS.c ****     }
 404:.\Generated_Source\PSoC4/I2CS.c ****     else
 405:.\Generated_Source\PSoC4/I2CS.c ****     {
 406:.\Generated_Source\PSoC4/I2CS.c ****         /* Unknown mode: do nothing */
 407:.\Generated_Source\PSoC4/I2CS.c ****     }
 408:.\Generated_Source\PSoC4/I2CS.c **** #endif /* (!I2CS_CY_SCBIP_V1) */
 409:.\Generated_Source\PSoC4/I2CS.c **** 
 410:.\Generated_Source\PSoC4/I2CS.c **** #elif (I2CS_SCB_MODE_SPI_CONST_CFG)
 411:.\Generated_Source\PSoC4/I2CS.c ****     I2CS_SpiPostEnable();
 412:.\Generated_Source\PSoC4/I2CS.c **** 
 413:.\Generated_Source\PSoC4/I2CS.c **** #elif (I2CS_SCB_MODE_UART_CONST_CFG)
 414:.\Generated_Source\PSoC4/I2CS.c ****     I2CS_UartPostEnable();
 415:.\Generated_Source\PSoC4/I2CS.c **** 
 416:.\Generated_Source\PSoC4/I2CS.c **** #else
 417:.\Generated_Source\PSoC4/I2CS.c ****     /* Unknown mode: do nothing */
 418:.\Generated_Source\PSoC4/I2CS.c **** #endif /* (I2CS_SCB_MODE_UNCONFIG_CONST_CFG) */
 419:.\Generated_Source\PSoC4/I2CS.c **** }
 359              		.loc 1 419 0
 360 0004 BD46     		mov	sp, r7
 361              		@ sp needed
 362 0006 80BD     		pop	{r7, pc}
 363              		.cfi_endproc
 364              	.LFE9:
 365              		.size	I2CS_ScbModePostEnable, .-I2CS_ScbModePostEnable
 366              		.section	.text.I2CS_ScbModeStop,"ax",%progbits
 367              		.align	2
 368              		.code	16
 369              		.thumb_func
 370              		.type	I2CS_ScbModeStop, %function
 371              	I2CS_ScbModeStop:
 372              	.LFB10:
 420:.\Generated_Source\PSoC4/I2CS.c **** 
 421:.\Generated_Source\PSoC4/I2CS.c **** 
 422:.\Generated_Source\PSoC4/I2CS.c **** /*******************************************************************************
 423:.\Generated_Source\PSoC4/I2CS.c **** * Function Name: I2CS_ScbModeStop
 424:.\Generated_Source\PSoC4/I2CS.c **** ********************************************************************************
 425:.\Generated_Source\PSoC4/I2CS.c **** *
 426:.\Generated_Source\PSoC4/I2CS.c **** * Summary:
ARM GAS  C:\Users\11401393\AppData\Local\Temp\ccUR7F7x.s 			page 15


 427:.\Generated_Source\PSoC4/I2CS.c **** *  Calls the Stop function for a specific operation mode.
 428:.\Generated_Source\PSoC4/I2CS.c **** *
 429:.\Generated_Source\PSoC4/I2CS.c **** * Parameters:
 430:.\Generated_Source\PSoC4/I2CS.c **** *  None
 431:.\Generated_Source\PSoC4/I2CS.c **** *
 432:.\Generated_Source\PSoC4/I2CS.c **** * Return:
 433:.\Generated_Source\PSoC4/I2CS.c **** *  None
 434:.\Generated_Source\PSoC4/I2CS.c **** *
 435:.\Generated_Source\PSoC4/I2CS.c **** *******************************************************************************/
 436:.\Generated_Source\PSoC4/I2CS.c **** static void I2CS_ScbModeStop(void)
 437:.\Generated_Source\PSoC4/I2CS.c **** {
 373              		.loc 1 437 0
 374              		.cfi_startproc
 375 0000 80B5     		push	{r7, lr}
 376              		.cfi_def_cfa_offset 8
 377              		.cfi_offset 7, -8
 378              		.cfi_offset 14, -4
 379 0002 00AF     		add	r7, sp, #0
 380              		.cfi_def_cfa_register 7
 438:.\Generated_Source\PSoC4/I2CS.c **** #if (I2CS_SCB_MODE_UNCONFIG_CONST_CFG)
 439:.\Generated_Source\PSoC4/I2CS.c ****     if (I2CS_SCB_MODE_I2C_RUNTM_CFG)
 440:.\Generated_Source\PSoC4/I2CS.c ****     {
 441:.\Generated_Source\PSoC4/I2CS.c ****         I2CS_I2CStop();
 442:.\Generated_Source\PSoC4/I2CS.c ****     }
 443:.\Generated_Source\PSoC4/I2CS.c ****     else if (I2CS_SCB_MODE_EZI2C_RUNTM_CFG)
 444:.\Generated_Source\PSoC4/I2CS.c ****     {
 445:.\Generated_Source\PSoC4/I2CS.c ****         I2CS_EzI2CStop();
 446:.\Generated_Source\PSoC4/I2CS.c ****     }
 447:.\Generated_Source\PSoC4/I2CS.c **** #if (!I2CS_CY_SCBIP_V1)
 448:.\Generated_Source\PSoC4/I2CS.c ****     else if (I2CS_SCB_MODE_SPI_RUNTM_CFG)
 449:.\Generated_Source\PSoC4/I2CS.c ****     {
 450:.\Generated_Source\PSoC4/I2CS.c ****         I2CS_SpiStop();
 451:.\Generated_Source\PSoC4/I2CS.c ****     }
 452:.\Generated_Source\PSoC4/I2CS.c ****     else if (I2CS_SCB_MODE_UART_RUNTM_CFG)
 453:.\Generated_Source\PSoC4/I2CS.c ****     {
 454:.\Generated_Source\PSoC4/I2CS.c ****         I2CS_UartStop();
 455:.\Generated_Source\PSoC4/I2CS.c ****     }
 456:.\Generated_Source\PSoC4/I2CS.c **** #endif /* (!I2CS_CY_SCBIP_V1) */
 457:.\Generated_Source\PSoC4/I2CS.c ****     else
 458:.\Generated_Source\PSoC4/I2CS.c ****     {
 459:.\Generated_Source\PSoC4/I2CS.c ****         /* Unknown mode: do nothing */
 460:.\Generated_Source\PSoC4/I2CS.c ****     }
 461:.\Generated_Source\PSoC4/I2CS.c **** #elif (I2CS_SCB_MODE_I2C_CONST_CFG)
 462:.\Generated_Source\PSoC4/I2CS.c ****     I2CS_I2CStop();
 381              		.loc 1 462 0
 382 0004 FFF7FEFF 		bl	I2CS_I2CStop
 463:.\Generated_Source\PSoC4/I2CS.c **** 
 464:.\Generated_Source\PSoC4/I2CS.c **** #elif (I2CS_SCB_MODE_EZI2C_CONST_CFG)
 465:.\Generated_Source\PSoC4/I2CS.c ****     I2CS_EzI2CStop();
 466:.\Generated_Source\PSoC4/I2CS.c **** 
 467:.\Generated_Source\PSoC4/I2CS.c **** #elif (I2CS_SCB_MODE_SPI_CONST_CFG)
 468:.\Generated_Source\PSoC4/I2CS.c ****     I2CS_SpiStop();
 469:.\Generated_Source\PSoC4/I2CS.c **** 
 470:.\Generated_Source\PSoC4/I2CS.c **** #elif (I2CS_SCB_MODE_UART_CONST_CFG)
 471:.\Generated_Source\PSoC4/I2CS.c ****     I2CS_UartStop();
 472:.\Generated_Source\PSoC4/I2CS.c **** 
 473:.\Generated_Source\PSoC4/I2CS.c **** #else
ARM GAS  C:\Users\11401393\AppData\Local\Temp\ccUR7F7x.s 			page 16


 474:.\Generated_Source\PSoC4/I2CS.c ****     /* Unknown mode: do nothing */
 475:.\Generated_Source\PSoC4/I2CS.c **** #endif /* (I2CS_SCB_MODE_UNCONFIG_CONST_CFG) */
 476:.\Generated_Source\PSoC4/I2CS.c **** }
 383              		.loc 1 476 0
 384 0008 BD46     		mov	sp, r7
 385              		@ sp needed
 386 000a 80BD     		pop	{r7, pc}
 387              		.cfi_endproc
 388              	.LFE10:
 389              		.size	I2CS_ScbModeStop, .-I2CS_ScbModeStop
 390              		.text
 391              	.Letext0:
 392              		.file 2 "Generated_Source\\PSoC4/cytypes.h"
 393              		.section	.debug_info,"",%progbits
 394              	.Ldebug_info0:
 395 0000 DE010000 		.4byte	0x1de
 396 0004 0400     		.2byte	0x4
 397 0006 00000000 		.4byte	.Ldebug_abbrev0
 398 000a 04       		.byte	0x4
 399 000b 01       		.uleb128 0x1
 400 000c 66000000 		.4byte	.LASF32
 401 0010 01       		.byte	0x1
 402 0011 2E010000 		.4byte	.LASF33
 403 0015 73010000 		.4byte	.LASF34
 404 0019 00000000 		.4byte	.Ldebug_ranges0+0
 405 001d 00000000 		.4byte	0
 406 0021 00000000 		.4byte	.Ldebug_line0
 407 0025 02       		.uleb128 0x2
 408 0026 01       		.byte	0x1
 409 0027 06       		.byte	0x6
 410 0028 6B020000 		.4byte	.LASF0
 411 002c 02       		.uleb128 0x2
 412 002d 01       		.byte	0x1
 413 002e 08       		.byte	0x8
 414 002f E2000000 		.4byte	.LASF1
 415 0033 02       		.uleb128 0x2
 416 0034 02       		.byte	0x2
 417 0035 05       		.byte	0x5
 418 0036 2C020000 		.4byte	.LASF2
 419 003a 02       		.uleb128 0x2
 420 003b 02       		.byte	0x2
 421 003c 07       		.byte	0x7
 422 003d 36000000 		.4byte	.LASF3
 423 0041 02       		.uleb128 0x2
 424 0042 04       		.byte	0x4
 425 0043 05       		.byte	0x5
 426 0044 58020000 		.4byte	.LASF4
 427 0048 02       		.uleb128 0x2
 428 0049 04       		.byte	0x4
 429 004a 07       		.byte	0x7
 430 004b 0F010000 		.4byte	.LASF5
 431 004f 02       		.uleb128 0x2
 432 0050 08       		.byte	0x8
 433 0051 05       		.byte	0x5
 434 0052 19020000 		.4byte	.LASF6
 435 0056 02       		.uleb128 0x2
 436 0057 08       		.byte	0x8
ARM GAS  C:\Users\11401393\AppData\Local\Temp\ccUR7F7x.s 			page 17


 437 0058 07       		.byte	0x7
 438 0059 E6010000 		.4byte	.LASF7
 439 005d 03       		.uleb128 0x3
 440 005e 04       		.byte	0x4
 441 005f 05       		.byte	0x5
 442 0060 696E7400 		.ascii	"int\000"
 443 0064 02       		.uleb128 0x2
 444 0065 04       		.byte	0x4
 445 0066 07       		.byte	0x7
 446 0067 D9010000 		.4byte	.LASF8
 447 006b 04       		.uleb128 0x4
 448 006c 21010000 		.4byte	.LASF9
 449 0070 02       		.byte	0x2
 450 0071 B3       		.byte	0xb3
 451 0072 2C000000 		.4byte	0x2c
 452 0076 04       		.uleb128 0x4
 453 0077 D2010000 		.4byte	.LASF10
 454 007b 02       		.byte	0x2
 455 007c B5       		.byte	0xb5
 456 007d 48000000 		.4byte	0x48
 457 0081 02       		.uleb128 0x2
 458 0082 04       		.byte	0x4
 459 0083 04       		.byte	0x4
 460 0084 60000000 		.4byte	.LASF11
 461 0088 02       		.uleb128 0x2
 462 0089 08       		.byte	0x8
 463 008a 04       		.byte	0x4
 464 008b 27010000 		.4byte	.LASF12
 465 008f 02       		.uleb128 0x2
 466 0090 01       		.byte	0x1
 467 0091 08       		.byte	0x8
 468 0092 27020000 		.4byte	.LASF13
 469 0096 05       		.uleb128 0x5
 470 0097 0B000000 		.4byte	.LASF14
 471 009b 02       		.byte	0x2
 472 009c 5F01     		.2byte	0x15f
 473 009e A2000000 		.4byte	0xa2
 474 00a2 06       		.uleb128 0x6
 475 00a3 76000000 		.4byte	0x76
 476 00a7 07       		.uleb128 0x7
 477 00a8 04       		.byte	0x4
 478 00a9 AD000000 		.4byte	0xad
 479 00ad 08       		.uleb128 0x8
 480 00ae 02       		.uleb128 0x2
 481 00af 04       		.byte	0x4
 482 00b0 07       		.byte	0x7
 483 00b1 10020000 		.4byte	.LASF15
 484 00b5 09       		.uleb128 0x9
 485 00b6 61020000 		.4byte	.LASF16
 486 00ba 01       		.byte	0x1
 487 00bb 66       		.byte	0x66
 488 00bc 00000000 		.4byte	.LFB1
 489 00c0 0C000000 		.4byte	.LFE1-.LFB1
 490 00c4 01       		.uleb128 0x1
 491 00c5 9C       		.byte	0x9c
 492 00c6 09       		.uleb128 0x9
 493 00c7 67010000 		.4byte	.LASF17
ARM GAS  C:\Users\11401393\AppData\Local\Temp\ccUR7F7x.s 			page 18


 494 00cb 01       		.byte	0x1
 495 00cc 92       		.byte	0x92
 496 00cd 00000000 		.4byte	.LFB2
 497 00d1 24000000 		.4byte	.LFE2-.LFB2
 498 00d5 01       		.uleb128 0x1
 499 00d6 9C       		.byte	0x9c
 500 00d7 09       		.uleb128 0x9
 501 00d8 00000000 		.4byte	.LASF18
 502 00dc 01       		.byte	0x1
 503 00dd C0       		.byte	0xc0
 504 00de 00000000 		.4byte	.LFB3
 505 00e2 24000000 		.4byte	.LFE3-.LFB3
 506 00e6 01       		.uleb128 0x1
 507 00e7 9C       		.byte	0x9c
 508 00e8 09       		.uleb128 0x9
 509 00e9 56000000 		.4byte	.LASF19
 510 00ed 01       		.byte	0x1
 511 00ee DD       		.byte	0xdd
 512 00ef 00000000 		.4byte	.LFB4
 513 00f3 34000000 		.4byte	.LFE4-.LFB4
 514 00f7 01       		.uleb128 0x1
 515 00f8 9C       		.byte	0x9c
 516 00f9 0A       		.uleb128 0xa
 517 00fa 11000000 		.4byte	.LASF20
 518 00fe 01       		.byte	0x1
 519 00ff 0A01     		.2byte	0x10a
 520 0101 00000000 		.4byte	.LFB5
 521 0105 34000000 		.4byte	.LFE5-.LFB5
 522 0109 01       		.uleb128 0x1
 523 010a 9C       		.byte	0x9c
 524 010b 2E010000 		.4byte	0x12e
 525 010f 0B       		.uleb128 0xb
 526 0110 30000000 		.4byte	.LASF22
 527 0114 01       		.byte	0x1
 528 0115 0A01     		.2byte	0x10a
 529 0117 76000000 		.4byte	0x76
 530 011b 02       		.uleb128 0x2
 531 011c 91       		.byte	0x91
 532 011d 6C       		.sleb128 -20
 533 011e 0C       		.uleb128 0xc
 534 011f 4D020000 		.4byte	.LASF23
 535 0123 01       		.byte	0x1
 536 0124 0C01     		.2byte	0x10c
 537 0126 76000000 		.4byte	0x76
 538 012a 02       		.uleb128 0x2
 539 012b 91       		.byte	0x91
 540 012c 74       		.sleb128 -12
 541 012d 00       		.byte	0
 542 012e 0A       		.uleb128 0xa
 543 012f 53010000 		.4byte	.LASF21
 544 0133 01       		.byte	0x1
 545 0134 2801     		.2byte	0x128
 546 0136 00000000 		.4byte	.LFB6
 547 013a 34000000 		.4byte	.LFE6-.LFB6
 548 013e 01       		.uleb128 0x1
 549 013f 9C       		.byte	0x9c
 550 0140 63010000 		.4byte	0x163
ARM GAS  C:\Users\11401393\AppData\Local\Temp\ccUR7F7x.s 			page 19


 551 0144 0B       		.uleb128 0xb
 552 0145 30000000 		.4byte	.LASF22
 553 0149 01       		.byte	0x1
 554 014a 2801     		.2byte	0x128
 555 014c 76000000 		.4byte	0x76
 556 0150 02       		.uleb128 0x2
 557 0151 91       		.byte	0x91
 558 0152 6C       		.sleb128 -20
 559 0153 0C       		.uleb128 0xc
 560 0154 25000000 		.4byte	.LASF24
 561 0158 01       		.byte	0x1
 562 0159 2A01     		.2byte	0x12a
 563 015b 76000000 		.4byte	0x76
 564 015f 02       		.uleb128 0x2
 565 0160 91       		.byte	0x91
 566 0161 74       		.sleb128 -12
 567 0162 00       		.byte	0
 568 0163 0A       		.uleb128 0xa
 569 0164 F0000000 		.4byte	.LASF25
 570 0168 01       		.byte	0x1
 571 0169 4C01     		.2byte	0x14c
 572 016b 00000000 		.4byte	.LFB7
 573 016f 18000000 		.4byte	.LFE7-.LFB7
 574 0173 01       		.uleb128 0x1
 575 0174 9C       		.byte	0x9c
 576 0175 89010000 		.4byte	0x189
 577 0179 0B       		.uleb128 0xb
 578 017a 4E010000 		.4byte	.LASF26
 579 017e 01       		.byte	0x1
 580 017f 4C01     		.2byte	0x14c
 581 0181 A7000000 		.4byte	0xa7
 582 0185 02       		.uleb128 0x2
 583 0186 91       		.byte	0x91
 584 0187 74       		.sleb128 -12
 585 0188 00       		.byte	0
 586 0189 0D       		.uleb128 0xd
 587 018a FD010000 		.4byte	.LASF27
 588 018e 01       		.byte	0x1
 589 018f 6801     		.2byte	0x168
 590 0191 00000000 		.4byte	.LFB8
 591 0195 0E000000 		.4byte	.LFE8-.LFB8
 592 0199 01       		.uleb128 0x1
 593 019a 9C       		.byte	0x9c
 594 019b 0E       		.uleb128 0xe
 595 019c 88020000 		.4byte	.LASF28
 596 01a0 01       		.byte	0x1
 597 01a1 8801     		.2byte	0x188
 598 01a3 00000000 		.4byte	.LFB9
 599 01a7 08000000 		.4byte	.LFE9-.LFB9
 600 01ab 01       		.uleb128 0x1
 601 01ac 9C       		.byte	0x9c
 602 01ad 0D       		.uleb128 0xd
 603 01ae 77020000 		.4byte	.LASF29
 604 01b2 01       		.byte	0x1
 605 01b3 B401     		.2byte	0x1b4
 606 01b5 00000000 		.4byte	.LFB10
 607 01b9 0C000000 		.4byte	.LFE10-.LFB10
ARM GAS  C:\Users\11401393\AppData\Local\Temp\ccUR7F7x.s 			page 20


 608 01bd 01       		.uleb128 0x1
 609 01be 9C       		.byte	0x9c
 610 01bf 0F       		.uleb128 0xf
 611 01c0 49000000 		.4byte	.LASF30
 612 01c4 01       		.byte	0x1
 613 01c5 42       		.byte	0x42
 614 01c6 6B000000 		.4byte	0x6b
 615 01ca 05       		.uleb128 0x5
 616 01cb 03       		.byte	0x3
 617 01cc 00000000 		.4byte	I2CS_initVar
 618 01d0 0F       		.uleb128 0xf
 619 01d1 36020000 		.4byte	.LASF31
 620 01d5 01       		.byte	0x1
 621 01d6 46       		.byte	0x46
 622 01d7 A7000000 		.4byte	0xa7
 623 01db 05       		.uleb128 0x5
 624 01dc 03       		.byte	0x3
 625 01dd 00000000 		.4byte	I2CS_customIntrHandler
 626 01e1 00       		.byte	0
 627              		.section	.debug_abbrev,"",%progbits
 628              	.Ldebug_abbrev0:
 629 0000 01       		.uleb128 0x1
 630 0001 11       		.uleb128 0x11
 631 0002 01       		.byte	0x1
 632 0003 25       		.uleb128 0x25
 633 0004 0E       		.uleb128 0xe
 634 0005 13       		.uleb128 0x13
 635 0006 0B       		.uleb128 0xb
 636 0007 03       		.uleb128 0x3
 637 0008 0E       		.uleb128 0xe
 638 0009 1B       		.uleb128 0x1b
 639 000a 0E       		.uleb128 0xe
 640 000b 55       		.uleb128 0x55
 641 000c 17       		.uleb128 0x17
 642 000d 11       		.uleb128 0x11
 643 000e 01       		.uleb128 0x1
 644 000f 10       		.uleb128 0x10
 645 0010 17       		.uleb128 0x17
 646 0011 00       		.byte	0
 647 0012 00       		.byte	0
 648 0013 02       		.uleb128 0x2
 649 0014 24       		.uleb128 0x24
 650 0015 00       		.byte	0
 651 0016 0B       		.uleb128 0xb
 652 0017 0B       		.uleb128 0xb
 653 0018 3E       		.uleb128 0x3e
 654 0019 0B       		.uleb128 0xb
 655 001a 03       		.uleb128 0x3
 656 001b 0E       		.uleb128 0xe
 657 001c 00       		.byte	0
 658 001d 00       		.byte	0
 659 001e 03       		.uleb128 0x3
 660 001f 24       		.uleb128 0x24
 661 0020 00       		.byte	0
 662 0021 0B       		.uleb128 0xb
 663 0022 0B       		.uleb128 0xb
 664 0023 3E       		.uleb128 0x3e
ARM GAS  C:\Users\11401393\AppData\Local\Temp\ccUR7F7x.s 			page 21


 665 0024 0B       		.uleb128 0xb
 666 0025 03       		.uleb128 0x3
 667 0026 08       		.uleb128 0x8
 668 0027 00       		.byte	0
 669 0028 00       		.byte	0
 670 0029 04       		.uleb128 0x4
 671 002a 16       		.uleb128 0x16
 672 002b 00       		.byte	0
 673 002c 03       		.uleb128 0x3
 674 002d 0E       		.uleb128 0xe
 675 002e 3A       		.uleb128 0x3a
 676 002f 0B       		.uleb128 0xb
 677 0030 3B       		.uleb128 0x3b
 678 0031 0B       		.uleb128 0xb
 679 0032 49       		.uleb128 0x49
 680 0033 13       		.uleb128 0x13
 681 0034 00       		.byte	0
 682 0035 00       		.byte	0
 683 0036 05       		.uleb128 0x5
 684 0037 16       		.uleb128 0x16
 685 0038 00       		.byte	0
 686 0039 03       		.uleb128 0x3
 687 003a 0E       		.uleb128 0xe
 688 003b 3A       		.uleb128 0x3a
 689 003c 0B       		.uleb128 0xb
 690 003d 3B       		.uleb128 0x3b
 691 003e 05       		.uleb128 0x5
 692 003f 49       		.uleb128 0x49
 693 0040 13       		.uleb128 0x13
 694 0041 00       		.byte	0
 695 0042 00       		.byte	0
 696 0043 06       		.uleb128 0x6
 697 0044 35       		.uleb128 0x35
 698 0045 00       		.byte	0
 699 0046 49       		.uleb128 0x49
 700 0047 13       		.uleb128 0x13
 701 0048 00       		.byte	0
 702 0049 00       		.byte	0
 703 004a 07       		.uleb128 0x7
 704 004b 0F       		.uleb128 0xf
 705 004c 00       		.byte	0
 706 004d 0B       		.uleb128 0xb
 707 004e 0B       		.uleb128 0xb
 708 004f 49       		.uleb128 0x49
 709 0050 13       		.uleb128 0x13
 710 0051 00       		.byte	0
 711 0052 00       		.byte	0
 712 0053 08       		.uleb128 0x8
 713 0054 15       		.uleb128 0x15
 714 0055 00       		.byte	0
 715 0056 27       		.uleb128 0x27
 716 0057 19       		.uleb128 0x19
 717 0058 00       		.byte	0
 718 0059 00       		.byte	0
 719 005a 09       		.uleb128 0x9
 720 005b 2E       		.uleb128 0x2e
 721 005c 00       		.byte	0
ARM GAS  C:\Users\11401393\AppData\Local\Temp\ccUR7F7x.s 			page 22


 722 005d 3F       		.uleb128 0x3f
 723 005e 19       		.uleb128 0x19
 724 005f 03       		.uleb128 0x3
 725 0060 0E       		.uleb128 0xe
 726 0061 3A       		.uleb128 0x3a
 727 0062 0B       		.uleb128 0xb
 728 0063 3B       		.uleb128 0x3b
 729 0064 0B       		.uleb128 0xb
 730 0065 27       		.uleb128 0x27
 731 0066 19       		.uleb128 0x19
 732 0067 11       		.uleb128 0x11
 733 0068 01       		.uleb128 0x1
 734 0069 12       		.uleb128 0x12
 735 006a 06       		.uleb128 0x6
 736 006b 40       		.uleb128 0x40
 737 006c 18       		.uleb128 0x18
 738 006d 9642     		.uleb128 0x2116
 739 006f 19       		.uleb128 0x19
 740 0070 00       		.byte	0
 741 0071 00       		.byte	0
 742 0072 0A       		.uleb128 0xa
 743 0073 2E       		.uleb128 0x2e
 744 0074 01       		.byte	0x1
 745 0075 3F       		.uleb128 0x3f
 746 0076 19       		.uleb128 0x19
 747 0077 03       		.uleb128 0x3
 748 0078 0E       		.uleb128 0xe
 749 0079 3A       		.uleb128 0x3a
 750 007a 0B       		.uleb128 0xb
 751 007b 3B       		.uleb128 0x3b
 752 007c 05       		.uleb128 0x5
 753 007d 27       		.uleb128 0x27
 754 007e 19       		.uleb128 0x19
 755 007f 11       		.uleb128 0x11
 756 0080 01       		.uleb128 0x1
 757 0081 12       		.uleb128 0x12
 758 0082 06       		.uleb128 0x6
 759 0083 40       		.uleb128 0x40
 760 0084 18       		.uleb128 0x18
 761 0085 9742     		.uleb128 0x2117
 762 0087 19       		.uleb128 0x19
 763 0088 01       		.uleb128 0x1
 764 0089 13       		.uleb128 0x13
 765 008a 00       		.byte	0
 766 008b 00       		.byte	0
 767 008c 0B       		.uleb128 0xb
 768 008d 05       		.uleb128 0x5
 769 008e 00       		.byte	0
 770 008f 03       		.uleb128 0x3
 771 0090 0E       		.uleb128 0xe
 772 0091 3A       		.uleb128 0x3a
 773 0092 0B       		.uleb128 0xb
 774 0093 3B       		.uleb128 0x3b
 775 0094 05       		.uleb128 0x5
 776 0095 49       		.uleb128 0x49
 777 0096 13       		.uleb128 0x13
 778 0097 02       		.uleb128 0x2
ARM GAS  C:\Users\11401393\AppData\Local\Temp\ccUR7F7x.s 			page 23


 779 0098 18       		.uleb128 0x18
 780 0099 00       		.byte	0
 781 009a 00       		.byte	0
 782 009b 0C       		.uleb128 0xc
 783 009c 34       		.uleb128 0x34
 784 009d 00       		.byte	0
 785 009e 03       		.uleb128 0x3
 786 009f 0E       		.uleb128 0xe
 787 00a0 3A       		.uleb128 0x3a
 788 00a1 0B       		.uleb128 0xb
 789 00a2 3B       		.uleb128 0x3b
 790 00a3 05       		.uleb128 0x5
 791 00a4 49       		.uleb128 0x49
 792 00a5 13       		.uleb128 0x13
 793 00a6 02       		.uleb128 0x2
 794 00a7 18       		.uleb128 0x18
 795 00a8 00       		.byte	0
 796 00a9 00       		.byte	0
 797 00aa 0D       		.uleb128 0xd
 798 00ab 2E       		.uleb128 0x2e
 799 00ac 00       		.byte	0
 800 00ad 03       		.uleb128 0x3
 801 00ae 0E       		.uleb128 0xe
 802 00af 3A       		.uleb128 0x3a
 803 00b0 0B       		.uleb128 0xb
 804 00b1 3B       		.uleb128 0x3b
 805 00b2 05       		.uleb128 0x5
 806 00b3 27       		.uleb128 0x27
 807 00b4 19       		.uleb128 0x19
 808 00b5 11       		.uleb128 0x11
 809 00b6 01       		.uleb128 0x1
 810 00b7 12       		.uleb128 0x12
 811 00b8 06       		.uleb128 0x6
 812 00b9 40       		.uleb128 0x40
 813 00ba 18       		.uleb128 0x18
 814 00bb 9642     		.uleb128 0x2116
 815 00bd 19       		.uleb128 0x19
 816 00be 00       		.byte	0
 817 00bf 00       		.byte	0
 818 00c0 0E       		.uleb128 0xe
 819 00c1 2E       		.uleb128 0x2e
 820 00c2 00       		.byte	0
 821 00c3 03       		.uleb128 0x3
 822 00c4 0E       		.uleb128 0xe
 823 00c5 3A       		.uleb128 0x3a
 824 00c6 0B       		.uleb128 0xb
 825 00c7 3B       		.uleb128 0x3b
 826 00c8 05       		.uleb128 0x5
 827 00c9 27       		.uleb128 0x27
 828 00ca 19       		.uleb128 0x19
 829 00cb 11       		.uleb128 0x11
 830 00cc 01       		.uleb128 0x1
 831 00cd 12       		.uleb128 0x12
 832 00ce 06       		.uleb128 0x6
 833 00cf 40       		.uleb128 0x40
 834 00d0 18       		.uleb128 0x18
 835 00d1 9742     		.uleb128 0x2117
ARM GAS  C:\Users\11401393\AppData\Local\Temp\ccUR7F7x.s 			page 24


 836 00d3 19       		.uleb128 0x19
 837 00d4 00       		.byte	0
 838 00d5 00       		.byte	0
 839 00d6 0F       		.uleb128 0xf
 840 00d7 34       		.uleb128 0x34
 841 00d8 00       		.byte	0
 842 00d9 03       		.uleb128 0x3
 843 00da 0E       		.uleb128 0xe
 844 00db 3A       		.uleb128 0x3a
 845 00dc 0B       		.uleb128 0xb
 846 00dd 3B       		.uleb128 0x3b
 847 00de 0B       		.uleb128 0xb
 848 00df 49       		.uleb128 0x49
 849 00e0 13       		.uleb128 0x13
 850 00e1 3F       		.uleb128 0x3f
 851 00e2 19       		.uleb128 0x19
 852 00e3 02       		.uleb128 0x2
 853 00e4 18       		.uleb128 0x18
 854 00e5 00       		.byte	0
 855 00e6 00       		.byte	0
 856 00e7 00       		.byte	0
 857              		.section	.debug_aranges,"",%progbits
 858 0000 64000000 		.4byte	0x64
 859 0004 0200     		.2byte	0x2
 860 0006 00000000 		.4byte	.Ldebug_info0
 861 000a 04       		.byte	0x4
 862 000b 00       		.byte	0
 863 000c 0000     		.2byte	0
 864 000e 0000     		.2byte	0
 865 0010 00000000 		.4byte	.LFB1
 866 0014 0C000000 		.4byte	.LFE1-.LFB1
 867 0018 00000000 		.4byte	.LFB2
 868 001c 24000000 		.4byte	.LFE2-.LFB2
 869 0020 00000000 		.4byte	.LFB3
 870 0024 24000000 		.4byte	.LFE3-.LFB3
 871 0028 00000000 		.4byte	.LFB4
 872 002c 34000000 		.4byte	.LFE4-.LFB4
 873 0030 00000000 		.4byte	.LFB5
 874 0034 34000000 		.4byte	.LFE5-.LFB5
 875 0038 00000000 		.4byte	.LFB6
 876 003c 34000000 		.4byte	.LFE6-.LFB6
 877 0040 00000000 		.4byte	.LFB7
 878 0044 18000000 		.4byte	.LFE7-.LFB7
 879 0048 00000000 		.4byte	.LFB8
 880 004c 0E000000 		.4byte	.LFE8-.LFB8
 881 0050 00000000 		.4byte	.LFB9
 882 0054 08000000 		.4byte	.LFE9-.LFB9
 883 0058 00000000 		.4byte	.LFB10
 884 005c 0C000000 		.4byte	.LFE10-.LFB10
 885 0060 00000000 		.4byte	0
 886 0064 00000000 		.4byte	0
 887              		.section	.debug_ranges,"",%progbits
 888              	.Ldebug_ranges0:
 889 0000 00000000 		.4byte	.LFB1
 890 0004 0C000000 		.4byte	.LFE1
 891 0008 00000000 		.4byte	.LFB2
 892 000c 24000000 		.4byte	.LFE2
ARM GAS  C:\Users\11401393\AppData\Local\Temp\ccUR7F7x.s 			page 25


 893 0010 00000000 		.4byte	.LFB3
 894 0014 24000000 		.4byte	.LFE3
 895 0018 00000000 		.4byte	.LFB4
 896 001c 34000000 		.4byte	.LFE4
 897 0020 00000000 		.4byte	.LFB5
 898 0024 34000000 		.4byte	.LFE5
 899 0028 00000000 		.4byte	.LFB6
 900 002c 34000000 		.4byte	.LFE6
 901 0030 00000000 		.4byte	.LFB7
 902 0034 18000000 		.4byte	.LFE7
 903 0038 00000000 		.4byte	.LFB8
 904 003c 0E000000 		.4byte	.LFE8
 905 0040 00000000 		.4byte	.LFB9
 906 0044 08000000 		.4byte	.LFE9
 907 0048 00000000 		.4byte	.LFB10
 908 004c 0C000000 		.4byte	.LFE10
 909 0050 00000000 		.4byte	0
 910 0054 00000000 		.4byte	0
 911              		.section	.debug_line,"",%progbits
 912              	.Ldebug_line0:
 913 0000 32010000 		.section	.debug_str,"MS",%progbits,1
 913      02005A00 
 913      00000201 
 913      FB0E0D00 
 913      01010101 
 914              	.LASF18:
 915 0000 49324353 		.ascii	"I2CS_Start\000"
 915      5F537461 
 915      727400
 916              	.LASF14:
 917 000b 72656733 		.ascii	"reg32\000"
 917      3200
 918              	.LASF20:
 919 0011 49324353 		.ascii	"I2CS_SetRxFifoLevel\000"
 919      5F536574 
 919      52784669 
 919      666F4C65 
 919      76656C00 
 920              	.LASF24:
 921 0025 74784669 		.ascii	"txFifoCtrl\000"
 921      666F4374 
 921      726C00
 922              	.LASF22:
 923 0030 6C657665 		.ascii	"level\000"
 923      6C00
 924              	.LASF3:
 925 0036 73686F72 		.ascii	"short unsigned int\000"
 925      7420756E 
 925      7369676E 
 925      65642069 
 925      6E7400
 926              	.LASF30:
 927 0049 49324353 		.ascii	"I2CS_initVar\000"
 927      5F696E69 
 927      74566172 
 927      00
 928              	.LASF19:
ARM GAS  C:\Users\11401393\AppData\Local\Temp\ccUR7F7x.s 			page 26


 929 0056 49324353 		.ascii	"I2CS_Stop\000"
 929      5F53746F 
 929      7000
 930              	.LASF11:
 931 0060 666C6F61 		.ascii	"float\000"
 931      7400
 932              	.LASF32:
 933 0066 474E5520 		.ascii	"GNU C 4.8.4 20140526 (release) [ARM/embedded-4_8-br"
 933      4320342E 
 933      382E3420 
 933      32303134 
 933      30353236 
 934 0099 616E6368 		.ascii	"anch revision 211358] -mcpu=cortex-m0 -mthumb -g -O"
 934      20726576 
 934      6973696F 
 934      6E203231 
 934      31333538 
 935 00cc 30202D66 		.ascii	"0 -ffunction-sections\000"
 935      66756E63 
 935      74696F6E 
 935      2D736563 
 935      74696F6E 
 936              	.LASF1:
 937 00e2 756E7369 		.ascii	"unsigned char\000"
 937      676E6564 
 937      20636861 
 937      7200
 938              	.LASF25:
 939 00f0 49324353 		.ascii	"I2CS_SetCustomInterruptHandler\000"
 939      5F536574 
 939      43757374 
 939      6F6D496E 
 939      74657272 
 940              	.LASF5:
 941 010f 6C6F6E67 		.ascii	"long unsigned int\000"
 941      20756E73 
 941      69676E65 
 941      6420696E 
 941      7400
 942              	.LASF9:
 943 0121 75696E74 		.ascii	"uint8\000"
 943      3800
 944              	.LASF12:
 945 0127 646F7562 		.ascii	"double\000"
 945      6C6500
 946              	.LASF33:
 947 012e 2E5C4765 		.ascii	".\\Generated_Source\\PSoC4\\I2CS.c\000"
 947      6E657261 
 947      7465645F 
 947      536F7572 
 947      63655C50 
 948              	.LASF26:
 949 014e 66756E63 		.ascii	"func\000"
 949      00
 950              	.LASF21:
 951 0153 49324353 		.ascii	"I2CS_SetTxFifoLevel\000"
 951      5F536574 
ARM GAS  C:\Users\11401393\AppData\Local\Temp\ccUR7F7x.s 			page 27


 951      54784669 
 951      666F4C65 
 951      76656C00 
 952              	.LASF17:
 953 0167 49324353 		.ascii	"I2CS_Enable\000"
 953      5F456E61 
 953      626C6500 
 954              	.LASF34:
 955 0173 433A5C55 		.ascii	"C:\\Users\\11401393\\Documents\\PSoC Creator\\CE976"
 955      73657273 
 955      5C313134 
 955      30313339 
 955      335C446F 
 956 01a1 33342050 		.ascii	"34 PSoC 4 Breathing LED\\SCB_I2cCommSlave02.cydsn\000"
 956      536F4320 
 956      34204272 
 956      65617468 
 956      696E6720 
 957              	.LASF10:
 958 01d2 75696E74 		.ascii	"uint32\000"
 958      333200
 959              	.LASF8:
 960 01d9 756E7369 		.ascii	"unsigned int\000"
 960      676E6564 
 960      20696E74 
 960      00
 961              	.LASF7:
 962 01e6 6C6F6E67 		.ascii	"long long unsigned int\000"
 962      206C6F6E 
 962      6720756E 
 962      7369676E 
 962      65642069 
 963              	.LASF27:
 964 01fd 49324353 		.ascii	"I2CS_ScbEnableIntr\000"
 964      5F536362 
 964      456E6162 
 964      6C65496E 
 964      747200
 965              	.LASF15:
 966 0210 73697A65 		.ascii	"sizetype\000"
 966      74797065 
 966      00
 967              	.LASF6:
 968 0219 6C6F6E67 		.ascii	"long long int\000"
 968      206C6F6E 
 968      6720696E 
 968      7400
 969              	.LASF13:
 970 0227 63686172 		.ascii	"char\000"
 970      00
 971              	.LASF2:
 972 022c 73686F72 		.ascii	"short int\000"
 972      7420696E 
 972      7400
 973              	.LASF31:
 974 0236 49324353 		.ascii	"I2CS_customIntrHandler\000"
 974      5F637573 
ARM GAS  C:\Users\11401393\AppData\Local\Temp\ccUR7F7x.s 			page 28


 974      746F6D49 
 974      6E747248 
 974      616E646C 
 975              	.LASF23:
 976 024d 72784669 		.ascii	"rxFifoCtrl\000"
 976      666F4374 
 976      726C00
 977              	.LASF4:
 978 0258 6C6F6E67 		.ascii	"long int\000"
 978      20696E74 
 978      00
 979              	.LASF16:
 980 0261 49324353 		.ascii	"I2CS_Init\000"
 980      5F496E69 
 980      7400
 981              	.LASF0:
 982 026b 7369676E 		.ascii	"signed char\000"
 982      65642063 
 982      68617200 
 983              	.LASF29:
 984 0277 49324353 		.ascii	"I2CS_ScbModeStop\000"
 984      5F536362 
 984      4D6F6465 
 984      53746F70 
 984      00
 985              	.LASF28:
 986 0288 49324353 		.ascii	"I2CS_ScbModePostEnable\000"
 986      5F536362 
 986      4D6F6465 
 986      506F7374 
 986      456E6162 
 987              		.ident	"GCC: (GNU Tools for ARM Embedded Processors) 4.8.4 20140526 (release) [ARM/embedded-4_8-br
