Archive member included because of file (symbol)

.\CortexM0\ARM_GCC_484\Debug\SCB_I2cCommSlave02.a(cyfitter_cfg.o)
                              .\CortexM0\ARM_GCC_484\Debug\Cm0Start.o (cyfitter_cfg)
.\CortexM0\ARM_GCC_484\Debug\SCB_I2cCommSlave02.a(LED_RED.o)
                              .\CortexM0\ARM_GCC_484\Debug\main.o (LED_RED_Write)
.\CortexM0\ARM_GCC_484\Debug\SCB_I2cCommSlave02.a(LED_GREEN.o)
                              .\CortexM0\ARM_GCC_484\Debug\main.o (LED_GREEN_Write)
.\CortexM0\ARM_GCC_484\Debug\SCB_I2cCommSlave02.a(LED_BLUE.o)
                              .\CortexM0\ARM_GCC_484\Debug\main.o (LED_BLUE_Write)
.\CortexM0\ARM_GCC_484\Debug\SCB_I2cCommSlave02.a(I2CS.o)
                              .\CortexM0\ARM_GCC_484\Debug\main.o (I2CS_Start)
.\CortexM0\ARM_GCC_484\Debug\SCB_I2cCommSlave02.a(I2CS_I2C.o)
                              .\CortexM0\ARM_GCC_484\Debug\SCB_I2cCommSlave02.a(I2CS.o) (I2CS_I2CInit)
.\CortexM0\ARM_GCC_484\Debug\SCB_I2cCommSlave02.a(I2CS_I2C_SLAVE.o)
                              .\CortexM0\ARM_GCC_484\Debug\SCB_I2cCommSlave02.a(I2CS_I2C.o) (I2CS_slStatus)
.\CortexM0\ARM_GCC_484\Debug\SCB_I2cCommSlave02.a(CyLib.o)
                              .\CortexM0\ARM_GCC_484\Debug\SCB_I2cCommSlave02.a(cyfitter_cfg.o) (CySysClkWriteImoFreq)
.\CortexM0\ARM_GCC_484\Debug\SCB_I2cCommSlave02.a(CyLFClk.o)
                              .\CortexM0\ARM_GCC_484\Debug\SCB_I2cCommSlave02.a(CyLib.o) (CySysClkWcoEnabled)
.\CortexM0\ARM_GCC_484\Debug\SCB_I2cCommSlave02.a(I2CS_I2C_INT.o)
                              .\CortexM0\ARM_GCC_484\Debug\SCB_I2cCommSlave02.a(I2CS_I2C.o) (I2CS_I2C_ISR)
.\CortexM0\ARM_GCC_484\Debug\SCB_I2cCommSlave02.a(CyBootAsmGnu.o)
                              .\CortexM0\ARM_GCC_484\Debug\SCB_I2cCommSlave02.a(CyLib.o) (CyDelayCycles)
.\CortexM0\ARM_GCC_484\Debug\SCB_I2cCommSlave02.a(CyFlash.o)
                              .\CortexM0\ARM_GCC_484\Debug\SCB_I2cCommSlave02.a(CyLib.o) (CySysFlashSetWaitCycles)
c:/program files (x86)/cypress/psoc creator/3.2/psoc creator/import/gnu/arm/4.8.4/bin/../lib/gcc/arm-none-eabi/4.8.4/armv6-m\libgcc.a(_udivsi3.o)
                              .\CortexM0\ARM_GCC_484\Debug\SCB_I2cCommSlave02.a(CyLib.o) (__aeabi_uidiv)
c:/program files (x86)/cypress/psoc creator/3.2/psoc creator/import/gnu/arm/4.8.4/bin/../lib/gcc/arm-none-eabi/4.8.4/armv6-m\libgcc.a(_dvmd_tls.o)
                              c:/program files (x86)/cypress/psoc creator/3.2/psoc creator/import/gnu/arm/4.8.4/bin/../lib/gcc/arm-none-eabi/4.8.4/armv6-m\libgcc.a(_udivsi3.o) (__aeabi_idiv0)
c:/program files (x86)/cypress/psoc creator/3.2/psoc creator/import/gnu/arm/4.8.4/bin/../lib/gcc/arm-none-eabi/4.8.4/../../../../arm-none-eabi/lib/armv6-m\libg_s.a(lib_a-errno.o)
                              .\CortexM0\ARM_GCC_484\Debug\Cm0Start.o (__errno)
c:/program files (x86)/cypress/psoc creator/3.2/psoc creator/import/gnu/arm/4.8.4/bin/../lib/gcc/arm-none-eabi/4.8.4/../../../../arm-none-eabi/lib/armv6-m\libg_s.a(lib_a-exit.o)
                              c:/program files (x86)/cypress/psoc creator/3.2/psoc creator/import/gnu/arm/4.8.4/bin/../lib/gcc/arm-none-eabi/4.8.4/../../../../arm-none-eabi/lib/armv6-m/crt0.o (exit)
c:/program files (x86)/cypress/psoc creator/3.2/psoc creator/import/gnu/arm/4.8.4/bin/../lib/gcc/arm-none-eabi/4.8.4/../../../../arm-none-eabi/lib/armv6-m\libg_s.a(lib_a-impure.o)
                              c:/program files (x86)/cypress/psoc creator/3.2/psoc creator/import/gnu/arm/4.8.4/bin/../lib/gcc/arm-none-eabi/4.8.4/../../../../arm-none-eabi/lib/armv6-m\libg_s.a(lib_a-exit.o) (_global_impure_ptr)
c:/program files (x86)/cypress/psoc creator/3.2/psoc creator/import/gnu/arm/4.8.4/bin/../lib/gcc/arm-none-eabi/4.8.4/../../../../arm-none-eabi/lib/armv6-m\libg_s.a(lib_a-init.o)
                              c:/program files (x86)/cypress/psoc creator/3.2/psoc creator/import/gnu/arm/4.8.4/bin/../lib/gcc/arm-none-eabi/4.8.4/../../../../arm-none-eabi/lib/armv6-m/crt0.o (__libc_init_array)
c:/program files (x86)/cypress/psoc creator/3.2/psoc creator/import/gnu/arm/4.8.4/bin/../lib/gcc/arm-none-eabi/4.8.4/../../../../arm-none-eabi/lib/armv6-m\libg_s.a(lib_a-memcpy-stub.o)
                              .\CortexM0\ARM_GCC_484\Debug\SCB_I2cCommSlave02.a(cyfitter_cfg.o) (memcpy)
c:/program files (x86)/cypress/psoc creator/3.2/psoc creator/import/gnu/arm/4.8.4/bin/../lib/gcc/arm-none-eabi/4.8.4/../../../../arm-none-eabi/lib/armv6-m\libg_s.a(lib_a-memset.o)
                              c:/program files (x86)/cypress/psoc creator/3.2/psoc creator/import/gnu/arm/4.8.4/bin/../lib/gcc/arm-none-eabi/4.8.4/../../../../arm-none-eabi/lib/armv6-m/crt0.o (memset)

Allocating common symbols
Common symbol       size              file

I2CS_state          0x1               .\CortexM0\ARM_GCC_484\Debug\SCB_I2cCommSlave02.a(I2CS_I2C.o)
I2CS_slRdBufIndex   0x4               .\CortexM0\ARM_GCC_484\Debug\SCB_I2cCommSlave02.a(I2CS_I2C_SLAVE.o)
i2cWriteBuffer      0x3               .\CortexM0\ARM_GCC_484\Debug\main.o
I2CS_slWrBufIndex   0x4               .\CortexM0\ARM_GCC_484\Debug\SCB_I2cCommSlave02.a(I2CS_I2C_SLAVE.o)
I2CS_slWrBufSize    0x4               .\CortexM0\ARM_GCC_484\Debug\SCB_I2cCommSlave02.a(I2CS_I2C_SLAVE.o)
I2CS_slRdBufSize    0x4               .\CortexM0\ARM_GCC_484\Debug\SCB_I2cCommSlave02.a(I2CS_I2C_SLAVE.o)
I2CS_slRdBufPtr     0x4               .\CortexM0\ARM_GCC_484\Debug\SCB_I2cCommSlave02.a(I2CS_I2C_SLAVE.o)
I2CS_slStatus       0x1               .\CortexM0\ARM_GCC_484\Debug\SCB_I2cCommSlave02.a(I2CS_I2C_SLAVE.o)
I2CS_slRdBufIndexTmp
                    0x4               .\CortexM0\ARM_GCC_484\Debug\SCB_I2cCommSlave02.a(I2CS_I2C_SLAVE.o)
I2CS_slWrBufPtr     0x4               .\CortexM0\ARM_GCC_484\Debug\SCB_I2cCommSlave02.a(I2CS_I2C_SLAVE.o)
I2CS_slOverFlowCount
                    0x1               .\CortexM0\ARM_GCC_484\Debug\SCB_I2cCommSlave02.a(I2CS_I2C_SLAVE.o)

Discarded input sections

 .text          0x00000000        0x0 c:/program files (x86)/cypress/psoc creator/3.2/psoc creator/import/gnu/arm/4.8.4/bin/../lib/gcc/arm-none-eabi/4.8.4/armv6-m/crti.o
 .data          0x00000000        0x0 c:/program files (x86)/cypress/psoc creator/3.2/psoc creator/import/gnu/arm/4.8.4/bin/../lib/gcc/arm-none-eabi/4.8.4/armv6-m/crti.o
 .bss           0x00000000        0x0 c:/program files (x86)/cypress/psoc creator/3.2/psoc creator/import/gnu/arm/4.8.4/bin/../lib/gcc/arm-none-eabi/4.8.4/armv6-m/crti.o
 .data          0x00000000        0x4 c:/program files (x86)/cypress/psoc creator/3.2/psoc creator/import/gnu/arm/4.8.4/bin/../lib/gcc/arm-none-eabi/4.8.4/armv6-m/crtbegin.o
 .text          0x00000000       0x78 c:/program files (x86)/cypress/psoc creator/3.2/psoc creator/import/gnu/arm/4.8.4/bin/../lib/gcc/arm-none-eabi/4.8.4/../../../../arm-none-eabi/lib/armv6-m/crt0.o
 .data          0x00000000        0x0 c:/program files (x86)/cypress/psoc creator/3.2/psoc creator/import/gnu/arm/4.8.4/bin/../lib/gcc/arm-none-eabi/4.8.4/../../../../arm-none-eabi/lib/armv6-m/crt0.o
 .bss           0x00000000        0x0 c:/program files (x86)/cypress/psoc creator/3.2/psoc creator/import/gnu/arm/4.8.4/bin/../lib/gcc/arm-none-eabi/4.8.4/../../../../arm-none-eabi/lib/armv6-m/crt0.o
 .ARM.extab     0x00000000        0x0 c:/program files (x86)/cypress/psoc creator/3.2/psoc creator/import/gnu/arm/4.8.4/bin/../lib/gcc/arm-none-eabi/4.8.4/../../../../arm-none-eabi/lib/armv6-m/crt0.o
 .ARM.exidx     0x00000000        0x8 c:/program files (x86)/cypress/psoc creator/3.2/psoc creator/import/gnu/arm/4.8.4/bin/../lib/gcc/arm-none-eabi/4.8.4/../../../../arm-none-eabi/lib/armv6-m/crt0.o
 .text          0x00000000        0x0 .\CortexM0\ARM_GCC_484\Debug\main.o
 .bss           0x00000000        0x0 .\CortexM0\ARM_GCC_484\Debug\main.o
 .text          0x00000000        0x0 .\CortexM0\ARM_GCC_484\Debug\cymetadata.o
 .data          0x00000000        0x0 .\CortexM0\ARM_GCC_484\Debug\cymetadata.o
 .bss           0x00000000        0x0 .\CortexM0\ARM_GCC_484\Debug\cymetadata.o
 .text          0x00000000        0x0 .\CortexM0\ARM_GCC_484\Debug\Cm0Start.o
 .data          0x00000000        0x4 .\CortexM0\ARM_GCC_484\Debug\Cm0Start.o
 .bss           0x00000000        0x0 .\CortexM0\ARM_GCC_484\Debug\Cm0Start.o
 .text._exit    0x00000000       0x14 .\CortexM0\ARM_GCC_484\Debug\Cm0Start.o
 .text._sbrk    0x00000000       0x54 .\CortexM0\ARM_GCC_484\Debug\Cm0Start.o
 .text          0x00000000        0x0 .\CortexM0\ARM_GCC_484\Debug\SCB_I2cCommSlave02.a(cyfitter_cfg.o)
 .data          0x00000000        0x0 .\CortexM0\ARM_GCC_484\Debug\SCB_I2cCommSlave02.a(cyfitter_cfg.o)
 .bss           0x00000000        0x0 .\CortexM0\ARM_GCC_484\Debug\SCB_I2cCommSlave02.a(cyfitter_cfg.o)
 .text.CYCONFIGCPY
                0x00000000       0x24 .\CortexM0\ARM_GCC_484\Debug\SCB_I2cCommSlave02.a(cyfitter_cfg.o)
 .text.CYCONFIGCPYCODE
                0x00000000       0x24 .\CortexM0\ARM_GCC_484\Debug\SCB_I2cCommSlave02.a(cyfitter_cfg.o)
 .text          0x00000000        0x0 .\CortexM0\ARM_GCC_484\Debug\SCB_I2cCommSlave02.a(LED_RED.o)
 .data          0x00000000        0x0 .\CortexM0\ARM_GCC_484\Debug\SCB_I2cCommSlave02.a(LED_RED.o)
 .bss           0x00000000        0x0 .\CortexM0\ARM_GCC_484\Debug\SCB_I2cCommSlave02.a(LED_RED.o)
 .text.LED_RED_SetDriveMode
                0x00000000       0x30 .\CortexM0\ARM_GCC_484\Debug\SCB_I2cCommSlave02.a(LED_RED.o)
 .text.LED_RED_Read
                0x00000000       0x1c .\CortexM0\ARM_GCC_484\Debug\SCB_I2cCommSlave02.a(LED_RED.o)
 .text.LED_RED_ReadDataReg
                0x00000000       0x1c .\CortexM0\ARM_GCC_484\Debug\SCB_I2cCommSlave02.a(LED_RED.o)
 .text.LED_RED_ClearInterrupt
                0x00000000       0x30 .\CortexM0\ARM_GCC_484\Debug\SCB_I2cCommSlave02.a(LED_RED.o)
 .text          0x00000000        0x0 .\CortexM0\ARM_GCC_484\Debug\SCB_I2cCommSlave02.a(LED_GREEN.o)
 .data          0x00000000        0x0 .\CortexM0\ARM_GCC_484\Debug\SCB_I2cCommSlave02.a(LED_GREEN.o)
 .bss           0x00000000        0x0 .\CortexM0\ARM_GCC_484\Debug\SCB_I2cCommSlave02.a(LED_GREEN.o)
 .text.LED_GREEN_SetDriveMode
                0x00000000       0x30 .\CortexM0\ARM_GCC_484\Debug\SCB_I2cCommSlave02.a(LED_GREEN.o)
 .text.LED_GREEN_Read
                0x00000000       0x1c .\CortexM0\ARM_GCC_484\Debug\SCB_I2cCommSlave02.a(LED_GREEN.o)
 .text.LED_GREEN_ReadDataReg
                0x00000000       0x1c .\CortexM0\ARM_GCC_484\Debug\SCB_I2cCommSlave02.a(LED_GREEN.o)
 .text.LED_GREEN_ClearInterrupt
                0x00000000       0x30 .\CortexM0\ARM_GCC_484\Debug\SCB_I2cCommSlave02.a(LED_GREEN.o)
 .text          0x00000000        0x0 .\CortexM0\ARM_GCC_484\Debug\SCB_I2cCommSlave02.a(LED_BLUE.o)
 .data          0x00000000        0x0 .\CortexM0\ARM_GCC_484\Debug\SCB_I2cCommSlave02.a(LED_BLUE.o)
 .bss           0x00000000        0x0 .\CortexM0\ARM_GCC_484\Debug\SCB_I2cCommSlave02.a(LED_BLUE.o)
 .text.LED_BLUE_SetDriveMode
                0x00000000       0x30 .\CortexM0\ARM_GCC_484\Debug\SCB_I2cCommSlave02.a(LED_BLUE.o)
 .text.LED_BLUE_Read
                0x00000000       0x1c .\CortexM0\ARM_GCC_484\Debug\SCB_I2cCommSlave02.a(LED_BLUE.o)
 .text.LED_BLUE_ReadDataReg
                0x00000000       0x1c .\CortexM0\ARM_GCC_484\Debug\SCB_I2cCommSlave02.a(LED_BLUE.o)
 .text.LED_BLUE_ClearInterrupt
                0x00000000       0x30 .\CortexM0\ARM_GCC_484\Debug\SCB_I2cCommSlave02.a(LED_BLUE.o)
 .text          0x00000000        0x0 .\CortexM0\ARM_GCC_484\Debug\SCB_I2cCommSlave02.a(I2CS.o)
 .data          0x00000000        0x0 .\CortexM0\ARM_GCC_484\Debug\SCB_I2cCommSlave02.a(I2CS.o)
 .text.I2CS_Stop
                0x00000000       0x34 .\CortexM0\ARM_GCC_484\Debug\SCB_I2cCommSlave02.a(I2CS.o)
 .text.I2CS_SetRxFifoLevel
                0x00000000       0x34 .\CortexM0\ARM_GCC_484\Debug\SCB_I2cCommSlave02.a(I2CS.o)
 .text.I2CS_SetTxFifoLevel
                0x00000000       0x34 .\CortexM0\ARM_GCC_484\Debug\SCB_I2cCommSlave02.a(I2CS.o)
 .text.I2CS_SetCustomInterruptHandler
                0x00000000       0x18 .\CortexM0\ARM_GCC_484\Debug\SCB_I2cCommSlave02.a(I2CS.o)
 .text.I2CS_ScbModeStop
                0x00000000        0xc .\CortexM0\ARM_GCC_484\Debug\SCB_I2cCommSlave02.a(I2CS.o)
 .text          0x00000000        0x0 .\CortexM0\ARM_GCC_484\Debug\SCB_I2cCommSlave02.a(I2CS_I2C.o)
 .data          0x00000000        0x0 .\CortexM0\ARM_GCC_484\Debug\SCB_I2cCommSlave02.a(I2CS_I2C.o)
 .bss           0x00000000        0x0 .\CortexM0\ARM_GCC_484\Debug\SCB_I2cCommSlave02.a(I2CS_I2C.o)
 .text.I2CS_I2CStop
                0x00000000       0x14 .\CortexM0\ARM_GCC_484\Debug\SCB_I2cCommSlave02.a(I2CS_I2C.o)
 .text          0x00000000        0x0 .\CortexM0\ARM_GCC_484\Debug\SCB_I2cCommSlave02.a(I2CS_I2C_SLAVE.o)
 .data          0x00000000        0x0 .\CortexM0\ARM_GCC_484\Debug\SCB_I2cCommSlave02.a(I2CS_I2C_SLAVE.o)
 .bss           0x00000000        0x0 .\CortexM0\ARM_GCC_484\Debug\SCB_I2cCommSlave02.a(I2CS_I2C_SLAVE.o)
 .text.I2CS_I2CSlaveSetAddress
                0x00000000       0x34 .\CortexM0\ARM_GCC_484\Debug\SCB_I2cCommSlave02.a(I2CS_I2C_SLAVE.o)
 .text.I2CS_I2CSlaveSetAddressMask
                0x00000000       0x34 .\CortexM0\ARM_GCC_484\Debug\SCB_I2cCommSlave02.a(I2CS_I2C_SLAVE.o)
 .text.I2CS_I2CSlaveGetReadBufSize
                0x00000000       0x14 .\CortexM0\ARM_GCC_484\Debug\SCB_I2cCommSlave02.a(I2CS_I2C_SLAVE.o)
 .text          0x00000000        0x0 .\CortexM0\ARM_GCC_484\Debug\SCB_I2cCommSlave02.a(CyLib.o)
 .bss           0x00000000       0x18 .\CortexM0\ARM_GCC_484\Debug\SCB_I2cCommSlave02.a(CyLib.o)
 .text.CySysClkImoStart
                0x00000000       0x1c .\CortexM0\ARM_GCC_484\Debug\SCB_I2cCommSlave02.a(CyLib.o)
 .text.CySysClkImoStop
                0x00000000       0x1c .\CortexM0\ARM_GCC_484\Debug\SCB_I2cCommSlave02.a(CyLib.o)
 .text.CySysClkWriteHfclkDirect
                0x00000000       0x44 .\CortexM0\ARM_GCC_484\Debug\SCB_I2cCommSlave02.a(CyLib.o)
 .text.CySysClkWriteSysclkDiv
                0x00000000       0x44 .\CortexM0\ARM_GCC_484\Debug\SCB_I2cCommSlave02.a(CyLib.o)
 .text.CySysLvdEnable
                0x00000000       0x64 .\CortexM0\ARM_GCC_484\Debug\SCB_I2cCommSlave02.a(CyLib.o)
 .text.CySysLvdDisable
                0x00000000       0x28 .\CortexM0\ARM_GCC_484\Debug\SCB_I2cCommSlave02.a(CyLib.o)
 .text.CySysLvdGetInterruptSource
                0x00000000       0x18 .\CortexM0\ARM_GCC_484\Debug\SCB_I2cCommSlave02.a(CyLib.o)
 .text.CySysLvdClearInterrupt
                0x00000000       0x14 .\CortexM0\ARM_GCC_484\Debug\SCB_I2cCommSlave02.a(CyLib.o)
 .text.CySysGetResetReason
                0x00000000       0x30 .\CortexM0\ARM_GCC_484\Debug\SCB_I2cCommSlave02.a(CyLib.o)
 .text.CyDisableInts
                0x00000000       0x24 .\CortexM0\ARM_GCC_484\Debug\SCB_I2cCommSlave02.a(CyLib.o)
 .text.CyEnableInts
                0x00000000       0x18 .\CortexM0\ARM_GCC_484\Debug\SCB_I2cCommSlave02.a(CyLib.o)
 .text.CyIntSetSysVector
                0x00000000       0x48 .\CortexM0\ARM_GCC_484\Debug\SCB_I2cCommSlave02.a(CyLib.o)
 .text.CyIntGetSysVector
                0x00000000       0x34 .\CortexM0\ARM_GCC_484\Debug\SCB_I2cCommSlave02.a(CyLib.o)
 .text.CyIntGetVector
                0x00000000       0x38 .\CortexM0\ARM_GCC_484\Debug\SCB_I2cCommSlave02.a(CyLib.o)
 .text.CyIntGetPriority
                0x00000000       0x58 .\CortexM0\ARM_GCC_484\Debug\SCB_I2cCommSlave02.a(CyLib.o)
 .text.CyIntGetState
                0x00000000       0x34 .\CortexM0\ARM_GCC_484\Debug\SCB_I2cCommSlave02.a(CyLib.o)
 .text.CyIntSetPending
                0x00000000       0x2c .\CortexM0\ARM_GCC_484\Debug\SCB_I2cCommSlave02.a(CyLib.o)
 .text.CyIntClearPending
                0x00000000       0x2c .\CortexM0\ARM_GCC_484\Debug\SCB_I2cCommSlave02.a(CyLib.o)
 .text.CySoftwareReset
                0x00000000       0x20 .\CortexM0\ARM_GCC_484\Debug\SCB_I2cCommSlave02.a(CyLib.o)
 .text.CyDelayUs
                0x00000000       0x28 .\CortexM0\ARM_GCC_484\Debug\SCB_I2cCommSlave02.a(CyLib.o)
 .text.CyDelayFreq
                0x00000000       0x80 .\CortexM0\ARM_GCC_484\Debug\SCB_I2cCommSlave02.a(CyLib.o)
 .text.CySysTickStart
                0x00000000       0x24 .\CortexM0\ARM_GCC_484\Debug\SCB_I2cCommSlave02.a(CyLib.o)
 .text.CySysTickInit
                0x00000000       0x64 .\CortexM0\ARM_GCC_484\Debug\SCB_I2cCommSlave02.a(CyLib.o)
 .text.CySysTickEnable
                0x00000000       0x1c .\CortexM0\ARM_GCC_484\Debug\SCB_I2cCommSlave02.a(CyLib.o)
 .text.CySysTickStop
                0x00000000       0x18 .\CortexM0\ARM_GCC_484\Debug\SCB_I2cCommSlave02.a(CyLib.o)
 .text.CySysTickEnableInterrupt
                0x00000000       0x18 .\CortexM0\ARM_GCC_484\Debug\SCB_I2cCommSlave02.a(CyLib.o)
 .text.CySysTickDisableInterrupt
                0x00000000       0x18 .\CortexM0\ARM_GCC_484\Debug\SCB_I2cCommSlave02.a(CyLib.o)
 .text.CySysTickSetReload
                0x00000000       0x1c .\CortexM0\ARM_GCC_484\Debug\SCB_I2cCommSlave02.a(CyLib.o)
 .text.CySysTickGetReload
                0x00000000       0x18 .\CortexM0\ARM_GCC_484\Debug\SCB_I2cCommSlave02.a(CyLib.o)
 .text.CySysTickGetValue
                0x00000000       0x18 .\CortexM0\ARM_GCC_484\Debug\SCB_I2cCommSlave02.a(CyLib.o)
 .text.CySysTickSetClockSource
                0x00000000       0x34 .\CortexM0\ARM_GCC_484\Debug\SCB_I2cCommSlave02.a(CyLib.o)
 .text.CySysTickGetCountFlag
                0x00000000       0x18 .\CortexM0\ARM_GCC_484\Debug\SCB_I2cCommSlave02.a(CyLib.o)
 .text.CySysTickClear
                0x00000000       0x14 .\CortexM0\ARM_GCC_484\Debug\SCB_I2cCommSlave02.a(CyLib.o)
 .text.CySysTickSetCallback
                0x00000000       0x2c .\CortexM0\ARM_GCC_484\Debug\SCB_I2cCommSlave02.a(CyLib.o)
 .text.CySysTickGetCallback
                0x00000000       0x1c .\CortexM0\ARM_GCC_484\Debug\SCB_I2cCommSlave02.a(CyLib.o)
 .text.CySysTickServiceCallbacks
                0x00000000       0x44 .\CortexM0\ARM_GCC_484\Debug\SCB_I2cCommSlave02.a(CyLib.o)
 .text.CyGetUniqueId
                0x00000000       0xc0 .\CortexM0\ARM_GCC_484\Debug\SCB_I2cCommSlave02.a(CyLib.o)
 .text          0x00000000        0x0 .\CortexM0\ARM_GCC_484\Debug\SCB_I2cCommSlave02.a(CyLFClk.o)
 .data          0x00000000        0x4 .\CortexM0\ARM_GCC_484\Debug\SCB_I2cCommSlave02.a(CyLFClk.o)
 .bss           0x00000000       0x1c .\CortexM0\ARM_GCC_484\Debug\SCB_I2cCommSlave02.a(CyLFClk.o)
 .text.CySysClkWcoSetHighPowerMode
                0x00000000       0x48 .\CortexM0\ARM_GCC_484\Debug\SCB_I2cCommSlave02.a(CyLFClk.o)
 .rodata        0x00000000        0xc .\CortexM0\ARM_GCC_484\Debug\SCB_I2cCommSlave02.a(CyLFClk.o)
 .text.CySysClkIloStart
                0x00000000       0x1c .\CortexM0\ARM_GCC_484\Debug\SCB_I2cCommSlave02.a(CyLFClk.o)
 .text.CySysClkIloStop
                0x00000000       0x64 .\CortexM0\ARM_GCC_484\Debug\SCB_I2cCommSlave02.a(CyLFClk.o)
 .text.CySysClkIloEnabled
                0x00000000       0x1c .\CortexM0\ARM_GCC_484\Debug\SCB_I2cCommSlave02.a(CyLFClk.o)
 .text.CySysClkGetLfclkSource
                0x00000000       0x20 .\CortexM0\ARM_GCC_484\Debug\SCB_I2cCommSlave02.a(CyLFClk.o)
 .text.CySysClkSetLfclkSource
                0x00000000       0x54 .\CortexM0\ARM_GCC_484\Debug\SCB_I2cCommSlave02.a(CyLFClk.o)
 .text.CySysClkWcoStart
                0x00000000       0x20 .\CortexM0\ARM_GCC_484\Debug\SCB_I2cCommSlave02.a(CyLFClk.o)
 .text.CySysClkWcoStop
                0x00000000       0x60 .\CortexM0\ARM_GCC_484\Debug\SCB_I2cCommSlave02.a(CyLFClk.o)
 .text.CySysClkWcoSetPowerMode
                0x00000000       0x34 .\CortexM0\ARM_GCC_484\Debug\SCB_I2cCommSlave02.a(CyLFClk.o)
 .text.CySysWdtLock
                0x00000000       0x34 .\CortexM0\ARM_GCC_484\Debug\SCB_I2cCommSlave02.a(CyLFClk.o)
 .text.CySysWdtLocked
                0x00000000       0x20 .\CortexM0\ARM_GCC_484\Debug\SCB_I2cCommSlave02.a(CyLFClk.o)
 .text.CySysWdtUnlock
                0x00000000       0x4c .\CortexM0\ARM_GCC_484\Debug\SCB_I2cCommSlave02.a(CyLFClk.o)
 .text.CySysWdtGetEnabledStatus
                0x00000000       0x30 .\CortexM0\ARM_GCC_484\Debug\SCB_I2cCommSlave02.a(CyLFClk.o)
 .text.CySysWdtSetMode
                0x00000000       0x60 .\CortexM0\ARM_GCC_484\Debug\SCB_I2cCommSlave02.a(CyLFClk.o)
 .text.CySysWdtGetMode
                0x00000000       0x24 .\CortexM0\ARM_GCC_484\Debug\SCB_I2cCommSlave02.a(CyLFClk.o)
 .text.CySysWdtSetClearOnMatch
                0x00000000       0x70 .\CortexM0\ARM_GCC_484\Debug\SCB_I2cCommSlave02.a(CyLFClk.o)
 .text.CySysWdtGetClearOnMatch
                0x00000000       0x40 .\CortexM0\ARM_GCC_484\Debug\SCB_I2cCommSlave02.a(CyLFClk.o)
 .text.CySysWdtEnable
                0x00000000       0x64 .\CortexM0\ARM_GCC_484\Debug\SCB_I2cCommSlave02.a(CyLFClk.o)
 .text.CySysWdtDisable
                0x00000000       0x70 .\CortexM0\ARM_GCC_484\Debug\SCB_I2cCommSlave02.a(CyLFClk.o)
 .text.CySysWdtSetCascade
                0x00000000       0x58 .\CortexM0\ARM_GCC_484\Debug\SCB_I2cCommSlave02.a(CyLFClk.o)
 .text.CySysWdtGetCascade
                0x00000000       0x1c .\CortexM0\ARM_GCC_484\Debug\SCB_I2cCommSlave02.a(CyLFClk.o)
 .text.CySysWdtSetMatch
                0x00000000       0x90 .\CortexM0\ARM_GCC_484\Debug\SCB_I2cCommSlave02.a(CyLFClk.o)
 .text.CySysWdtSetToggleBit
                0x00000000       0x44 .\CortexM0\ARM_GCC_484\Debug\SCB_I2cCommSlave02.a(CyLFClk.o)
 .text.CySysWdtGetToggleBit
                0x00000000       0x18 .\CortexM0\ARM_GCC_484\Debug\SCB_I2cCommSlave02.a(CyLFClk.o)
 .text.CySysWdtGetMatch
                0x00000000       0x44 .\CortexM0\ARM_GCC_484\Debug\SCB_I2cCommSlave02.a(CyLFClk.o)
 .text.CySysWdtGetCount
                0x00000000       0x54 .\CortexM0\ARM_GCC_484\Debug\SCB_I2cCommSlave02.a(CyLFClk.o)
 .text.CySysWdtGetInterruptSource
                0x00000000       0x1c .\CortexM0\ARM_GCC_484\Debug\SCB_I2cCommSlave02.a(CyLFClk.o)
 .text.CySysWdtClearInterrupt
                0x00000000       0x70 .\CortexM0\ARM_GCC_484\Debug\SCB_I2cCommSlave02.a(CyLFClk.o)
 .text.CySysWdtResetCounters
                0x00000000       0x34 .\CortexM0\ARM_GCC_484\Debug\SCB_I2cCommSlave02.a(CyLFClk.o)
 .text.CySysWdtSetInterruptCallback
                0x00000000       0x40 .\CortexM0\ARM_GCC_484\Debug\SCB_I2cCommSlave02.a(CyLFClk.o)
 .text.CySysWdtGetInterruptCallback
                0x00000000       0x34 .\CortexM0\ARM_GCC_484\Debug\SCB_I2cCommSlave02.a(CyLFClk.o)
 .text.CySysWdtEnableCounterIsr
                0x00000000       0x50 .\CortexM0\ARM_GCC_484\Debug\SCB_I2cCommSlave02.a(CyLFClk.o)
 .text.CySysWdtDisableCounterIsr
                0x00000000       0x38 .\CortexM0\ARM_GCC_484\Debug\SCB_I2cCommSlave02.a(CyLFClk.o)
 .text.CySysWdtIsr
                0x00000000       0xec .\CortexM0\ARM_GCC_484\Debug\SCB_I2cCommSlave02.a(CyLFClk.o)
 .text.CySysTimerDelay
                0x00000000       0x6c .\CortexM0\ARM_GCC_484\Debug\SCB_I2cCommSlave02.a(CyLFClk.o)
 .text.CySysTimerDelayUntilMatch
                0x00000000       0xb0 .\CortexM0\ARM_GCC_484\Debug\SCB_I2cCommSlave02.a(CyLFClk.o)
 .text.CySysWatchdogFeed
                0x00000000       0x88 .\CortexM0\ARM_GCC_484\Debug\SCB_I2cCommSlave02.a(CyLFClk.o)
 .text.CySysClkLfclkPosedgeCatch
                0x00000000       0x9c .\CortexM0\ARM_GCC_484\Debug\SCB_I2cCommSlave02.a(CyLFClk.o)
 .text.CySysClkLfclkPosedgeRestore
                0x00000000       0x3c .\CortexM0\ARM_GCC_484\Debug\SCB_I2cCommSlave02.a(CyLFClk.o)
 .text          0x00000000        0x0 .\CortexM0\ARM_GCC_484\Debug\SCB_I2cCommSlave02.a(I2CS_I2C_INT.o)
 .data          0x00000000        0x0 .\CortexM0\ARM_GCC_484\Debug\SCB_I2cCommSlave02.a(I2CS_I2C_INT.o)
 .bss           0x00000000        0x0 .\CortexM0\ARM_GCC_484\Debug\SCB_I2cCommSlave02.a(I2CS_I2C_INT.o)
 .data          0x00000000        0x0 .\CortexM0\ARM_GCC_484\Debug\SCB_I2cCommSlave02.a(CyBootAsmGnu.o)
 .bss           0x00000000        0x0 .\CortexM0\ARM_GCC_484\Debug\SCB_I2cCommSlave02.a(CyBootAsmGnu.o)
 .text          0x00000000        0x0 .\CortexM0\ARM_GCC_484\Debug\SCB_I2cCommSlave02.a(CyFlash.o)
 .data          0x00000000        0x0 .\CortexM0\ARM_GCC_484\Debug\SCB_I2cCommSlave02.a(CyFlash.o)
 .bss           0x00000000        0x0 .\CortexM0\ARM_GCC_484\Debug\SCB_I2cCommSlave02.a(CyFlash.o)
 .text.CySysFlashWriteRow
                0x00000000      0x178 .\CortexM0\ARM_GCC_484\Debug\SCB_I2cCommSlave02.a(CyFlash.o)
 .text.CySysFlashClockBackup
                0x00000000       0x14 .\CortexM0\ARM_GCC_484\Debug\SCB_I2cCommSlave02.a(CyFlash.o)
 .text.CySysFlashClockConfig
                0x00000000       0x14 .\CortexM0\ARM_GCC_484\Debug\SCB_I2cCommSlave02.a(CyFlash.o)
 .text.CySysFlashClockRestore
                0x00000000       0x14 .\CortexM0\ARM_GCC_484\Debug\SCB_I2cCommSlave02.a(CyFlash.o)
 .text          0x00000000       0x9c c:/program files (x86)/cypress/psoc creator/3.2/psoc creator/import/gnu/arm/4.8.4/bin/../lib/gcc/arm-none-eabi/4.8.4/armv6-m\libgcc.a(_udivsi3.o)
 .data          0x00000000        0x0 c:/program files (x86)/cypress/psoc creator/3.2/psoc creator/import/gnu/arm/4.8.4/bin/../lib/gcc/arm-none-eabi/4.8.4/armv6-m\libgcc.a(_udivsi3.o)
 .bss           0x00000000        0x0 c:/program files (x86)/cypress/psoc creator/3.2/psoc creator/import/gnu/arm/4.8.4/bin/../lib/gcc/arm-none-eabi/4.8.4/armv6-m\libgcc.a(_udivsi3.o)
 .text          0x00000000        0x4 c:/program files (x86)/cypress/psoc creator/3.2/psoc creator/import/gnu/arm/4.8.4/bin/../lib/gcc/arm-none-eabi/4.8.4/armv6-m\libgcc.a(_dvmd_tls.o)
 .data          0x00000000        0x0 c:/program files (x86)/cypress/psoc creator/3.2/psoc creator/import/gnu/arm/4.8.4/bin/../lib/gcc/arm-none-eabi/4.8.4/armv6-m\libgcc.a(_dvmd_tls.o)
 .bss           0x00000000        0x0 c:/program files (x86)/cypress/psoc creator/3.2/psoc creator/import/gnu/arm/4.8.4/bin/../lib/gcc/arm-none-eabi/4.8.4/armv6-m\libgcc.a(_dvmd_tls.o)
 .text          0x00000000        0x0 c:/program files (x86)/cypress/psoc creator/3.2/psoc creator/import/gnu/arm/4.8.4/bin/../lib/gcc/arm-none-eabi/4.8.4/../../../../arm-none-eabi/lib/armv6-m\libg_s.a(lib_a-errno.o)
 .data          0x00000000        0x0 c:/program files (x86)/cypress/psoc creator/3.2/psoc creator/import/gnu/arm/4.8.4/bin/../lib/gcc/arm-none-eabi/4.8.4/../../../../arm-none-eabi/lib/armv6-m\libg_s.a(lib_a-errno.o)
 .bss           0x00000000        0x0 c:/program files (x86)/cypress/psoc creator/3.2/psoc creator/import/gnu/arm/4.8.4/bin/../lib/gcc/arm-none-eabi/4.8.4/../../../../arm-none-eabi/lib/armv6-m\libg_s.a(lib_a-errno.o)
 .text.__errno  0x00000000        0xc c:/program files (x86)/cypress/psoc creator/3.2/psoc creator/import/gnu/arm/4.8.4/bin/../lib/gcc/arm-none-eabi/4.8.4/../../../../arm-none-eabi/lib/armv6-m\libg_s.a(lib_a-errno.o)
 .text          0x00000000        0x0 c:/program files (x86)/cypress/psoc creator/3.2/psoc creator/import/gnu/arm/4.8.4/bin/../lib/gcc/arm-none-eabi/4.8.4/../../../../arm-none-eabi/lib/armv6-m\libg_s.a(lib_a-exit.o)
 .data          0x00000000        0x0 c:/program files (x86)/cypress/psoc creator/3.2/psoc creator/import/gnu/arm/4.8.4/bin/../lib/gcc/arm-none-eabi/4.8.4/../../../../arm-none-eabi/lib/armv6-m\libg_s.a(lib_a-exit.o)
 .bss           0x00000000        0x0 c:/program files (x86)/cypress/psoc creator/3.2/psoc creator/import/gnu/arm/4.8.4/bin/../lib/gcc/arm-none-eabi/4.8.4/../../../../arm-none-eabi/lib/armv6-m\libg_s.a(lib_a-exit.o)
 .text.exit     0x00000000       0x2c c:/program files (x86)/cypress/psoc creator/3.2/psoc creator/import/gnu/arm/4.8.4/bin/../lib/gcc/arm-none-eabi/4.8.4/../../../../arm-none-eabi/lib/armv6-m\libg_s.a(lib_a-exit.o)
 .text          0x00000000        0x0 c:/program files (x86)/cypress/psoc creator/3.2/psoc creator/import/gnu/arm/4.8.4/bin/../lib/gcc/arm-none-eabi/4.8.4/../../../../arm-none-eabi/lib/armv6-m\libg_s.a(lib_a-impure.o)
 .data          0x00000000        0x0 c:/program files (x86)/cypress/psoc creator/3.2/psoc creator/import/gnu/arm/4.8.4/bin/../lib/gcc/arm-none-eabi/4.8.4/../../../../arm-none-eabi/lib/armv6-m\libg_s.a(lib_a-impure.o)
 .bss           0x00000000        0x0 c:/program files (x86)/cypress/psoc creator/3.2/psoc creator/import/gnu/arm/4.8.4/bin/../lib/gcc/arm-none-eabi/4.8.4/../../../../arm-none-eabi/lib/armv6-m\libg_s.a(lib_a-impure.o)
 .data.impure_data
                0x00000000       0x60 c:/program files (x86)/cypress/psoc creator/3.2/psoc creator/import/gnu/arm/4.8.4/bin/../lib/gcc/arm-none-eabi/4.8.4/../../../../arm-none-eabi/lib/armv6-m\libg_s.a(lib_a-impure.o)
 .data._impure_ptr
                0x00000000        0x4 c:/program files (x86)/cypress/psoc creator/3.2/psoc creator/import/gnu/arm/4.8.4/bin/../lib/gcc/arm-none-eabi/4.8.4/../../../../arm-none-eabi/lib/armv6-m\libg_s.a(lib_a-impure.o)
 .rodata.str1.1
                0x00000000        0x2 c:/program files (x86)/cypress/psoc creator/3.2/psoc creator/import/gnu/arm/4.8.4/bin/../lib/gcc/arm-none-eabi/4.8.4/../../../../arm-none-eabi/lib/armv6-m\libg_s.a(lib_a-impure.o)
 .rodata._global_impure_ptr
                0x00000000        0x4 c:/program files (x86)/cypress/psoc creator/3.2/psoc creator/import/gnu/arm/4.8.4/bin/../lib/gcc/arm-none-eabi/4.8.4/../../../../arm-none-eabi/lib/armv6-m\libg_s.a(lib_a-impure.o)
 .text          0x00000000        0x0 c:/program files (x86)/cypress/psoc creator/3.2/psoc creator/import/gnu/arm/4.8.4/bin/../lib/gcc/arm-none-eabi/4.8.4/../../../../arm-none-eabi/lib/armv6-m\libg_s.a(lib_a-init.o)
 .data          0x00000000        0x0 c:/program files (x86)/cypress/psoc creator/3.2/psoc creator/import/gnu/arm/4.8.4/bin/../lib/gcc/arm-none-eabi/4.8.4/../../../../arm-none-eabi/lib/armv6-m\libg_s.a(lib_a-init.o)
 .bss           0x00000000        0x0 c:/program files (x86)/cypress/psoc creator/3.2/psoc creator/import/gnu/arm/4.8.4/bin/../lib/gcc/arm-none-eabi/4.8.4/../../../../arm-none-eabi/lib/armv6-m\libg_s.a(lib_a-init.o)
 .text          0x00000000        0x0 c:/program files (x86)/cypress/psoc creator/3.2/psoc creator/import/gnu/arm/4.8.4/bin/../lib/gcc/arm-none-eabi/4.8.4/../../../../arm-none-eabi/lib/armv6-m\libg_s.a(lib_a-memcpy-stub.o)
 .data          0x00000000        0x0 c:/program files (x86)/cypress/psoc creator/3.2/psoc creator/import/gnu/arm/4.8.4/bin/../lib/gcc/arm-none-eabi/4.8.4/../../../../arm-none-eabi/lib/armv6-m\libg_s.a(lib_a-memcpy-stub.o)
 .bss           0x00000000        0x0 c:/program files (x86)/cypress/psoc creator/3.2/psoc creator/import/gnu/arm/4.8.4/bin/../lib/gcc/arm-none-eabi/4.8.4/../../../../arm-none-eabi/lib/armv6-m\libg_s.a(lib_a-memcpy-stub.o)
 .text.memcpy   0x00000000       0x12 c:/program files (x86)/cypress/psoc creator/3.2/psoc creator/import/gnu/arm/4.8.4/bin/../lib/gcc/arm-none-eabi/4.8.4/../../../../arm-none-eabi/lib/armv6-m\libg_s.a(lib_a-memcpy-stub.o)
 .text          0x00000000        0x0 c:/program files (x86)/cypress/psoc creator/3.2/psoc creator/import/gnu/arm/4.8.4/bin/../lib/gcc/arm-none-eabi/4.8.4/../../../../arm-none-eabi/lib/armv6-m\libg_s.a(lib_a-memset.o)
 .data          0x00000000        0x0 c:/program files (x86)/cypress/psoc creator/3.2/psoc creator/import/gnu/arm/4.8.4/bin/../lib/gcc/arm-none-eabi/4.8.4/../../../../arm-none-eabi/lib/armv6-m\libg_s.a(lib_a-memset.o)
 .bss           0x00000000        0x0 c:/program files (x86)/cypress/psoc creator/3.2/psoc creator/import/gnu/arm/4.8.4/bin/../lib/gcc/arm-none-eabi/4.8.4/../../../../arm-none-eabi/lib/armv6-m\libg_s.a(lib_a-memset.o)
 .text          0x00000000        0x0 c:/program files (x86)/cypress/psoc creator/3.2/psoc creator/import/gnu/arm/4.8.4/bin/../lib/gcc/arm-none-eabi/4.8.4/armv6-m/crtend.o
 .data          0x00000000        0x0 c:/program files (x86)/cypress/psoc creator/3.2/psoc creator/import/gnu/arm/4.8.4/bin/../lib/gcc/arm-none-eabi/4.8.4/armv6-m/crtend.o
 .bss           0x00000000        0x0 c:/program files (x86)/cypress/psoc creator/3.2/psoc creator/import/gnu/arm/4.8.4/bin/../lib/gcc/arm-none-eabi/4.8.4/armv6-m/crtend.o
 .text          0x00000000        0x0 c:/program files (x86)/cypress/psoc creator/3.2/psoc creator/import/gnu/arm/4.8.4/bin/../lib/gcc/arm-none-eabi/4.8.4/armv6-m/crtn.o
 .data          0x00000000        0x0 c:/program files (x86)/cypress/psoc creator/3.2/psoc creator/import/gnu/arm/4.8.4/bin/../lib/gcc/arm-none-eabi/4.8.4/armv6-m/crtn.o
 .bss           0x00000000        0x0 c:/program files (x86)/cypress/psoc creator/3.2/psoc creator/import/gnu/arm/4.8.4/bin/../lib/gcc/arm-none-eabi/4.8.4/armv6-m/crtn.o

Memory Configuration

Name             Origin             Length             Attributes
rom              0x00000000         0x00020000         xr
ram              0x20000000         0x00004000         xrw
*default*        0x00000000         0xffffffff

Linker script and memory map

LOAD c:/program files (x86)/cypress/psoc creator/3.2/psoc creator/import/gnu/arm/4.8.4/bin/../lib/gcc/arm-none-eabi/4.8.4/armv6-m/crti.o
LOAD c:/program files (x86)/cypress/psoc creator/3.2/psoc creator/import/gnu/arm/4.8.4/bin/../lib/gcc/arm-none-eabi/4.8.4/armv6-m/crtbegin.o
LOAD c:/program files (x86)/cypress/psoc creator/3.2/psoc creator/import/gnu/arm/4.8.4/bin/../lib/gcc/arm-none-eabi/4.8.4/../../../../arm-none-eabi/lib/armv6-m/crt0.o
START GROUP
LOAD .\CortexM0\ARM_GCC_484\Debug\main.o
LOAD .\CortexM0\ARM_GCC_484\Debug\cymetadata.o
LOAD .\CortexM0\ARM_GCC_484\Debug\Cm0Start.o
LOAD .\CortexM0\ARM_GCC_484\Debug\SCB_I2cCommSlave02.a
LOAD C:\Program Files (x86)\Cypress\PSoC Creator\3.2\PSoC Creator\psoc\content\cycomponentlibrary\CyComponentLibrary.cylib\CortexM0\ARM_GCC_484\Debug\CyComponentLibrary.a
END GROUP
START GROUP
LOAD c:/program files (x86)/cypress/psoc creator/3.2/psoc creator/import/gnu/arm/4.8.4/bin/../lib/gcc/arm-none-eabi/4.8.4/armv6-m\libgcc.a
LOAD c:/program files (x86)/cypress/psoc creator/3.2/psoc creator/import/gnu/arm/4.8.4/bin/../lib/gcc/arm-none-eabi/4.8.4/../../../../arm-none-eabi/lib/armv6-m\libg_s.a
LOAD c:/program files (x86)/cypress/psoc creator/3.2/psoc creator/import/gnu/arm/4.8.4/bin/../lib/gcc/arm-none-eabi/4.8.4/../../../../arm-none-eabi/lib/armv6-m\libc_s.a
END GROUP
START GROUP
LOAD c:/program files (x86)/cypress/psoc creator/3.2/psoc creator/import/gnu/arm/4.8.4/bin/../lib/gcc/arm-none-eabi/4.8.4/armv6-m\libgcc.a
LOAD c:/program files (x86)/cypress/psoc creator/3.2/psoc creator/import/gnu/arm/4.8.4/bin/../lib/gcc/arm-none-eabi/4.8.4/../../../../arm-none-eabi/lib/armv6-m\libc_s.a
END GROUP
LOAD c:/program files (x86)/cypress/psoc creator/3.2/psoc creator/import/gnu/arm/4.8.4/bin/../lib/gcc/arm-none-eabi/4.8.4/armv6-m/crtend.o
LOAD c:/program files (x86)/cypress/psoc creator/3.2/psoc creator/import/gnu/arm/4.8.4/bin/../lib/gcc/arm-none-eabi/4.8.4/armv6-m/crtn.o
START GROUP
LOAD c:/program files (x86)/cypress/psoc creator/3.2/psoc creator/import/gnu/arm/4.8.4/bin/../lib/gcc/arm-none-eabi/4.8.4/armv6-m\libgcc.a
LOAD c:/program files (x86)/cypress/psoc creator/3.2/psoc creator/import/gnu/arm/4.8.4/bin/../lib/gcc/arm-none-eabi/4.8.4/../../../../arm-none-eabi/lib/armv6-m\libc.a
LOAD c:/program files (x86)/cypress/psoc creator/3.2/psoc creator/import/gnu/arm/4.8.4/bin/../lib/gcc/arm-none-eabi/4.8.4/../../../../arm-none-eabi/lib/armv6-m\libnosys.a
END GROUP
                0x00000000                CY_APPL_ORIGIN = 0x0
                0x00000080                CY_FLASH_ROW_SIZE = 0x80
                0x00000001                CY_APPL_NUM = 0x1
                0x00000040                CY_METADATA_SIZE = 0x40
                0x20000130                PROVIDE (__cy_heap_start, _end)
                0x00000001                PROVIDE (__cy_region_num, ((__cy_regions_end - __cy_regions) / 0x10))
                0x20004000                PROVIDE (__cy_stack, (ORIGIN (ram) + 0x4000))
                0x20003c00                PROVIDE (__cy_heap_end, (__cy_stack - 0x400))

.cybootloader   0x00000000        0x0
 *(.cybootloader)
                0x00000000                appl1_start = CY_APPL_ORIGIN?CY_APPL_ORIGIN:ALIGN (CY_FLASH_ROW_SIZE)
                0x0000ff80                appl2_start = (appl1_start + ALIGN ((((0x20000 - appl1_start) - (0x2 * CY_FLASH_ROW_SIZE)) / 0x2), CY_FLASH_ROW_SIZE))
                0x00000000                appl_start = (CY_APPL_NUM == 0x1)?appl1_start:appl2_start

.text           0x00000000     0x1200
 CREATE_OBJECT_SYMBOLS
                0x00000000                PROVIDE (__cy_interrupt_vector, RomVectors)
 *(.romvectors)
 .romvectors    0x00000000       0x10 .\CortexM0\ARM_GCC_484\Debug\Cm0Start.o
                0x00000000                RomVectors
                0x00000001                ASSERT ((. != __cy_interrupt_vector), No interrupt vector)
                0x00000001                ASSERT (CY_APPL_ORIGIN?(SIZEOF (.cybootloader) <= CY_APPL_ORIGIN):0x1, Wrong image location)
                0x00000010                PROVIDE (__cy_reset, Reset)
 *(.text.Reset)
 .text.Reset    0x00000010        0x8 .\CortexM0\ARM_GCC_484\Debug\Cm0Start.o
                0x00000010                Reset
                0x00000001                ASSERT ((. != __cy_reset), No reset code)
 *(.psocinit)
 .psocinit      0x00000018      0x1b4 .\CortexM0\ARM_GCC_484\Debug\SCB_I2cCommSlave02.a(cyfitter_cfg.o)
                0x00000080                cyfitter_cfg
                0x000001cc                . = MAX (., 0x100)
 *(.text .text.* .gnu.linkonce.t.*)
 .text          0x000001cc       0x60 c:/program files (x86)/cypress/psoc creator/3.2/psoc creator/import/gnu/arm/4.8.4/bin/../lib/gcc/arm-none-eabi/4.8.4/armv6-m/crtbegin.o
 .text.main     0x0000022c       0xa4 .\CortexM0\ARM_GCC_484\Debug\main.o
                0x0000022c                main
 .text.ExecuteCommand
                0x000002d0       0x8c .\CortexM0\ARM_GCC_484\Debug\main.o
                0x000002d0                ExecuteCommand
 .text.IntDefaultHandler
                0x0000035c        0x8 .\CortexM0\ARM_GCC_484\Debug\Cm0Start.o
                0x0000035c                IntDefaultHandler
 .text.Start_c  0x00000364       0x98 .\CortexM0\ARM_GCC_484\Debug\Cm0Start.o
                0x00000364                Start_c
 .text.initialize_psoc
                0x000003fc       0x70 .\CortexM0\ARM_GCC_484\Debug\Cm0Start.o
                0x000003fc                initialize_psoc
 .text.CYMEMZERO
                0x0000046c       0x20 .\CortexM0\ARM_GCC_484\Debug\SCB_I2cCommSlave02.a(cyfitter_cfg.o)
 .text.AnalogSetDefault
                0x0000048c       0x28 .\CortexM0\ARM_GCC_484\Debug\SCB_I2cCommSlave02.a(cyfitter_cfg.o)
 .text.LED_RED_Write
                0x000004b4       0x4c .\CortexM0\ARM_GCC_484\Debug\SCB_I2cCommSlave02.a(LED_RED.o)
                0x000004b4                LED_RED_Write
 .text.LED_GREEN_Write
                0x00000500       0x4c .\CortexM0\ARM_GCC_484\Debug\SCB_I2cCommSlave02.a(LED_GREEN.o)
                0x00000500                LED_GREEN_Write
 .text.LED_BLUE_Write
                0x0000054c       0x4c .\CortexM0\ARM_GCC_484\Debug\SCB_I2cCommSlave02.a(LED_BLUE.o)
                0x0000054c                LED_BLUE_Write
 .text.I2CS_Init
                0x00000598        0xc .\CortexM0\ARM_GCC_484\Debug\SCB_I2cCommSlave02.a(I2CS.o)
                0x00000598                I2CS_Init
 .text.I2CS_Enable
                0x000005a4       0x24 .\CortexM0\ARM_GCC_484\Debug\SCB_I2cCommSlave02.a(I2CS.o)
                0x000005a4                I2CS_Enable
 .text.I2CS_Start
                0x000005c8       0x24 .\CortexM0\ARM_GCC_484\Debug\SCB_I2cCommSlave02.a(I2CS.o)
                0x000005c8                I2CS_Start
 .text.I2CS_ScbEnableIntr
                0x000005ec       0x10 .\CortexM0\ARM_GCC_484\Debug\SCB_I2cCommSlave02.a(I2CS.o)
 .text.I2CS_ScbModePostEnable
                0x000005fc        0x8 .\CortexM0\ARM_GCC_484\Debug\SCB_I2cCommSlave02.a(I2CS.o)
 .text.I2CS_I2CInit
                0x00000604       0xe8 .\CortexM0\ARM_GCC_484\Debug\SCB_I2cCommSlave02.a(I2CS_I2C.o)
                0x00000604                I2CS_I2CInit
 .text.I2CS_I2CSlaveStatus
                0x000006ec       0x14 .\CortexM0\ARM_GCC_484\Debug\SCB_I2cCommSlave02.a(I2CS_I2C_SLAVE.o)
                0x000006ec                I2CS_I2CSlaveStatus
 .text.I2CS_I2CSlaveClearReadStatus
                0x00000700       0x40 .\CortexM0\ARM_GCC_484\Debug\SCB_I2cCommSlave02.a(I2CS_I2C_SLAVE.o)
                0x00000700                I2CS_I2CSlaveClearReadStatus
 .text.I2CS_I2CSlaveClearWriteStatus
                0x00000740       0x40 .\CortexM0\ARM_GCC_484\Debug\SCB_I2cCommSlave02.a(I2CS_I2C_SLAVE.o)
                0x00000740                I2CS_I2CSlaveClearWriteStatus
 .text.I2CS_I2CSlaveInitReadBuf
                0x00000780       0x4c .\CortexM0\ARM_GCC_484\Debug\SCB_I2cCommSlave02.a(I2CS_I2C_SLAVE.o)
                0x00000780                I2CS_I2CSlaveInitReadBuf
 .text.I2CS_I2CSlaveInitWriteBuf
                0x000007cc       0x40 .\CortexM0\ARM_GCC_484\Debug\SCB_I2cCommSlave02.a(I2CS_I2C_SLAVE.o)
                0x000007cc                I2CS_I2CSlaveInitWriteBuf
 .text.I2CS_I2CSlaveGetWriteBufSize
                0x0000080c       0x14 .\CortexM0\ARM_GCC_484\Debug\SCB_I2cCommSlave02.a(I2CS_I2C_SLAVE.o)
                0x0000080c                I2CS_I2CSlaveGetWriteBufSize
 .text.I2CS_I2CSlaveClearReadBuf
                0x00000820       0x14 .\CortexM0\ARM_GCC_484\Debug\SCB_I2cCommSlave02.a(I2CS_I2C_SLAVE.o)
                0x00000820                I2CS_I2CSlaveClearReadBuf
 .text.I2CS_I2CSlaveClearWriteBuf
                0x00000834       0x14 .\CortexM0\ARM_GCC_484\Debug\SCB_I2cCommSlave02.a(I2CS_I2C_SLAVE.o)
                0x00000834                I2CS_I2CSlaveClearWriteBuf
 .text.CySysClkImoEnableWcoLock
                0x00000848       0xfc .\CortexM0\ARM_GCC_484\Debug\SCB_I2cCommSlave02.a(CyLib.o)
                0x00000848                CySysClkImoEnableWcoLock
 .text.CySysClkImoDisableWcoLock
                0x00000944       0x1c .\CortexM0\ARM_GCC_484\Debug\SCB_I2cCommSlave02.a(CyLib.o)
                0x00000944                CySysClkImoDisableWcoLock
 .text.CySysClkImoGetWcoLock
                0x00000960       0x20 .\CortexM0\ARM_GCC_484\Debug\SCB_I2cCommSlave02.a(CyLib.o)
 .text.CySysClkWriteImoFreq
                0x00000980       0xb8 .\CortexM0\ARM_GCC_484\Debug\SCB_I2cCommSlave02.a(CyLib.o)
                0x00000980                CySysClkWriteImoFreq
 .text.CyIntSetVector
                0x00000a38       0x4c .\CortexM0\ARM_GCC_484\Debug\SCB_I2cCommSlave02.a(CyLib.o)
                0x00000a38                CyIntSetVector
 .text.CyIntSetPriority
                0x00000a84       0xa8 .\CortexM0\ARM_GCC_484\Debug\SCB_I2cCommSlave02.a(CyLib.o)
                0x00000a84                CyIntSetPriority
 .text.CyIntEnable
                0x00000b2c       0x2c .\CortexM0\ARM_GCC_484\Debug\SCB_I2cCommSlave02.a(CyLib.o)
                0x00000b2c                CyIntEnable
 .text.CyIntDisable
                0x00000b58       0x2c .\CortexM0\ARM_GCC_484\Debug\SCB_I2cCommSlave02.a(CyLib.o)
                0x00000b58                CyIntDisable
 .text.CyHalt   0x00000b84       0x14 .\CortexM0\ARM_GCC_484\Debug\SCB_I2cCommSlave02.a(CyLib.o)
                0x00000b84                CyHalt
 .text.CyDelay  0x00000b98       0x48 .\CortexM0\ARM_GCC_484\Debug\SCB_I2cCommSlave02.a(CyLib.o)
                0x00000b98                CyDelay
 .text.CySysClkWcoEnabled
                0x00000be0       0x1c .\CortexM0\ARM_GCC_484\Debug\SCB_I2cCommSlave02.a(CyLFClk.o)
                0x00000be0                CySysClkWcoEnabled
 .text.I2CS_I2C_ISR
                0x00000bfc      0x514 .\CortexM0\ARM_GCC_484\Debug\SCB_I2cCommSlave02.a(I2CS_I2C_INT.o)
                0x00000bfc                I2CS_I2C_ISR
 .text          0x00001110       0x20 .\CortexM0\ARM_GCC_484\Debug\SCB_I2cCommSlave02.a(CyBootAsmGnu.o)
                0x00001110                CyDelayCycles
                0x00001122                CyEnterCriticalSection
                0x0000112a                CyExitCriticalSection
 .text.CySysFlashSetWaitCycles
                0x00001130       0x74 .\CortexM0\ARM_GCC_484\Debug\SCB_I2cCommSlave02.a(CyFlash.o)
                0x00001130                CySysFlashSetWaitCycles
 .text.__libc_init_array
                0x000011a4       0x4c c:/program files (x86)/cypress/psoc creator/3.2/psoc creator/import/gnu/arm/4.8.4/bin/../lib/gcc/arm-none-eabi/4.8.4/../../../../arm-none-eabi/lib/armv6-m\libg_s.a(lib_a-init.o)
                0x000011a4                __libc_init_array
 .text.memset   0x000011f0       0x10 c:/program files (x86)/cypress/psoc creator/3.2/psoc creator/import/gnu/arm/4.8.4/bin/../lib/gcc/arm-none-eabi/4.8.4/../../../../arm-none-eabi/lib/armv6-m\libg_s.a(lib_a-memset.o)
                0x000011f0                memset
 *(.plt)
 *(.gnu.warning)
 *(.glue_7t)
 .glue_7t       0x00000000        0x0 linker stubs
 *(.glue_7)
 .glue_7        0x00000000        0x0 linker stubs
 *(.vfp11_veneer)
 .vfp11_veneer  0x00000000        0x0 linker stubs
 *(.bootloader)
 *(.ARM.extab* .gnu.linkonce.armextab.*)
 *(.gcc_except_table)

.v4_bx          0x00001200        0x0
 .v4_bx         0x00000000        0x0 linker stubs

.iplt           0x00001200        0x0
 .iplt          0x00000000        0x0 c:/program files (x86)/cypress/psoc creator/3.2/psoc creator/import/gnu/arm/4.8.4/bin/../lib/gcc/arm-none-eabi/4.8.4/armv6-m/crtbegin.o

.eh_frame_hdr
 *(.eh_frame_hdr)

.eh_frame       0x00001200        0x4
 *(.eh_frame)
 .eh_frame      0x00001200        0x0 c:/program files (x86)/cypress/psoc creator/3.2/psoc creator/import/gnu/arm/4.8.4/bin/../lib/gcc/arm-none-eabi/4.8.4/armv6-m/crtbegin.o
 .eh_frame      0x00001200        0x4 c:/program files (x86)/cypress/psoc creator/3.2/psoc creator/import/gnu/arm/4.8.4/bin/../lib/gcc/arm-none-eabi/4.8.4/armv6-m/crtend.o
                0x00001204                PROVIDE (__exidx_start, .)

.ARM.exidx
 *(.ARM.exidx* .gnu.linkonce.armexidx.*)
                0x00001204                __exidx_end = .

.rodata         0x00001204       0x74
 *(.rodata .rodata.* .gnu.linkonce.r.*)
 .rodata        0x00001204        0xc .\CortexM0\ARM_GCC_484\Debug\SCB_I2cCommSlave02.a(cyfitter_cfg.o)
 .rodata        0x00001210       0x30 .\CortexM0\ARM_GCC_484\Debug\SCB_I2cCommSlave02.a(CyLib.o)
                0x00001210                cyImoFreqMhz2Reg
                0x00001240                . = ALIGN (0x4)
 *(.init)
 .init          0x00001240        0x4 c:/program files (x86)/cypress/psoc creator/3.2/psoc creator/import/gnu/arm/4.8.4/bin/../lib/gcc/arm-none-eabi/4.8.4/armv6-m/crti.o
                0x00001240                _init
 .init          0x00001244        0x8 c:/program files (x86)/cypress/psoc creator/3.2/psoc creator/import/gnu/arm/4.8.4/bin/../lib/gcc/arm-none-eabi/4.8.4/armv6-m/crtn.o
                0x0000124c                . = ALIGN (0x4)
                0x0000124c                __preinit_array_start = .
 *(.preinit_array)
                0x0000124c                __preinit_array_end = .
                0x0000124c                . = ALIGN (0x4)
                0x0000124c                __init_array_start = .
 *(SORT(.init_array.*))
 *(.init_array)
 .init_array    0x0000124c        0x4 c:/program files (x86)/cypress/psoc creator/3.2/psoc creator/import/gnu/arm/4.8.4/bin/../lib/gcc/arm-none-eabi/4.8.4/armv6-m/crtbegin.o
 .init_array    0x00001250        0x4 .\CortexM0\ARM_GCC_484\Debug\Cm0Start.o
                0x00001254                __init_array_end = .
                0x00001254                . = ALIGN (0x4)
 *(.fini)
 .fini          0x00001254        0x4 c:/program files (x86)/cypress/psoc creator/3.2/psoc creator/import/gnu/arm/4.8.4/bin/../lib/gcc/arm-none-eabi/4.8.4/armv6-m/crti.o
                0x00001254                _fini
 .fini          0x00001258        0x8 c:/program files (x86)/cypress/psoc creator/3.2/psoc creator/import/gnu/arm/4.8.4/bin/../lib/gcc/arm-none-eabi/4.8.4/armv6-m/crtn.o
                0x00001260                . = ALIGN (0x4)
                0x00001260                __fini_array_start = .
 *(.fini_array)
 .fini_array    0x00001260        0x4 c:/program files (x86)/cypress/psoc creator/3.2/psoc creator/import/gnu/arm/4.8.4/bin/../lib/gcc/arm-none-eabi/4.8.4/armv6-m/crtbegin.o
 *(SORT(.fini_array.*))
                0x00001264                __fini_array_end = .
                0x00001264                . = ALIGN (0x4)
 *crtbegin.o(.ctors)
 *(EXCLUDE_FILE(*crtend.o) .ctors)
 *(SORT(.ctors.*))
 *crtend.o(.ctors)
                0x00001264                . = ALIGN (0x4)
 *crtbegin.o(.dtors)
 *(EXCLUDE_FILE(*crtend.o) .dtors)
 *(SORT(.dtors.*))
 *crtend.o(.dtors)
                0x00001264                . = ALIGN (0x4)
                0x00001264                __cy_regions = .
                0x00001264        0x4 LONG 0x1278 __cy_region_init_ram
                0x00001268        0x4 LONG 0x200000c8 __cy_region_start_data
                0x0000126c        0x4 LONG 0x18 __cy_region_init_size_ram
                0x00001270        0x4 LONG 0x50 __cy_region_zero_size_ram
                0x00001274                __cy_regions_end = .
                0x00001278                . = ALIGN (0x8)
 *fill*         0x00001274        0x4 
                0x00001278                _etext = .

.ramvectors     0x20000000       0xc0
                0x20000000                __cy_region_start_ram = .
 *(.ramvectors)
 .ramvectors    0x20000000       0xc0 .\CortexM0\ARM_GCC_484\Debug\Cm0Start.o
                0x20000000                CyRamVectors

.noinit         0x200000c0        0x4
 *(.noinit)
 .noinit        0x200000c0        0x4 .\CortexM0\ARM_GCC_484\Debug\Cm0Start.o

.data           0x200000c8       0x18 load address 0x00001278
                0x200000c8                __cy_region_start_data = .
 *(.jcr)
 .jcr           0x200000c8        0x0 c:/program files (x86)/cypress/psoc creator/3.2/psoc creator/import/gnu/arm/4.8.4/bin/../lib/gcc/arm-none-eabi/4.8.4/armv6-m/crtbegin.o
 .jcr           0x200000c8        0x4 c:/program files (x86)/cypress/psoc creator/3.2/psoc creator/import/gnu/arm/4.8.4/bin/../lib/gcc/arm-none-eabi/4.8.4/armv6-m/crtend.o
 *(.got.plt)
 *(.got)
 *(.shdata)
 *(.data .data.* .gnu.linkonce.d.*)
 .data          0x200000cc        0x4 .\CortexM0\ARM_GCC_484\Debug\main.o
                0x200000cc                i2cReadBuffer
 .data          0x200000d0       0x10 .\CortexM0\ARM_GCC_484\Debug\SCB_I2cCommSlave02.a(CyLib.o)
                0x200000d0                cydelayFreqHz
                0x200000d4                cydelayFreqKhz
                0x200000d8                cydelayFreqMhz
                0x200000dc                cydelay32kMs
                0x200000e0                . = ALIGN (0x8)
 *(.ram)
                0x200000e0                _edata = .

.igot.plt       0x200000e0        0x0 load address 0x00001290
 .igot.plt      0x00000000        0x0 c:/program files (x86)/cypress/psoc creator/3.2/psoc creator/import/gnu/arm/4.8.4/bin/../lib/gcc/arm-none-eabi/4.8.4/armv6-m/crtbegin.o

.bss            0x200000e0       0x50 load address 0x00001290
                0x200000e0                PROVIDE (__bss_start__, .)
 *(.shbss)
 *(.bss .bss.* .gnu.linkonce.b.*)
 .bss           0x200000e0       0x1c c:/program files (x86)/cypress/psoc creator/3.2/psoc creator/import/gnu/arm/4.8.4/bin/../lib/gcc/arm-none-eabi/4.8.4/armv6-m/crtbegin.o
 .bss           0x200000fc        0x8 .\CortexM0\ARM_GCC_484\Debug\SCB_I2cCommSlave02.a(I2CS.o)
                0x200000fc                I2CS_initVar
                0x20000100                I2CS_customIntrHandler
 *(COMMON)
 COMMON         0x20000104        0x3 .\CortexM0\ARM_GCC_484\Debug\main.o
                0x20000104                i2cWriteBuffer
 COMMON         0x20000107        0x1 .\CortexM0\ARM_GCC_484\Debug\SCB_I2cCommSlave02.a(I2CS_I2C.o)
                0x20000107                I2CS_state
 COMMON         0x20000108       0x21 .\CortexM0\ARM_GCC_484\Debug\SCB_I2cCommSlave02.a(I2CS_I2C_SLAVE.o)
                0x20000108                I2CS_slRdBufIndex
                0x2000010c                I2CS_slWrBufIndex
                0x20000110                I2CS_slWrBufSize
                0x20000114                I2CS_slRdBufSize
                0x20000118                I2CS_slRdBufPtr
                0x2000011c                I2CS_slStatus
                0x20000120                I2CS_slRdBufIndexTmp
                0x20000124                I2CS_slWrBufPtr
                0x20000128                I2CS_slOverFlowCount
                0x20000130                . = ALIGN (0x8)
 *fill*         0x20000129        0x7 
 *(.ram.b)
                0x20000130                _end = .
                0x20000130                __end = .
                0x20000130                PROVIDE (end, .)
                0x20000130                PROVIDE (__bss_end__, .)
                0x00001278                __cy_region_init_ram = LOADADDR (.data)
                0x00000018                __cy_region_init_size_ram = (_edata - ADDR (.data))
                0x00000050                __cy_region_zero_size_ram = (_end - _edata)

.heap           0x20000130      0x100 load address 0x00001290
                0x20000130                . = _end
                0x20000230                . = (. + 0x100)
 *fill*         0x20000130      0x100 
                0x20000230                __cy_heap_limit = .

.stack          0x20003c00      0x400
                0x20003c00                __cy_stack_limit = .
                0x20004000                . = (. + 0x400)
 *fill*         0x20003c00      0x400 
                0x00000001                ASSERT ((__cy_stack_limit >= __cy_heap_limit), region RAM overflowed with stack)

.cyloadermeta
 *(.cyloadermeta)

.cyloadablemeta
 *(.cyloadablemeta)

.cyflashprotect
                0x90400000       0x80
 *(.cyflashprotect)
 .cyflashprotect
                0x90400000       0x80 .\CortexM0\ARM_GCC_484\Debug\cymetadata.o
                0x90400000                cy_meta_flashprotect

.cymeta         0x90500000        0xc
 *(.cymeta)
 .cymeta        0x90500000        0xc .\CortexM0\ARM_GCC_484\Debug\cymetadata.o
                0x90500000                cy_metadata

.cychipprotect  0x90600000        0x4
 *(.cychipprotect)
 .cychipprotect
                0x90600000        0x4 .\CortexM0\ARM_GCC_484\Debug\cymetadata.o
                0x90600000                cy_meta_chipprotect

.rel.dyn        0x00001290        0x0 load address 0x90600004
 .rel.iplt      0x00000000        0x0 c:/program files (x86)/cypress/psoc creator/3.2/psoc creator/import/gnu/arm/4.8.4/bin/../lib/gcc/arm-none-eabi/4.8.4/armv6-m/crtbegin.o

.stab
 *(.stab)

.stabstr
 *(.stabstr)

.debug
 *(.debug)

.line
 *(.line)

.debug_srcinfo
 *(.debug_srcinfo)

.debug_sfnames
 *(.debug_sfnames)

.debug_aranges  0x00000000      0x5f8
 *(.debug_aranges)
 .debug_aranges
                0x00000000       0x28 .\CortexM0\ARM_GCC_484\Debug\main.o
 .debug_aranges
                0x00000028       0x18 .\CortexM0\ARM_GCC_484\Debug\cymetadata.o
 .debug_aranges
                0x00000040       0x48 .\CortexM0\ARM_GCC_484\Debug\Cm0Start.o
 .debug_aranges
                0x00000088       0x48 .\CortexM0\ARM_GCC_484\Debug\SCB_I2cCommSlave02.a(cyfitter_cfg.o)
 .debug_aranges
                0x000000d0       0x40 .\CortexM0\ARM_GCC_484\Debug\SCB_I2cCommSlave02.a(LED_RED.o)
 .debug_aranges
                0x00000110       0x40 .\CortexM0\ARM_GCC_484\Debug\SCB_I2cCommSlave02.a(LED_GREEN.o)
 .debug_aranges
                0x00000150       0x40 .\CortexM0\ARM_GCC_484\Debug\SCB_I2cCommSlave02.a(LED_BLUE.o)
 .debug_aranges
                0x00000190       0x68 .\CortexM0\ARM_GCC_484\Debug\SCB_I2cCommSlave02.a(I2CS.o)
 .debug_aranges
                0x000001f8       0x28 .\CortexM0\ARM_GCC_484\Debug\SCB_I2cCommSlave02.a(I2CS_I2C.o)
 .debug_aranges
                0x00000220       0x70 .\CortexM0\ARM_GCC_484\Debug\SCB_I2cCommSlave02.a(I2CS_I2C_SLAVE.o)
 .debug_aranges
                0x00000290      0x190 .\CortexM0\ARM_GCC_484\Debug\SCB_I2cCommSlave02.a(CyLib.o)
 .debug_aranges
                0x00000420      0x158 .\CortexM0\ARM_GCC_484\Debug\SCB_I2cCommSlave02.a(CyLFClk.o)
 .debug_aranges
                0x00000578       0x20 .\CortexM0\ARM_GCC_484\Debug\SCB_I2cCommSlave02.a(I2CS_I2C_INT.o)
 .debug_aranges
                0x00000598       0x20 .\CortexM0\ARM_GCC_484\Debug\SCB_I2cCommSlave02.a(CyBootAsmGnu.o)
 .debug_aranges
                0x000005b8       0x40 .\CortexM0\ARM_GCC_484\Debug\SCB_I2cCommSlave02.a(CyFlash.o)

.debug_pubnames
 *(.debug_pubnames)

.debug_info     0x00000000     0x2698
 *(.debug_info .gnu.linkonce.wi.*)
 .debug_info    0x00000000      0x12e .\CortexM0\ARM_GCC_484\Debug\main.o
 .debug_info    0x0000012e       0xfd .\CortexM0\ARM_GCC_484\Debug\cymetadata.o
 .debug_info    0x0000022b      0x2fe .\CortexM0\ARM_GCC_484\Debug\Cm0Start.o
 .debug_info    0x00000529      0x247 .\CortexM0\ARM_GCC_484\Debug\SCB_I2cCommSlave02.a(cyfitter_cfg.o)
 .debug_info    0x00000770      0x14c .\CortexM0\ARM_GCC_484\Debug\SCB_I2cCommSlave02.a(LED_RED.o)
 .debug_info    0x000008bc      0x14c .\CortexM0\ARM_GCC_484\Debug\SCB_I2cCommSlave02.a(LED_GREEN.o)
 .debug_info    0x00000a08      0x14c .\CortexM0\ARM_GCC_484\Debug\SCB_I2cCommSlave02.a(LED_BLUE.o)
 .debug_info    0x00000b54      0x1e2 .\CortexM0\ARM_GCC_484\Debug\SCB_I2cCommSlave02.a(I2CS.o)
 .debug_info    0x00000d36      0x114 .\CortexM0\ARM_GCC_484\Debug\SCB_I2cCommSlave02.a(I2CS_I2C.o)
 .debug_info    0x00000e4a      0x2d9 .\CortexM0\ARM_GCC_484\Debug\SCB_I2cCommSlave02.a(I2CS_I2C_SLAVE.o)
 .debug_info    0x00001123      0x913 .\CortexM0\ARM_GCC_484\Debug\SCB_I2cCommSlave02.a(CyLib.o)
 .debug_info    0x00001a36      0x838 .\CortexM0\ARM_GCC_484\Debug\SCB_I2cCommSlave02.a(CyLFClk.o)
 .debug_info    0x0000226e      0x178 .\CortexM0\ARM_GCC_484\Debug\SCB_I2cCommSlave02.a(I2CS_I2C_INT.o)
 .debug_info    0x000023e6       0xaf .\CortexM0\ARM_GCC_484\Debug\SCB_I2cCommSlave02.a(CyBootAsmGnu.o)
 .debug_info    0x00002495      0x203 .\CortexM0\ARM_GCC_484\Debug\SCB_I2cCommSlave02.a(CyFlash.o)

.debug_abbrev   0x00000000      0xea7
 *(.debug_abbrev)
 .debug_abbrev  0x00000000       0xae .\CortexM0\ARM_GCC_484\Debug\main.o
 .debug_abbrev  0x000000ae       0x5d .\CortexM0\ARM_GCC_484\Debug\cymetadata.o
 .debug_abbrev  0x0000010b      0x1a5 .\CortexM0\ARM_GCC_484\Debug\Cm0Start.o
 .debug_abbrev  0x000002b0      0x136 .\CortexM0\ARM_GCC_484\Debug\SCB_I2cCommSlave02.a(cyfitter_cfg.o)
 .debug_abbrev  0x000003e6       0xb7 .\CortexM0\ARM_GCC_484\Debug\SCB_I2cCommSlave02.a(LED_RED.o)
 .debug_abbrev  0x0000049d       0xb7 .\CortexM0\ARM_GCC_484\Debug\SCB_I2cCommSlave02.a(LED_GREEN.o)
 .debug_abbrev  0x00000554       0xb7 .\CortexM0\ARM_GCC_484\Debug\SCB_I2cCommSlave02.a(LED_BLUE.o)
 .debug_abbrev  0x0000060b       0xe8 .\CortexM0\ARM_GCC_484\Debug\SCB_I2cCommSlave02.a(I2CS.o)
 .debug_abbrev  0x000006f3       0x9d .\CortexM0\ARM_GCC_484\Debug\SCB_I2cCommSlave02.a(I2CS_I2C.o)
 .debug_abbrev  0x00000790      0x148 .\CortexM0\ARM_GCC_484\Debug\SCB_I2cCommSlave02.a(I2CS_I2C_SLAVE.o)
 .debug_abbrev  0x000008d8      0x200 .\CortexM0\ARM_GCC_484\Debug\SCB_I2cCommSlave02.a(CyLib.o)
 .debug_abbrev  0x00000ad8      0x224 .\CortexM0\ARM_GCC_484\Debug\SCB_I2cCommSlave02.a(CyLFClk.o)
 .debug_abbrev  0x00000cfc       0x95 .\CortexM0\ARM_GCC_484\Debug\SCB_I2cCommSlave02.a(I2CS_I2C_INT.o)
 .debug_abbrev  0x00000d91       0x14 .\CortexM0\ARM_GCC_484\Debug\SCB_I2cCommSlave02.a(CyBootAsmGnu.o)
 .debug_abbrev  0x00000da5      0x102 .\CortexM0\ARM_GCC_484\Debug\SCB_I2cCommSlave02.a(CyFlash.o)

.debug_line     0x00000000     0x1652
 *(.debug_line)
 .debug_line    0x00000000       0x96 .\CortexM0\ARM_GCC_484\Debug\main.o
 .debug_line    0x00000096       0x53 .\CortexM0\ARM_GCC_484\Debug\cymetadata.o
 .debug_line    0x000000e9      0x1b8 .\CortexM0\ARM_GCC_484\Debug\Cm0Start.o
 .debug_line    0x000002a1      0x16d .\CortexM0\ARM_GCC_484\Debug\SCB_I2cCommSlave02.a(cyfitter_cfg.o)
 .debug_line    0x0000040e       0xad .\CortexM0\ARM_GCC_484\Debug\SCB_I2cCommSlave02.a(LED_RED.o)
 .debug_line    0x000004bb       0xaf .\CortexM0\ARM_GCC_484\Debug\SCB_I2cCommSlave02.a(LED_GREEN.o)
 .debug_line    0x0000056a       0xae .\CortexM0\ARM_GCC_484\Debug\SCB_I2cCommSlave02.a(LED_BLUE.o)
 .debug_line    0x00000618      0x136 .\CortexM0\ARM_GCC_484\Debug\SCB_I2cCommSlave02.a(I2CS.o)
 .debug_line    0x0000074e       0xb6 .\CortexM0\ARM_GCC_484\Debug\SCB_I2cCommSlave02.a(I2CS_I2C.o)
 .debug_line    0x00000804      0x14d .\CortexM0\ARM_GCC_484\Debug\SCB_I2cCommSlave02.a(I2CS_I2C_SLAVE.o)
 .debug_line    0x00000951      0x48b .\CortexM0\ARM_GCC_484\Debug\SCB_I2cCommSlave02.a(CyLib.o)
 .debug_line    0x00000ddc      0x58a .\CortexM0\ARM_GCC_484\Debug\SCB_I2cCommSlave02.a(CyLFClk.o)
 .debug_line    0x00001366      0x15b .\CortexM0\ARM_GCC_484\Debug\SCB_I2cCommSlave02.a(I2CS_I2C_INT.o)
 .debug_line    0x000014c1       0x68 .\CortexM0\ARM_GCC_484\Debug\SCB_I2cCommSlave02.a(CyBootAsmGnu.o)
 .debug_line    0x00001529      0x129 .\CortexM0\ARM_GCC_484\Debug\SCB_I2cCommSlave02.a(CyFlash.o)

.debug_frame    0x00000000     0x1338
 *(.debug_frame)
 .debug_frame   0x00000000       0x54 .\CortexM0\ARM_GCC_484\Debug\main.o
 .debug_frame   0x00000054       0xc8 .\CortexM0\ARM_GCC_484\Debug\Cm0Start.o
 .debug_frame   0x0000011c       0xc8 .\CortexM0\ARM_GCC_484\Debug\SCB_I2cCommSlave02.a(cyfitter_cfg.o)
 .debug_frame   0x000001e4       0xa8 .\CortexM0\ARM_GCC_484\Debug\SCB_I2cCommSlave02.a(LED_RED.o)
 .debug_frame   0x0000028c       0xa8 .\CortexM0\ARM_GCC_484\Debug\SCB_I2cCommSlave02.a(LED_GREEN.o)
 .debug_frame   0x00000334       0xa8 .\CortexM0\ARM_GCC_484\Debug\SCB_I2cCommSlave02.a(LED_BLUE.o)
 .debug_frame   0x000003dc      0x134 .\CortexM0\ARM_GCC_484\Debug\SCB_I2cCommSlave02.a(I2CS.o)
 .debug_frame   0x00000510       0x48 .\CortexM0\ARM_GCC_484\Debug\SCB_I2cCommSlave02.a(I2CS_I2C.o)
 .debug_frame   0x00000558      0x15c .\CortexM0\ARM_GCC_484\Debug\SCB_I2cCommSlave02.a(I2CS_I2C_SLAVE.o)
 .debug_frame   0x000006b4      0x5c0 .\CortexM0\ARM_GCC_484\Debug\SCB_I2cCommSlave02.a(CyLib.o)
 .debug_frame   0x00000c74      0x500 .\CortexM0\ARM_GCC_484\Debug\SCB_I2cCommSlave02.a(CyLFClk.o)
 .debug_frame   0x00001174       0x30 .\CortexM0\ARM_GCC_484\Debug\SCB_I2cCommSlave02.a(I2CS_I2C_INT.o)
 .debug_frame   0x000011a4       0xb8 .\CortexM0\ARM_GCC_484\Debug\SCB_I2cCommSlave02.a(CyFlash.o)
 .debug_frame   0x0000125c       0x20 c:/program files (x86)/cypress/psoc creator/3.2/psoc creator/import/gnu/arm/4.8.4/bin/../lib/gcc/arm-none-eabi/4.8.4/armv6-m\libgcc.a(_udivsi3.o)
 .debug_frame   0x0000127c       0x20 c:/program files (x86)/cypress/psoc creator/3.2/psoc creator/import/gnu/arm/4.8.4/bin/../lib/gcc/arm-none-eabi/4.8.4/../../../../arm-none-eabi/lib/armv6-m\libg_s.a(lib_a-errno.o)
 .debug_frame   0x0000129c       0x28 c:/program files (x86)/cypress/psoc creator/3.2/psoc creator/import/gnu/arm/4.8.4/bin/../lib/gcc/arm-none-eabi/4.8.4/../../../../arm-none-eabi/lib/armv6-m\libg_s.a(lib_a-exit.o)
 .debug_frame   0x000012c4       0x2c c:/program files (x86)/cypress/psoc creator/3.2/psoc creator/import/gnu/arm/4.8.4/bin/../lib/gcc/arm-none-eabi/4.8.4/../../../../arm-none-eabi/lib/armv6-m\libg_s.a(lib_a-init.o)
 .debug_frame   0x000012f0       0x28 c:/program files (x86)/cypress/psoc creator/3.2/psoc creator/import/gnu/arm/4.8.4/bin/../lib/gcc/arm-none-eabi/4.8.4/../../../../arm-none-eabi/lib/armv6-m\libg_s.a(lib_a-memcpy-stub.o)
 .debug_frame   0x00001318       0x20 c:/program files (x86)/cypress/psoc creator/3.2/psoc creator/import/gnu/arm/4.8.4/bin/../lib/gcc/arm-none-eabi/4.8.4/../../../../arm-none-eabi/lib/armv6-m\libg_s.a(lib_a-memset.o)

.debug_str      0x00000000     0x13bd
 *(.debug_str)
 .debug_str     0x00000000      0x188 .\CortexM0\ARM_GCC_484\Debug\main.o
                                0x1c8 (size before relaxing)
 .debug_str     0x00000188       0x5b .\CortexM0\ARM_GCC_484\Debug\cymetadata.o
                                0x1db (size before relaxing)
 .debug_str     0x000001e3      0x12e .\CortexM0\ARM_GCC_484\Debug\Cm0Start.o
                                0x2cf (size before relaxing)
 .debug_str     0x00000311       0xa5 .\CortexM0\ARM_GCC_484\Debug\SCB_I2cCommSlave02.a(cyfitter_cfg.o)
                                0x246 (size before relaxing)
 .debug_str     0x000003b6       0x9c .\CortexM0\ARM_GCC_484\Debug\SCB_I2cCommSlave02.a(LED_RED.o)
                                0x220 (size before relaxing)
 .debug_str     0x00000452       0x8a .\CortexM0\ARM_GCC_484\Debug\SCB_I2cCommSlave02.a(LED_GREEN.o)
                                0x22c (size before relaxing)
 .debug_str     0x000004dc       0x84 .\CortexM0\ARM_GCC_484\Debug\SCB_I2cCommSlave02.a(LED_BLUE.o)
                                0x226 (size before relaxing)
 .debug_str     0x00000560      0x112 .\CortexM0\ARM_GCC_484\Debug\SCB_I2cCommSlave02.a(I2CS.o)
                                0x29f (size before relaxing)
 .debug_str     0x00000672       0x90 .\CortexM0\ARM_GCC_484\Debug\SCB_I2cCommSlave02.a(I2CS_I2C.o)
                                0x21d (size before relaxing)
 .debug_str     0x00000702      0x1ce .\CortexM0\ARM_GCC_484\Debug\SCB_I2cCommSlave02.a(I2CS_I2C_SLAVE.o)
                                0x3b1 (size before relaxing)
 .debug_str     0x000008d0      0x4c7 .\CortexM0\ARM_GCC_484\Debug\SCB_I2cCommSlave02.a(CyLib.o)
                                0x682 (size before relaxing)
 .debug_str     0x00000d97      0x51a .\CortexM0\ARM_GCC_484\Debug\SCB_I2cCommSlave02.a(CyLFClk.o)
                                0x6d2 (size before relaxing)
 .debug_str     0x000012b1       0x4b .\CortexM0\ARM_GCC_484\Debug\SCB_I2cCommSlave02.a(I2CS_I2C_INT.o)
                                0x2a5 (size before relaxing)
 .debug_str     0x000012fc       0xc1 .\CortexM0\ARM_GCC_484\Debug\SCB_I2cCommSlave02.a(CyFlash.o)
                                0x274 (size before relaxing)

.debug_loc
 *(.debug_loc)

.debug_macinfo
 *(.debug_macinfo)

.debug_ranges   0x00000000      0x4f0
 *(.debug_ranges)
 .debug_ranges  0x00000000       0x18 .\CortexM0\ARM_GCC_484\Debug\main.o
 .debug_ranges  0x00000018       0x38 .\CortexM0\ARM_GCC_484\Debug\Cm0Start.o
 .debug_ranges  0x00000050       0x38 .\CortexM0\ARM_GCC_484\Debug\SCB_I2cCommSlave02.a(cyfitter_cfg.o)
 .debug_ranges  0x00000088       0x30 .\CortexM0\ARM_GCC_484\Debug\SCB_I2cCommSlave02.a(LED_RED.o)
 .debug_ranges  0x000000b8       0x30 .\CortexM0\ARM_GCC_484\Debug\SCB_I2cCommSlave02.a(LED_GREEN.o)
 .debug_ranges  0x000000e8       0x30 .\CortexM0\ARM_GCC_484\Debug\SCB_I2cCommSlave02.a(LED_BLUE.o)
 .debug_ranges  0x00000118       0x58 .\CortexM0\ARM_GCC_484\Debug\SCB_I2cCommSlave02.a(I2CS.o)
 .debug_ranges  0x00000170       0x18 .\CortexM0\ARM_GCC_484\Debug\SCB_I2cCommSlave02.a(I2CS_I2C.o)
 .debug_ranges  0x00000188       0x60 .\CortexM0\ARM_GCC_484\Debug\SCB_I2cCommSlave02.a(I2CS_I2C_SLAVE.o)
 .debug_ranges  0x000001e8      0x180 .\CortexM0\ARM_GCC_484\Debug\SCB_I2cCommSlave02.a(CyLib.o)
 .debug_ranges  0x00000368      0x148 .\CortexM0\ARM_GCC_484\Debug\SCB_I2cCommSlave02.a(CyLFClk.o)
 .debug_ranges  0x000004b0       0x10 .\CortexM0\ARM_GCC_484\Debug\SCB_I2cCommSlave02.a(I2CS_I2C_INT.o)
 .debug_ranges  0x000004c0       0x30 .\CortexM0\ARM_GCC_484\Debug\SCB_I2cCommSlave02.a(CyFlash.o)

.comment        0x00000000       0x70
 .comment       0x00000000       0x70 .\CortexM0\ARM_GCC_484\Debug\main.o
                                 0x71 (size before relaxing)
 .comment       0x00000000       0x71 .\CortexM0\ARM_GCC_484\Debug\cymetadata.o
 .comment       0x00000000       0x71 .\CortexM0\ARM_GCC_484\Debug\Cm0Start.o
 .comment       0x00000000       0x71 .\CortexM0\ARM_GCC_484\Debug\SCB_I2cCommSlave02.a(cyfitter_cfg.o)
 .comment       0x00000000       0x71 .\CortexM0\ARM_GCC_484\Debug\SCB_I2cCommSlave02.a(LED_RED.o)
 .comment       0x00000000       0x71 .\CortexM0\ARM_GCC_484\Debug\SCB_I2cCommSlave02.a(LED_GREEN.o)
 .comment       0x00000000       0x71 .\CortexM0\ARM_GCC_484\Debug\SCB_I2cCommSlave02.a(LED_BLUE.o)
 .comment       0x00000000       0x71 .\CortexM0\ARM_GCC_484\Debug\SCB_I2cCommSlave02.a(I2CS.o)
 .comment       0x00000000       0x71 .\CortexM0\ARM_GCC_484\Debug\SCB_I2cCommSlave02.a(I2CS_I2C.o)
 .comment       0x00000000       0x71 .\CortexM0\ARM_GCC_484\Debug\SCB_I2cCommSlave02.a(I2CS_I2C_SLAVE.o)
 .comment       0x00000000       0x71 .\CortexM0\ARM_GCC_484\Debug\SCB_I2cCommSlave02.a(CyLib.o)
 .comment       0x00000000       0x71 .\CortexM0\ARM_GCC_484\Debug\SCB_I2cCommSlave02.a(CyLFClk.o)
 .comment       0x00000000       0x71 .\CortexM0\ARM_GCC_484\Debug\SCB_I2cCommSlave02.a(I2CS_I2C_INT.o)
 .comment       0x00000000       0x71 .\CortexM0\ARM_GCC_484\Debug\SCB_I2cCommSlave02.a(CyFlash.o)

.debug_weaknames
 *(.debug_weaknames)

.debug_funcnames
 *(.debug_funcnames)

.debug_typenames
 *(.debug_typenames)

.debug_varnames
 *(.debug_varnames)

.note.gnu.arm.ident
 *(.note.gnu.arm.ident)

.ARM.attributes
                0x00000000       0x28
 *(.ARM.attributes)
 .ARM.attributes
                0x00000000       0x1e c:/program files (x86)/cypress/psoc creator/3.2/psoc creator/import/gnu/arm/4.8.4/bin/../lib/gcc/arm-none-eabi/4.8.4/armv6-m/crti.o
 .ARM.attributes
                0x0000001e       0x2c c:/program files (x86)/cypress/psoc creator/3.2/psoc creator/import/gnu/arm/4.8.4/bin/../lib/gcc/arm-none-eabi/4.8.4/armv6-m/crtbegin.o
 .ARM.attributes
                0x0000004a       0x1b c:/program files (x86)/cypress/psoc creator/3.2/psoc creator/import/gnu/arm/4.8.4/bin/../lib/gcc/arm-none-eabi/4.8.4/../../../../arm-none-eabi/lib/armv6-m/crt0.o
 .ARM.attributes
                0x00000065       0x31 .\CortexM0\ARM_GCC_484\Debug\main.o
 .ARM.attributes
                0x00000096       0x31 .\CortexM0\ARM_GCC_484\Debug\cymetadata.o
 .ARM.attributes
                0x000000c7       0x31 .\CortexM0\ARM_GCC_484\Debug\Cm0Start.o
 .ARM.attributes
                0x000000f8       0x31 .\CortexM0\ARM_GCC_484\Debug\SCB_I2cCommSlave02.a(cyfitter_cfg.o)
 .ARM.attributes
                0x00000129       0x31 .\CortexM0\ARM_GCC_484\Debug\SCB_I2cCommSlave02.a(LED_RED.o)
 .ARM.attributes
                0x0000015a       0x31 .\CortexM0\ARM_GCC_484\Debug\SCB_I2cCommSlave02.a(LED_GREEN.o)
 .ARM.attributes
                0x0000018b       0x31 .\CortexM0\ARM_GCC_484\Debug\SCB_I2cCommSlave02.a(LED_BLUE.o)
 .ARM.attributes
                0x000001bc       0x31 .\CortexM0\ARM_GCC_484\Debug\SCB_I2cCommSlave02.a(I2CS.o)
 .ARM.attributes
                0x000001ed       0x31 .\CortexM0\ARM_GCC_484\Debug\SCB_I2cCommSlave02.a(I2CS_I2C.o)
 .ARM.attributes
                0x0000021e       0x31 .\CortexM0\ARM_GCC_484\Debug\SCB_I2cCommSlave02.a(I2CS_I2C_SLAVE.o)
 .ARM.attributes
                0x0000024f       0x31 .\CortexM0\ARM_GCC_484\Debug\SCB_I2cCommSlave02.a(CyLib.o)
 .ARM.attributes
                0x00000280       0x31 .\CortexM0\ARM_GCC_484\Debug\SCB_I2cCommSlave02.a(CyLFClk.o)
 .ARM.attributes
                0x000002b1       0x31 .\CortexM0\ARM_GCC_484\Debug\SCB_I2cCommSlave02.a(I2CS_I2C_INT.o)
 .ARM.attributes
                0x000002e2       0x21 .\CortexM0\ARM_GCC_484\Debug\SCB_I2cCommSlave02.a(CyBootAsmGnu.o)
 .ARM.attributes
                0x00000303       0x31 .\CortexM0\ARM_GCC_484\Debug\SCB_I2cCommSlave02.a(CyFlash.o)
 .ARM.attributes
                0x00000334       0x1e c:/program files (x86)/cypress/psoc creator/3.2/psoc creator/import/gnu/arm/4.8.4/bin/../lib/gcc/arm-none-eabi/4.8.4/armv6-m\libgcc.a(_udivsi3.o)
 .ARM.attributes
                0x00000352       0x1e c:/program files (x86)/cypress/psoc creator/3.2/psoc creator/import/gnu/arm/4.8.4/bin/../lib/gcc/arm-none-eabi/4.8.4/armv6-m\libgcc.a(_dvmd_tls.o)
 .ARM.attributes
                0x00000370       0x2c c:/program files (x86)/cypress/psoc creator/3.2/psoc creator/import/gnu/arm/4.8.4/bin/../lib/gcc/arm-none-eabi/4.8.4/../../../../arm-none-eabi/lib/armv6-m\libg_s.a(lib_a-errno.o)
 .ARM.attributes
                0x0000039c       0x2c c:/program files (x86)/cypress/psoc creator/3.2/psoc creator/import/gnu/arm/4.8.4/bin/../lib/gcc/arm-none-eabi/4.8.4/../../../../arm-none-eabi/lib/armv6-m\libg_s.a(lib_a-exit.o)
 .ARM.attributes
                0x000003c8       0x2c c:/program files (x86)/cypress/psoc creator/3.2/psoc creator/import/gnu/arm/4.8.4/bin/../lib/gcc/arm-none-eabi/4.8.4/../../../../arm-none-eabi/lib/armv6-m\libg_s.a(lib_a-impure.o)
 .ARM.attributes
                0x000003f4       0x2c c:/program files (x86)/cypress/psoc creator/3.2/psoc creator/import/gnu/arm/4.8.4/bin/../lib/gcc/arm-none-eabi/4.8.4/../../../../arm-none-eabi/lib/armv6-m\libg_s.a(lib_a-init.o)
 .ARM.attributes
                0x00000420       0x2c c:/program files (x86)/cypress/psoc creator/3.2/psoc creator/import/gnu/arm/4.8.4/bin/../lib/gcc/arm-none-eabi/4.8.4/../../../../arm-none-eabi/lib/armv6-m\libg_s.a(lib_a-memcpy-stub.o)
 .ARM.attributes
                0x0000044c       0x2c c:/program files (x86)/cypress/psoc creator/3.2/psoc creator/import/gnu/arm/4.8.4/bin/../lib/gcc/arm-none-eabi/4.8.4/../../../../arm-none-eabi/lib/armv6-m\libg_s.a(lib_a-memset.o)
 .ARM.attributes
                0x00000478       0x2c c:/program files (x86)/cypress/psoc creator/3.2/psoc creator/import/gnu/arm/4.8.4/bin/../lib/gcc/arm-none-eabi/4.8.4/armv6-m/crtend.o
 .ARM.attributes
                0x000004a4       0x1e c:/program files (x86)/cypress/psoc creator/3.2/psoc creator/import/gnu/arm/4.8.4/bin/../lib/gcc/arm-none-eabi/4.8.4/armv6-m/crtn.o

/DISCARD/
 *(.note.GNU-stack)
OUTPUT(.\CortexM0\ARM_GCC_484\Debug\SCB_I2cCommSlave02.elf elf32-littlearm)
